int logctl_get(): open '/dev/hwlog_switch' fail -1, 13. Permission denied

Note: log switch off, only log_main and log_events will have logs!
--------- beginning of main
12-17 11:30:00.972 W/System.err( 2371): 	at android.content.ContextWrapper.enforceCallingOrSelfPermission(ContextWrapper.java:675)
12-17 11:30:00.972 W/System.err( 2371): 	at android.content.ContextWrapper.enforceCallingOrSelfPermission(ContextWrapper.java:675)
12-17 11:30:00.972 W/System.err( 2371): 	at com.android.phone.PhoneInterfaceManager.enforceFineOrCoarseLocationPermission(PhoneInterfaceManager.java:1874)
12-17 11:30:00.972 W/System.err( 2371): 	at com.android.phone.PhoneInterfaceManager.getAllCellInfoUsingSubId(PhoneInterfaceManager.java:1959)
12-17 11:30:00.972 W/System.err( 2371): 	at com.android.phone.PhoneInterfaceManager.getAllCellInfo(PhoneInterfaceManager.java:1955)
12-17 11:30:00.972 W/System.err( 2371): 	at com.android.internal.telephony.ITelephony$Stub.onTransact(ITelephony.java:732)
12-17 11:30:00.972 W/System.err( 2371): 	at android.os.Binder.execTransact(Binder.java:453)
12-17 11:30:00.984 I/gralloc (  328): Free handle(0x7fa9196500)
12-17 11:30:01.001 E/InputReader(  930): QEEXO fs_touch_up NULL, not calling FingerSense
12-17 11:30:01.017 I/gralloc (  328): Alloc req: dev=0x7fa8f82460, w=792, h=166, format=0x1, usage=0xb00
12-17 11:30:01.017 I/gralloc (  328): Alloc handle(0x7fa91bbf00): interfmt=0x1, stride=832, size=561152
12-17 11:30:01.018 I/gralloc (  328): Alloc req: dev=0x7fa8f82460, w=792, h=166, format=0x1, usage=0xb00
12-17 11:30:01.018 I/gralloc (  328): Alloc handle(0x7fa91bbd00): interfmt=0x1, stride=832, size=561152
12-17 11:30:01.018 I/gralloc (  328): Alloc req: dev=0x7fa8f82460, w=792, h=166, format=0x1, usage=0xb00
12-17 11:30:01.019 I/gralloc (  328): Alloc handle(0x7fa91bd600): interfmt=0x1, stride=832, size=561152
12-17 11:30:01.041 I/MtaSDK  (30687): [StatService(38312): null:-1] - sendFailedCount=0
12-17 11:30:01.041 I/MtaSDK  (30687): [StatService(38312): null:-1] - strategy=INSTANT
12-17 11:30:01.041 I/MID     (30687): [StatService(38312): null:-1] - read mid from sharedPreferences， key=__MTA_DEVICE_INFO__1000001
12-17 11:30:01.047 I/MID     (30687): [StatService(38312): null:-1] - read mid from InternalStorage
12-17 11:30:01.049 W/MID     (30687): [StatService(38312): null:-1] - java.io.FileNotFoundException: /storage/emulated/0/Tencent/mta/.mid.txt1000001: open failed: ENOENT (No such file or directory)
12-17 11:30:01.050 I/MtaSDK  (30687): [StatDispatcher(38315): null:-1] - [http://pingma.qq.com:80/mstat/report/?index=1545016497]Send request(415bytes), content:[{"ky":"Aqc1101168116","et":1,"ui":"860128037085345","mc":"02:00:00:00:00:00","ut":1,"av":"7.553","midver":"3.61","ch":"play","mid":"c0129c4bf54127e749499a302780ad48aa1cd47d","idx":9037,"si":1255344370,"ts":1545017401,"dts":0,"os":1,"pcn":"com.eclite.activity","ov":"23","md":"NEM-TL00H","jb":0,"mf":"HUAWEI","ifg":1,"pi":"com.eclite.biz.customer.CustomerActivity","rf":"com.eclite.activity.SignInActivity","du":1}]
12-17 11:30:01.054 I/System.out(30687): onRestart
12-17 11:30:01.056 I/MtaSDK  (30687): [main(1): null:-1] - still foreground
12-17 11:30:01.056 I/System.out(30687): onResume
12-17 11:30:01.059 I/MtaSDK  (30687): [StatDispatcher(38315): null:-1] - http recv response status code:200, content length:9
12-17 11:30:01.059 I/MtaSDK  (30687): [StatDispatcher(38315): null:-1] - http get response data:{"ret":0}
12-17 11:30:01.077 I/gralloc (  328): Alloc req: dev=0x7fa8f82460, w=1080, h=1920, format=0x1, usage=0xb00
12-17 11:30:01.083 I/gralloc (  328): Alloc handle(0x7fa9195600): interfmt=0x200000001, stride=1088, size=8486912
12-17 11:30:01.083 I/gralloc (  328): Alloc req: dev=0x7fa8f82460, w=1080, h=1920, format=0x1, usage=0xb00
12-17 11:30:01.091 I/gralloc (  328): Alloc handle(0x7fa09f8300): interfmt=0x200000001, stride=1088, size=8486912
12-17 11:30:01.091 I/gralloc (  328): Alloc req: dev=0x7fa8f82460, w=1080, h=1920, format=0x1, usage=0xb00
12-17 11:30:01.097 I/gralloc (  328): Alloc handle(0x7fa09f8600): interfmt=0x200000001, stride=1088, size=8486912
12-17 11:30:01.134 I/gralloc (  328): Free handle(0x7fa9195400)
12-17 11:30:01.142 I/art     (30687): Starting a blocking GC Explicit
12-17 11:30:01.146 I/gralloc (  328): Free handle(0x7fa9195200)
12-17 11:30:01.167 E/InputReader(  930): QEEXO fs_classify_touch NULL, not calling FingerSense
12-17 11:30:01.207 E/InputReader(  930): QEEXO fs_touch_up NULL, not calling FingerSense
12-17 11:30:01.263 I/gralloc (  328): Free handle(0x7fa9196700)
12-17 11:30:01.264 I/gralloc (  328): Free handle(0x7fa9195800)
12-17 11:30:01.275 I/art     (30687): Explicit concurrent mark sweep GC freed 38513(2MB) AllocSpace objects, 25(564KB) LOS objects, 6% free, 55MB/59MB, paused 2.486ms total 133.031ms at main thread CareAboutPauseTimes 1
12-17 11:30:01.278 I/art     (30687): Starting a blocking GC Explicit
12-17 11:30:01.399 I/art     (30687): Explicit concurrent mark sweep GC freed 1639(109KB) AllocSpace objects, 0(0B) LOS objects, 6% free, 55MB/59MB, paused 2.516ms total 120.808ms at main thread CareAboutPauseTimes 1
12-17 11:30:01.399 I/art     (30687): Starting a blocking GC Explicit
12-17 11:30:01.446 I/gralloc (  328): Free handle(0x7fa9196000)
12-17 11:30:01.490 W/System.err( 2371): java.lang.SecurityException: getAllCellInfo: Neither user 10165 nor current process has android.permission.ACCESS_COARSE_LOCATION.
12-17 11:30:01.490 W/System.err( 2371): 	at android.app.ContextImpl.enforce(ContextImpl.java:1599)
12-17 11:30:01.490 W/System.err( 2371): 	at android.app.ContextImpl.enforceCallingOrSelfPermission(ContextImpl.java:1631)
12-17 11:30:01.490 W/System.err( 2371): 	at android.content.ContextWrapper.enforceCallingOrSelfPermission(ContextWrapper.java:675)
12-17 11:30:01.490 W/System.err( 2371): 	at android.content.ContextWrapper.enforceCallingOrSelfPermission(ContextWrapper.java:675)
12-17 11:30:01.490 W/System.err( 2371): 	at com.android.phone.PhoneInterfaceManager.enforceFineOrCoarseLocationPermission(PhoneInterfaceManager.java:1874)
12-17 11:30:01.490 W/System.err( 2371): 	at com.android.phone.PhoneInterfaceManager.getAllCellInfoUsingSubId(PhoneInterfaceManager.java:1959)
12-17 11:30:01.490 W/System.err( 2371): 	at com.android.phone.PhoneInterfaceManager.getAllCellInfo(PhoneInterfaceManager.java:1955)
12-17 11:30:01.490 W/System.err( 2371): 	at com.android.internal.telephony.ITelephony$Stub.onTransact(ITelephony.java:732)
12-17 11:30:01.490 W/System.err( 2371): 	at android.os.Binder.execTransact(Binder.java:453)
12-17 11:30:01.501 I/InputDispatcher(  930): touch process [30687], send to pg
12-17 11:30:01.527 I/art     (30687): Explicit concurrent mark sweep GC freed 708(129KB) AllocSpace objects, 0(0B) LOS objects, 6% free, 55MB/59MB, paused 5.002ms total 127.411ms at main thread CareAboutPauseTimes 1
12-17 11:30:01.550 E/WifiService(  930): Permission denial: Need ACCESS_COARSE_LOCATION or ACCESS_FINE_LOCATION permission to get scan results
12-17 11:30:01.564 E/StrictMode(30687): class com.eclite.biz.customer.CustomerActivity; instances=2; limit=1
12-17 11:30:01.564 E/StrictMode(30687): android.os.StrictMode$InstanceCountViolation: class com.eclite.biz.customer.CustomerActivity; instances=2; limit=1
12-17 11:30:01.564 E/StrictMode(30687): 	at android.os.StrictMode.setClassInstanceLimit(StrictMode.java:1)
12-17 11:30:01.572 E/WifiService(  930): Permission denial: Need ACCESS_COARSE_LOCATION or ACCESS_FINE_LOCATION permission to get scan results
12-17 11:30:01.578 I/System.out(30687): onStop
12-17 11:30:01.601 E/Thermal-daemon(  464): [Thermal_Hw] temperature_valid, battery : temperature is invalid, invalid temperatrue is 30
12-17 11:30:01.601 E/Thermal-daemon(  464): [Thermal_Hw] temperature_filter: get invalid temperature, use old temp
12-17 11:30:01.612 I/MtaSDK  (30687): [StatService(38312): null:-1] - sendFailedCount=0
12-17 11:30:01.612 I/MtaSDK  (30687): [StatService(38312): null:-1] - strategy=INSTANT
12-17 11:30:01.613 I/MID     (30687): [StatService(38312): null:-1] - read mid from sharedPreferences， key=__MTA_DEVICE_INFO__1000001
12-17 11:30:01.614 I/System  (30687): core_booster, getBoosterConfig = false
12-17 11:30:01.619 I/MID     (30687): [StatService(38312): null:-1] - read mid from InternalStorage
12-17 11:30:01.622 W/MID     (30687): [StatService(38312): null:-1] - java.io.FileNotFoundException: /storage/emulated/0/Tencent/mta/.mid.txt1000001: open failed: ENOENT (No such file or directory)
12-17 11:30:01.623 I/MtaSDK  (30687): [StatDispatcher(38315): null:-1] - [http://pingma.qq.com:80/mstat/report/?index=1545016498]Send request(421bytes), content:[{"ky":"Aqc1101168116","et":1,"ui":"860128037085345","mc":"02:00:00:00:00:00","ut":1,"av":"7.553","midver":"3.61","ch":"play","mid":"c0129c4bf54127e749499a302780ad48aa1cd47d","idx":9038,"si":1255344370,"ts":1545017401,"dts":0,"os":1,"pcn":"com.eclite.activity","ov":"23","md":"NEM-TL00H","jb":0,"mf":"HUAWEI","ifg":1,"pi":"com.eclitex.biz.ecmain.view.MainActivity","rf":"com.eclite.biz.customer.CustomerActivity","du":1}]
12-17 11:30:01.630 I/System  (30687): core_booster, getBoosterConfig = false
12-17 11:30:01.632 I/MtaSDK  (30687): [StatDispatcher(38315): null:-1] - http recv response status code:200, content length:9
12-17 11:30:01.632 I/MtaSDK  (30687): [StatDispatcher(38315): null:-1] - http get response data:{"ret":0}
12-17 11:30:01.640 E/DiskLruCacheHelper(30687): not find entry , or entry.readable = false
12-17 11:30:01.698 I/TrafficMonitor(  930): update:rxPkts:33,txPkts:40,rxBytes:9284,txBytes:8869
12-17 11:30:01.698 I/TrafficMonitor(  930): start expired. level:-1
12-17 11:30:01.698 I/TrafficMonitor(  930): gettimer:interval=2000
12-17 11:30:01.828 I/art     (30687): Background sticky concurrent mark sweep GC freed 55029(3MB) AllocSpace objects, 10(200KB) LOS objects, 3% free, 57MB/59MB, paused 5.653ms total 74.434ms at HeapTaskDaemon thread CareAboutPauseTimes 1
12-17 11:30:01.877 I/System  (30687): core_booster, getBoosterConfig = false
12-17 11:30:01.892 I/MtaSDK  (30687): [main(1): null:-1] - still foreground
12-17 11:30:01.899 E/InputReader(  930): QEEXO fs_classify_touch NULL, not calling FingerSense
12-17 11:30:01.904 I/System  (30687): core_booster, getBoosterConfig = false
12-17 11:30:01.934 I/gralloc (  328): Alloc req: dev=0x7fa8f82460, w=1080, h=1920, format=0x1, usage=0xb00
12-17 11:30:01.940 I/gralloc (  328): Alloc handle(0x7fa9196c00): interfmt=0x200000001, stride=1088, size=8486912
12-17 11:30:01.940 I/gralloc (  328): Alloc req: dev=0x7fa8f82460, w=1080, h=1920, format=0x1, usage=0xb00
12-17 11:30:01.945 I/gralloc (  328): Alloc handle(0x7fa5ffe300): interfmt=0x200000001, stride=1088, size=8486912
12-17 11:30:01.947 I/gralloc (  328): Alloc req: dev=0x7fa8f82460, w=1080, h=1920, format=0x1, usage=0xb00
12-17 11:30:01.952 I/gralloc (  328): Alloc handle(0x7fa9196f00): interfmt=0x200000001, stride=1088, size=8486912
12-17 11:30:01.965 E/InputReader(  930): QEEXO fs_touch_up NULL, not calling FingerSense
12-17 11:30:02.046 E/DiskLruCacheHelper(30687): not find entry , or entry.readable = false
12-17 11:30:02.121 E/DiskLruCacheHelper(30687): not find entry , or entry.readable = false
12-17 11:30:02.174 I/art     (30687): Background partial concurrent mark sweep GC freed 84144(4MB) AllocSpace objects, 44(996KB) LOS objects, 6% free, 56MB/60MB, paused 3.873ms total 160.500ms at HeapTaskDaemon thread CareAboutPauseTimes 1
12-17 11:30:02.267 I/ActivityManager(  930): Displayed com.eclite.activity/com.eclite.biz.customer.CustomerActivity: +654ms (total +2s380ms)
12-17 11:30:02.308 I/MtaSDK  (30687): [StatService(38312): null:-1] - sendFailedCount=0
12-17 11:30:02.308 I/MtaSDK  (30687): [StatService(38312): null:-1] - strategy=INSTANT
12-17 11:30:02.309 I/MID     (30687): [StatService(38312): null:-1] - read mid from sharedPreferences， key=__MTA_DEVICE_INFO__1000001
12-17 11:30:02.313 I/MID     (30687): [StatService(38312): null:-1] - read mid from InternalStorage
12-17 11:30:02.316 W/MID     (30687): [StatService(38312): null:-1] - java.io.FileNotFoundException: /storage/emulated/0/Tencent/mta/.mid.txt1000001: open failed: ENOENT (No such file or directory)
12-17 11:30:02.317 I/MtaSDK  (30687): [StatDispatcher(38315): null:-1] - [http://pingma.qq.com:80/mstat/report/?index=1545016499]Send request(421bytes), content:[{"ky":"Aqc1101168116","et":1,"ui":"860128037085345","mc":"02:00:00:00:00:00","ut":1,"av":"7.553","midver":"3.61","ch":"play","mid":"c0129c4bf54127e749499a302780ad48aa1cd47d","idx":9039,"si":1255344370,"ts":1545017402,"dts":0,"os":1,"pcn":"com.eclite.activity","ov":"23","md":"NEM-TL00H","jb":0,"mf":"HUAWEI","ifg":1,"pi":"com.eclite.biz.customer.CustomerActivity","rf":"com.eclitex.biz.ecmain.view.MainActivity","du":1}]
12-17 11:30:02.323 I/gralloc (  328): Free handle(0x7fa9195600)
12-17 11:30:02.323 I/gralloc (  328): Free handle(0x7fa09f8300)
12-17 11:30:02.326 I/MtaSDK  (30687): [StatDispatcher(38315): null:-1] - http recv response status code:200, content length:9
12-17 11:30:02.327 I/MtaSDK  (30687): [StatDispatcher(38315): null:-1] - http get response data:{"ret":0}
12-17 11:30:02.362 E/InputReader(  930): QEEXO fs_classify_touch NULL, not calling FingerSense
12-17 11:30:02.362 I/InputDispatcher(  930): Dropping event because there is no touchable window at (135, 104).
12-17 11:30:02.411 E/InputReader(  930): QEEXO fs_touch_up NULL, not calling FingerSense
12-17 11:30:02.460 I/MtaSDK  (30687): [main(1): null:-1] - still foreground
12-17 11:30:02.460 I/System.out(30687): onResume
12-17 11:30:02.563 I/InputDispatcher(  930): Dropping event because there is no touchable window at (570, 147).
12-17 11:30:02.607 W/InputMethodManager(30687): Current bind isn't success!
12-17 11:30:02.615 I/gralloc (  328): Alloc req: dev=0x7fa8f82460, w=1080, h=1920, format=0x1, usage=0xb00
12-17 11:30:02.619 I/gralloc (  328): Free handle(0x7fa9196c00)
12-17 11:30:02.621 I/gralloc (  328): Free handle(0x7fa9196f00)
12-17 11:30:02.621 I/gralloc (  328): Alloc handle(0x7fa09f8800): interfmt=0x200000001, stride=1088, size=8486912
12-17 11:30:02.621 I/gralloc (  328): Alloc req: dev=0x7fa8f82460, w=1080, h=1920, format=0x1, usage=0xb00
12-17 11:30:02.627 I/gralloc (  328): Alloc handle(0x7fa09f8a00): interfmt=0x200000001, stride=1088, size=8486912
12-17 11:30:02.627 I/gralloc (  328): Alloc req: dev=0x7fa8f82460, w=1080, h=1920, format=0x1, usage=0xb00
12-17 11:30:02.633 I/gralloc (  328): Alloc handle(0x7fa09f8b00): interfmt=0x200000001, stride=1088, size=8486912
12-17 11:30:02.654 I/gralloc (  328): Free handle(0x7fa5ffe300)
12-17 11:30:02.661 I/art     (30687): Starting a blocking GC Explicit
12-17 11:30:02.794 I/art     (30687): Explicit concurrent mark sweep GC freed 44620(2MB) AllocSpace objects, 5(176KB) LOS objects, 6% free, 56MB/60MB, paused 2.430ms total 132.772ms at main thread CareAboutPauseTimes 1
12-17 11:30:02.796 I/gralloc (  328): Free handle(0x7fa09f8600)
12-17 11:30:02.803 I/art     (30687): Starting a blocking GC Explicit
12-17 11:30:02.900 E/WifiConfigStore(  930): updateConfiguration freq=2412 BSSID=02:19:3b:10:eb:32 RSSI=-50 "ec@work"WPA_PSK
12-17 11:30:02.901 I/QosMonitor(  930): queryRtt: rtt_type = 3
12-17 11:30:02.901 I/WifiProJNI(  930): ######### GET RTT:3 ########
12-17 11:30:02.901 I/QosMonitor(  930): postEventFromNative: msg=100,arg1=4,arg2=9
12-17 11:30:02.901 W/WifiProJNI(  930): poll before: g_monitor_fd =178
12-17 11:30:02.901 I/HuaweiWifiWatchdogStateMachine(  930): spd good count:0, add sc:0.0, rate:1.0
12-17 11:30:02.901 I/QosMonitor(  930): resetRtt: rtt_type = 3
12-17 11:30:02.901 I/WifiProJNI(  930): ######### RESET RTT:3 ########
12-17 11:30:02.901 I/HuaweiWifiWatchdogStateMachine(  930): current mHighDataFlowRate = 1.0
12-17 11:30:02.902 I/HuaweiWifiWatchdogStateMachine(  930): POta txb txg rxg:0, 377, 0. Lr =0% Totpkt=377
12-17 11:30:02.902 I/WifiProJNI(  930): ######### CMD_QUERY_PKTS ########
12-17 11:30:02.902 I/QosMonitor(  930): postEventFromNative: msg=100,arg1=0,arg2=9
12-17 11:30:02.902 W/WifiProJNI(  930): poll before: g_monitor_fd =178
12-17 11:30:02.904 I/HuaweiWifiWatchdogStateMachine(  930): PTcp RTT:260, rtt pkt=54, tcp_rx=519, tcp_tx=428, tcp_reTran=1, rtRate=0
12-17 11:30:02.904 I/HuaweiWifiWatchdogStateMachine(  930):  pkt chk not bad, reset sc to 0.
12-17 11:30:02.904 I/HuaweiWifiWatchdogStateMachine(  930): net speed good
12-17 11:30:02.922 I/art     (30687): Explicit concurrent mark sweep GC freed 8142(609KB) AllocSpace objects, 0(0B) LOS objects, 6% free, 55MB/59MB, paused 2.428ms total 118.323ms at main thread CareAboutPauseTimes 1
12-17 11:30:02.922 I/art     (30687): Starting a blocking GC Explicit
12-17 11:30:03.038 I/art     (30687): Explicit concurrent mark sweep GC freed 3(96B) AllocSpace objects, 0(0B) LOS objects, 6% free, 55MB/59MB, paused 2.395ms total 115.371ms at main thread CareAboutPauseTimes 1
12-17 11:30:03.073 E/StrictMode(30687): class com.eclite.biz.customer.CustomerActivity; instances=2; limit=1
12-17 11:30:03.073 E/StrictMode(30687): android.os.StrictMode$InstanceCountViolation: class com.eclite.biz.customer.CustomerActivity; instances=2; limit=1
12-17 11:30:03.073 E/StrictMode(30687): 	at android.os.StrictMode.setClassInstanceLimit(StrictMode.java:1)
12-17 11:30:03.079 I/gralloc (  328): Free handle(0x7fa91bbf00)
12-17 11:30:03.080 I/gralloc (  328): Free handle(0x7fa91bd600)
12-17 11:30:03.629 I/gralloc (  328): Free handle(0x7fa91bbd00)
12-17 11:30:03.699 I/TrafficMonitor(  930): update:rxPkts:69,txPkts:54,rxBytes:51950,txBytes:4559
12-17 11:30:03.699 I/TrafficMonitor(  930): no expired. level:3
12-17 11:30:03.699 I/TrafficMonitor(  930): gettimer:interval=2000
12-17 11:30:03.699 I/TrafficMonitor(  930): during_ms:2001,period_ms:2000
12-17 11:30:03.699 I/TrafficMonitor(  930): count:493,rx_sum:69,tx_sum:54,rxBytes:51950,during_ms:2001,rx_speed:25962.01899050475,tx_speed:2278.360819590205,rto:1.2777777777777777
12-17 11:30:03.745 E/WifiConfigStore(  930): updateConfiguration freq=2412 BSSID=02:19:3b:10:eb:32 RSSI=-50 "ec@work"WPA_PSK
12-17 11:30:04.965 E/HwCHRWifiRSSIGroupSummery(  930): updatArpSummery mRSSI:-50  HwCHRWifiRSSIGroup [rssi_index=4, rtt_tcp_packets=0, rtt_tcp_duration=0, rtt_lan_duration=790, rtt_lan_failures=0, rtt_lan_succ=34, rtt_lan_max=119, rtt_lan_min=5]
12-17 11:30:05.700 I/TrafficMonitor(  930): update:rxPkts:1,txPkts:0,rxBytes:76,txBytes:0
12-17 11:30:05.700 I/TrafficMonitor(  930): start expired. level:-1
12-17 11:30:05.700 I/TrafficMonitor(  930): gettimer:interval=2000
12-17 11:30:05.810 I/MtaSDK  (30687): [StatService(38312): null:-1] - sendFailedCount=0
12-17 11:30:05.810 I/MtaSDK  (30687): [StatService(38312): null:-1] - strategy=INSTANT
12-17 11:30:05.811 I/MID     (30687): [StatService(38312): null:-1] - read mid from sharedPreferences， key=__MTA_DEVICE_INFO__1000001
12-17 11:30:05.815 I/MID     (30687): [StatService(38312): null:-1] - read mid from InternalStorage
12-17 11:30:05.818 W/MID     (30687): [StatService(38312): null:-1] - java.io.FileNotFoundException: /storage/emulated/0/Tencent/mta/.mid.txt1000001: open failed: ENOENT (No such file or directory)
12-17 11:30:05.819 I/MtaSDK  (30687): [StatDispatcher(38315): null:-1] - [http://pingma.qq.com:80/mstat/report/?index=1545016500]Send request(421bytes), content:[{"ky":"Aqc1101168116","et":1,"ui":"860128037085345","mc":"02:00:00:00:00:00","ut":1,"av":"7.553","midver":"3.61","ch":"play","mid":"c0129c4bf54127e749499a302780ad48aa1cd47d","idx":9040,"si":1255344370,"ts":1545017405,"dts":0,"os":1,"pcn":"com.eclite.activity","ov":"23","md":"NEM-TL00H","jb":0,"mf":"HUAWEI","ifg":1,"pi":"com.eclitex.biz.ecmain.view.MainActivity","rf":"com.eclite.biz.customer.CustomerActivity","du":3}]
12-17 11:30:05.828 I/MtaSDK  (30687): [StatDispatcher(38315): null:-1] - http recv response status code:200, content length:9
12-17 11:30:05.828 I/MtaSDK  (30687): [StatDispatcher(38315): null:-1] - http get response data:{"ret":0}
12-17 11:30:05.993 I/MtaSDK  (30687): [main(1): null:-1] - still foreground
12-17 11:30:05.993 I/System.out(30687): onResume
12-17 11:30:06.015 I/gralloc (  328): Alloc req: dev=0x7fa8f82460, w=475, h=190, format=0x1, usage=0xb00
12-17 11:30:06.016 I/gralloc (  328): Alloc handle(0x7fa91bd600): interfmt=0x1, stride=512, size=393216
12-17 11:30:06.016 I/gralloc (  328): Alloc req: dev=0x7fa8f82460, w=475, h=190, format=0x1, usage=0xb00
12-17 11:30:06.016 I/gralloc (  328): Alloc handle(0x7fa91bbf00): interfmt=0x1, stride=512, size=393216
12-17 11:30:06.016 I/gralloc (  328): Alloc req: dev=0x7fa8f82460, w=475, h=190, format=0x1, usage=0xb00
12-17 11:30:06.017 I/gralloc (  328): Alloc handle(0x7fa9195400): interfmt=0x1, stride=512, size=393216
12-17 11:30:06.048 I/gralloc (  328): Alloc req: dev=0x7fa8f82460, w=1080, h=1920, format=0x1, usage=0xb00
12-17 11:30:06.054 I/gralloc (  328): Alloc handle(0x7fa9188700): interfmt=0x200000001, stride=1088, size=8486912
12-17 11:30:06.054 I/gralloc (  328): Alloc req: dev=0x7fa8f82460, w=1080, h=1920, format=0x1, usage=0xb00
12-17 11:30:06.060 I/gralloc (  328): Alloc handle(0x7fa9195900): interfmt=0x200000001, stride=1088, size=8486912
12-17 11:30:06.060 I/gralloc (  328): Alloc req: dev=0x7fa8f82460, w=1080, h=1920, format=0x1, usage=0xb00
12-17 11:30:06.066 I/gralloc (  328): Alloc handle(0x7fa9195d00): interfmt=0x200000001, stride=1088, size=8486912
12-17 11:30:06.085 I/ActivityManager(  930): Displayed com.eclite.activity/.SmsAssistActivity: +274ms
12-17 11:30:06.119 I/gralloc (  328): Free handle(0x7fa91bbf00)
12-17 11:30:06.119 I/gralloc (  328): Free handle(0x7fa9195400)
12-17 11:30:06.129 I/gralloc (  328): Free handle(0x7fa09f8800)
12-17 11:30:06.129 I/gralloc (  328): Free handle(0x7fa09f8b00)
12-17 11:30:06.162 W/hwcomposer(  328): ScfCanHandle:249: layer use scf but not satisfy scf 16*16(input) or 16*16(output)
12-17 11:30:06.404 I/gralloc (  328): Free handle(0x7fa91bd600)
12-17 11:30:06.413 I/System.out(30687): onStop
12-17 11:30:06.420 I/gralloc (  328): Free handle(0x7fa09f8a00)
12-17 11:30:06.603 E/Thermal-daemon(  464): [Thermal_Hw] temperature_valid, battery : temperature is invalid, invalid temperatrue is 30
12-17 11:30:06.603 E/Thermal-daemon(  464): [Thermal_Hw] temperature_filter: get invalid temperature, use old temp
12-17 11:30:06.604 E/Thermal-daemon(  464): [ap] temp_new :34  temp_old :33
12-17 11:30:06.604 E/Thermal-daemon(  464): Report temperature: [ap] temp :34  report_threshold:1
12-17 11:30:06.609 I/InputDispatcher(  930): touch process [30687], send to pg
12-17 11:30:06.752 E/WifiConfigStore(  930): updateConfiguration freq=2412 BSSID=02:19:3b:10:eb:32 RSSI=-50 "ec@work"WPA_PSK
12-17 11:30:07.037 E/InputReader(  930): QEEXO fs_classify_touch NULL, not calling FingerSense
12-17 11:30:07.161 E/InputReader(  930): QEEXO fs_touch_up NULL, not calling FingerSense
12-17 11:30:07.174 I/MtaSDK  (30687): [StatService(38312): null:-1] - sendFailedCount=0
12-17 11:30:07.174 I/MtaSDK  (30687): [StatService(38312): null:-1] - strategy=INSTANT
12-17 11:30:07.175 I/MID     (30687): [StatService(38312): null:-1] - read mid from sharedPreferences， key=__MTA_DEVICE_INFO__1000001
12-17 11:30:07.181 I/MID     (30687): [StatService(38312): null:-1] - read mid from InternalStorage
12-17 11:30:07.184 W/MID     (30687): [StatService(38312): null:-1] - java.io.FileNotFoundException: /storage/emulated/0/Tencent/mta/.mid.txt1000001: open failed: ENOENT (No such file or directory)
12-17 11:30:07.185 I/MtaSDK  (30687): [StatDispatcher(38315): null:-1] - [http://pingma.qq.com:80/mstat/report/?index=1545016501]Send request(418bytes), content:[{"ky":"Aqc1101168116","et":1,"ui":"860128037085345","mc":"02:00:00:00:00:00","ut":1,"av":"7.553","midver":"3.61","ch":"play","mid":"c0129c4bf54127e749499a302780ad48aa1cd47d","idx":9041,"si":1255344370,"ts":1545017407,"dts":0,"os":1,"pcn":"com.eclite.activity","ov":"23","md":"NEM-TL00H","jb":0,"mf":"HUAWEI","ifg":1,"pi":"com.eclite.activity.SmsAssistActivity","rf":"com.eclitex.biz.ecmain.view.MainActivity","du":1}]
12-17 11:30:07.190 I/System.out(30687): onRestart
12-17 11:30:07.194 I/MtaSDK  (30687): [main(1): null:-1] - still foreground
12-17 11:30:07.194 I/System.out(30687): onResume
12-17 11:30:07.200 I/MtaSDK  (30687): [StatDispatcher(38315): null:-1] - http recv response status code:200, content length:9
12-17 11:30:07.200 I/MtaSDK  (30687): [StatDispatcher(38315): null:-1] - http get response data:{"ret":0}
12-17 11:30:07.266 I/gralloc (  328): Alloc req: dev=0x7fa8f82460, w=1080, h=1920, format=0x1, usage=0xb00
12-17 11:30:07.272 I/gralloc (  328): Alloc handle(0x7fa9195100): interfmt=0x200000001, stride=1088, size=8486912
12-17 11:30:07.272 I/gralloc (  328): Alloc req: dev=0x7fa8f82460, w=1080, h=1920, format=0x1, usage=0xb00
12-17 11:30:07.278 I/gralloc (  328): Alloc handle(0x7fa9195300): interfmt=0x200000001, stride=1088, size=8486912
12-17 11:30:07.278 I/gralloc (  328): Alloc req: dev=0x7fa8f82460, w=1080, h=1920, format=0x1, usage=0xb00
12-17 11:30:07.286 I/gralloc (  328): Alloc handle(0x7fa9196200): interfmt=0x200000001, stride=1088, size=8486912
12-17 11:30:07.392 E/InputReader(  930): QEEXO fs_classify_touch NULL, not calling FingerSense
12-17 11:30:07.447 I/gralloc (  328): Free handle(0x7fa9195d00)
12-17 11:30:07.466 E/InputReader(  930): QEEXO fs_touch_up NULL, not calling FingerSense
12-17 11:30:07.701 I/TrafficMonitor(  930): update:rxPkts:9,txPkts:9,rxBytes:1677,txBytes:1724
12-17 11:30:07.701 I/TrafficMonitor(  930): start expired. level:-1
12-17 11:30:07.701 I/TrafficMonitor(  930): gettimer:interval=2000
12-17 11:30:07.763 I/System.out(30687): onStop
12-17 11:30:07.778 I/gralloc (  328): Free handle(0x7fa9195900)
12-17 11:30:07.778 I/gralloc (  328): Free handle(0x7fa9188700)
12-17 11:30:08.678 I/wpa_supplicant( 3531): wlan0: HEART-BEAT-ACK: 12705
12-17 11:30:08.678 W/WifiMonitor(  930): couldn't identify event type - HEART-BEAT-ACK: 12705
12-17 11:30:08.699 I/TrafficMonitor(  930): expired arrive. level:-1
12-17 11:30:08.699 I/TrafficMonitor(  930): during_ms:2001,period_ms:2000
12-17 11:30:08.699 I/TrafficMonitor(  930): count:495,rx_sum:9,tx_sum:9,rxBytes:1677,during_ms:2001,rx_speed:838.08095952024,tx_speed:861.5692153923039,rto:1.0
12-17 11:30:09.032 I/art     (30687): GC statistics: 1 time(s), freed 25108(1970KB) objects, paused 4.350ms total 51.654ms
12-17 11:30:09.032 I/art     (30687): Background partial concurrent mark sweep GC freed 31540(1927KB) AllocSpace objects, 2(104KB) LOS objects, 6% free, 58MB/62MB, paused 2.988ms total 145.486ms at HeapTaskDaemon thread CareAboutPauseTimes 1
12-17 11:30:09.703 I/TrafficMonitor(  930): update:rxPkts:3,txPkts:0,rxBytes:451,txBytes:0
12-17 11:30:09.703 I/TrafficMonitor(  930): start expired. level:-1
12-17 11:30:09.703 I/TrafficMonitor(  930): gettimer:interval=2000
12-17 11:30:09.762 E/WifiConfigStore(  930): updateConfiguration freq=2412 BSSID=02:19:3b:10:eb:32 RSSI=-50 "ec@work"WPA_PSK
12-17 11:30:10.902 E/WifiConfigStore(  930): updateConfiguration freq=2412 BSSID=02:19:3b:10:eb:32 RSSI=-50 "ec@work"WPA_PSK
12-17 11:30:10.903 I/QosMonitor(  930): queryRtt: rtt_type = 3
12-17 11:30:10.903 I/WifiProJNI(  930): ######### GET RTT:3 ########
12-17 11:30:10.903 I/QosMonitor(  930): postEventFromNative: msg=100,arg1=4,arg2=9
12-17 11:30:10.903 I/HuaweiWifiWatchdogStateMachine(  930): spd good count:0, add sc:0.0, rate:1.0
12-17 11:30:10.903 W/WifiProJNI(  930): poll before: g_monitor_fd =178
12-17 11:30:10.903 I/HuaweiWifiWatchdogStateMachine(  930): current mHighDataFlowRate = 1.0
12-17 11:30:10.903 I/HuaweiWifiWatchdogStateMachine(  930): POta txb txg rxg:0, 9, 0. Lr =0% Totpkt=9
12-17 11:30:10.903 I/QosMonitor(  930): resetRtt: rtt_type = 3
12-17 11:30:10.903 I/WifiProJNI(  930): ######### RESET RTT:3 ########
12-17 11:30:10.903 I/WifiProJNI(  930): ######### CMD_QUERY_PKTS ########
12-17 11:30:10.903 I/QosMonitor(  930): postEventFromNative: msg=100,arg1=0,arg2=9
12-17 11:30:10.903 W/WifiProJNI(  930): poll before: g_monitor_fd =178
12-17 11:30:10.905 I/HuaweiWifiWatchdogStateMachine(  930): PTcp RTT:270, rtt pkt=23, tcp_rx=6, tcp_tx=9, tcp_reTran=0, rtRate=0
12-17 11:30:10.905 I/HuaweiWifiWatchdogStateMachine(  930):  pkt chk not bad, reset sc to 0.
12-17 11:30:10.905 I/HuaweiWifiWatchdogStateMachine(  930): net speed good
12-17 11:30:10.905 I/HuaweiWifiWatchdogStateMachine(  930): judge good link######, goodLinkLevel=3
12-17 11:30:10.905 I/HuaweiWifiWatchdogStateMachine(  930): sendResultMsgToQM bssid:02:19:**:**:eb:32, qoslevel=3
12-17 11:30:10.905 I/HuaweiWifiWatchdogStateMachine(  930): link good reported, good base rssi:-45
12-17 11:30:11.604 E/Thermal-daemon(  464): [Thermal_Hw] temperature_valid, battery : temperature is invalid, invalid temperatrue is 30
12-17 11:30:11.605 E/Thermal-daemon(  464): [Thermal_Hw] temperature_filter: get invalid temperature, use old temp
12-17 11:30:11.606 E/Thermal-daemon(  464): [ap] temp_new :33  temp_old :34
12-17 11:30:11.606 E/Thermal-daemon(  464): Report temperature: [ap] temp :33  report_threshold:1
12-17 11:30:11.640 E/InputReader(  930): QEEXO fs_classify_touch NULL, not calling FingerSense
12-17 11:30:11.705 I/TrafficMonitor(  930): update:rxPkts:3,txPkts:0,rxBytes:666,txBytes:0
12-17 11:30:11.705 I/TrafficMonitor(  930): start expired. level:-1
12-17 11:30:11.705 I/TrafficMonitor(  930): gettimer:interval=2000
12-17 11:30:11.771 E/InputReader(  930): QEEXO fs_touch_up NULL, not calling FingerSense
12-17 11:30:12.746 I/MtaSDK  (30687): [StatService(38312): null:-1] - clear methodsCalledLimitMap, nextLimitCallClearTime=1545017422746
12-17 11:30:12.746 I/MtaSDK  (30687): [StatService(38312): null:-1] - sendFailedCount=0
12-17 11:30:12.746 I/MtaSDK  (30687): [StatService(38312): null:-1] - strategy=INSTANT
12-17 11:30:12.747 I/MID     (30687): [StatService(38312): null:-1] - read mid from sharedPreferences， key=__MTA_DEVICE_INFO__1000001
12-17 11:30:12.751 I/MID     (30687): [StatService(38312): null:-1] - read mid from InternalStorage
12-17 11:30:12.754 W/MID     (30687): [StatService(38312): null:-1] - java.io.FileNotFoundException: /storage/emulated/0/Tencent/mta/.mid.txt1000001: open failed: ENOENT (No such file or directory)
12-17 11:30:12.755 I/MtaSDK  (30687): [StatDispatcher(38315): null:-1] - [http://pingma.qq.com:80/mstat/report/?index=1545016502]Send request(418bytes), content:[{"ky":"Aqc1101168116","et":1,"ui":"860128037085345","mc":"02:00:00:00:00:00","ut":1,"av":"7.553","midver":"3.61","ch":"play","mid":"c0129c4bf54127e749499a302780ad48aa1cd47d","idx":9042,"si":1255344370,"ts":1545017412,"dts":0,"os":1,"pcn":"com.eclite.activity","ov":"23","md":"NEM-TL00H","jb":0,"mf":"HUAWEI","ifg":1,"pi":"com.eclitex.biz.ecmain.view.MainActivity","rf":"com.eclite.activity.SmsAssistActivity","du":5}]
12-17 11:30:12.766 E/WifiConfigStore(  930): updateConfiguration freq=2412 BSSID=02:19:3b:10:eb:32 RSSI=-51 "ec@work"WPA_PSK
12-17 11:30:12.776 I/InputDispatcher(  930): Dropping event because there is no touchable window at (847, 1147).
12-17 11:30:12.786 I/MtaSDK  (30687): [StatDispatcher(38315): null:-1] - http recv response status code:200, content length:9
12-17 11:30:12.786 I/MtaSDK  (30687): [StatDispatcher(38315): null:-1] - http get response data:{"ret":0}
12-17 11:30:12.845 I/art     (30687): Background sticky concurrent mark sweep GC freed 38113(2MB) AllocSpace objects, 2(284KB) LOS objects, 3% free, 59MB/62MB, paused 8.641ms total 55.188ms at HeapTaskDaemon thread CareAboutPauseTimes 1
12-17 11:30:12.878 I/MtaSDK  (30687): [main(1): null:-1] - still foreground
12-17 11:30:12.878 I/System.out(30687): onResume
12-17 11:30:12.897 I/gralloc (  328): Alloc req: dev=0x7fa8f82460, w=475, h=190, format=0x1, usage=0xb00
12-17 11:30:12.897 I/gralloc (  328): Alloc handle(0x7fa9196100): interfmt=0x1, stride=512, size=393216
12-17 11:30:12.898 I/gralloc (  328): Alloc req: dev=0x7fa8f82460, w=475, h=190, format=0x1, usage=0xb00
12-17 11:30:12.898 I/gralloc (  328): Alloc handle(0x7fa9188700): interfmt=0x1, stride=512, size=393216
12-17 11:30:12.898 I/gralloc (  328): Alloc req: dev=0x7fa8f82460, w=475, h=190, format=0x1, usage=0xb00
12-17 11:30:12.899 I/gralloc (  328): Alloc handle(0x7fa9195000): interfmt=0x1, stride=512, size=393216
12-17 11:30:12.913 I/gralloc (  328): Alloc req: dev=0x7fa8f82460, w=1080, h=1920, format=0x1, usage=0xb00
12-17 11:30:12.920 I/gralloc (  328): Alloc handle(0x7fa09f8d00): interfmt=0x200000001, stride=1088, size=8486912
12-17 11:30:12.920 I/gralloc (  328): Alloc req: dev=0x7fa8f82460, w=1080, h=1920, format=0x1, usage=0xb00
12-17 11:30:12.925 I/gralloc (  328): Alloc handle(0x7fa09f8600): interfmt=0x200000001, stride=1088, size=8486912
12-17 11:30:12.925 I/gralloc (  328): Alloc req: dev=0x7fa8f82460, w=1080, h=1920, format=0x1, usage=0xb00
12-17 11:30:12.932 I/gralloc (  328): Alloc handle(0x7fa09f8a00): interfmt=0x200000001, stride=1088, size=8486912
12-17 11:30:12.944 I/ActivityManager(  930): Displayed com.eclite.activity/.SmsAssistActivity: +197ms
12-17 11:30:12.954 I/gralloc (  328): Free handle(0x7fa9196100)
12-17 11:30:12.955 I/gralloc (  328): Free handle(0x7fa9195000)
12-17 11:30:12.971 I/gralloc (  328): Free handle(0x7fa9195100)
12-17 11:30:13.080 I/InputDispatcher(  930): touch process [30687], send to pg
12-17 11:30:13.227 I/gralloc (  328): Free handle(0x7fa9188700)
12-17 11:30:13.266 I/System.out(30687): onStop
12-17 11:30:13.277 I/gralloc (  328): Free handle(0x7fa9196200)
12-17 11:30:13.277 I/gralloc (  328): Free handle(0x7fa9195300)
12-17 11:30:13.567 E/InputReader(  930): QEEXO fs_classify_touch NULL, not calling FingerSense
12-17 11:30:13.706 I/TrafficMonitor(  930): update:rxPkts:9,txPkts:8,rxBytes:1576,txBytes:1111
12-17 11:30:13.706 I/TrafficMonitor(  930): start expired. level:-1
12-17 11:30:13.706 I/TrafficMonitor(  930): gettimer:interval=2000
12-17 11:30:13.706 E/InputReader(  930): QEEXO fs_touch_up NULL, not calling FingerSense
12-17 11:30:14.300 E/InputReader(  930): QEEXO fs_classify_touch NULL, not calling FingerSense
12-17 11:30:14.431 E/InputReader(  930): QEEXO fs_touch_up NULL, not calling FingerSense
12-17 11:30:14.442 I/MtaSDK  (30687): [StatService(38312): null:-1] - sendFailedCount=0
12-17 11:30:14.443 I/MtaSDK  (30687): [StatService(38312): null:-1] - strategy=INSTANT
12-17 11:30:14.443 I/MID     (30687): [StatService(38312): null:-1] - read mid from sharedPreferences， key=__MTA_DEVICE_INFO__1000001
12-17 11:30:14.449 I/MID     (30687): [StatService(38312): null:-1] - read mid from InternalStorage
12-17 11:30:14.452 I/System.out(30687): onRestart
12-17 11:30:14.454 W/MID     (30687): [StatService(38312): null:-1] - java.io.FileNotFoundException: /storage/emulated/0/Tencent/mta/.mid.txt1000001: open failed: ENOENT (No such file or directory)
12-17 11:30:14.455 I/MtaSDK  (30687): [StatDispatcher(38315): null:-1] - [http://pingma.qq.com:80/mstat/report/?index=1545016503]Send request(418bytes), content:[{"ky":"Aqc1101168116","et":1,"ui":"860128037085345","mc":"02:00:00:00:00:00","ut":1,"av":"7.553","midver":"3.61","ch":"play","mid":"c0129c4bf54127e749499a302780ad48aa1cd47d","idx":9043,"si":1255344370,"ts":1545017414,"dts":0,"os":1,"pcn":"com.eclite.activity","ov":"23","md":"NEM-TL00H","jb":0,"mf":"HUAWEI","ifg":1,"pi":"com.eclite.activity.SmsAssistActivity","rf":"com.eclitex.biz.ecmain.view.MainActivity","du":1}]
12-17 11:30:14.455 I/MtaSDK  (30687): [main(1): null:-1] - still foreground
12-17 11:30:14.455 I/System.out(30687): onResume
12-17 11:30:14.464 I/MtaSDK  (30687): [StatDispatcher(38315): null:-1] - http recv response status code:200, content length:9
12-17 11:30:14.464 I/MtaSDK  (30687): [StatDispatcher(38315): null:-1] - http get response data:{"ret":0}
12-17 11:30:14.523 I/gralloc (  328): Alloc req: dev=0x7fa8f82460, w=1080, h=1920, format=0x1, usage=0xb00
12-17 11:30:14.529 I/gralloc (  328): Alloc handle(0x7fa9195500): interfmt=0x200000001, stride=1088, size=8486912
12-17 11:30:14.529 I/gralloc (  328): Alloc req: dev=0x7fa8f82460, w=1080, h=1920, format=0x1, usage=0xb00
12-17 11:30:14.535 I/gralloc (  328): Alloc handle(0x7fa9196100): interfmt=0x200000001, stride=1088, size=8486912
12-17 11:30:14.535 I/gralloc (  328): Alloc req: dev=0x7fa8f82460, w=1080, h=1920, format=0x1, usage=0xb00
12-17 11:30:14.540 I/gralloc (  328): Alloc handle(0x7fa9196700): interfmt=0x200000001, stride=1088, size=8486912
12-17 11:30:14.703 I/TrafficMonitor(  930): expired arrive. level:-1
12-17 11:30:14.703 I/TrafficMonitor(  930): during_ms:2001,period_ms:2000
12-17 11:30:14.703 I/TrafficMonitor(  930): count:498,rx_sum:9,tx_sum:8,rxBytes:1576,during_ms:2001,rx_speed:787.6061969015493,tx_speed:555.2223888055972,rto:1.125
12-17 11:30:14.705 I/gralloc (  328): Free handle(0x7fa09f8a00)
12-17 11:30:14.768 I/MtaSDK  (30687): [StatService(38312): null:-1] - sendFailedCount=0
12-17 11:30:14.769 I/MtaSDK  (30687): [StatService(38312): null:-1] - strategy=INSTANT
12-17 11:30:14.769 I/MID     (30687): [StatService(38312): null:-1] - read mid from sharedPreferences， key=__MTA_DEVICE_INFO__1000001
12-17 11:30:14.773 I/MID     (30687): [StatService(38312): null:-1] - read mid from InternalStorage
12-17 11:30:14.776 W/MID     (30687): [StatService(38312): null:-1] - java.io.FileNotFoundException: /storage/emulated/0/Tencent/mta/.mid.txt1000001: open failed: ENOENT (No such file or directory)
12-17 11:30:14.777 I/MtaSDK  (30687): [StatService(38312): null:-1] - sendFailedCount=0
12-17 11:30:14.777 I/MtaSDK  (30687): [StatDispatcher(38315): null:-1] - [http://pingma.qq.com:80/mstat/report/?index=1545016504]Send request(358bytes), content:[{"ky":"Aqc1101168116","et":1000,"ui":"860128037085345","mc":"02:00:00:00:00:00","ut":1,"av":"7.553","midver":"3.61","ch":"play","mid":"c0129c4bf54127e749499a302780ad48aa1cd47d","idx":9044,"si":1255344370,"ts":1545017414,"dts":0,"os":1,"pcn":"com.eclite.activity","ov":"23","md":"NEM-TL00H","jb":0,"mf":"HUAWEI","ifg":1,"ei":"scanCard","kv":{"name":"名片扫描"}}]
12-17 11:30:14.777 I/MtaSDK  (30687): [StatService(38312): null:-1] - strategy=INSTANT
12-17 11:30:14.777 I/MID     (30687): [StatService(38312): null:-1] - read mid from sharedPreferences， key=__MTA_DEVICE_INFO__1000001
12-17 11:30:14.782 I/MID     (30687): [StatService(38312): null:-1] - read mid from InternalStorage
12-17 11:30:14.785 W/MID     (30687): [StatService(38312): null:-1] - java.io.FileNotFoundException: /storage/emulated/0/Tencent/mta/.mid.txt1000001: open failed: ENOENT (No such file or directory)
12-17 11:30:14.789 I/MtaSDK  (30687): [StatDispatcher(38315): null:-1] - http recv response status code:200, content length:9
12-17 11:30:14.789 I/MtaSDK  (30687): [StatDispatcher(38315): null:-1] - http get response data:{"ret":0}
12-17 11:30:14.789 I/MtaSDK  (30687): [StatDispatcher(38315): null:-1] - [http://pingma.qq.com:80/mstat/report/?index=1545016505]Send request(418bytes), content:[{"ky":"Aqc1101168116","et":1,"ui":"860128037085345","mc":"02:00:00:00:00:00","ut":1,"av":"7.553","midver":"3.61","ch":"play","mid":"c0129c4bf54127e749499a302780ad48aa1cd47d","idx":9045,"si":1255344370,"ts":1545017414,"dts":0,"os":1,"pcn":"com.eclite.activity","ov":"23","md":"NEM-TL00H","jb":0,"mf":"HUAWEI","ifg":1,"pi":"com.eclitex.biz.ecmain.view.MainActivity","rf":"com.eclite.activity.SmsAssistActivity","du":1}]
12-17 11:30:14.800 I/MtaSDK  (30687): [StatDispatcher(38315): null:-1] - http recv response status code:200, content length:9
12-17 11:30:14.800 I/MtaSDK  (30687): [StatDispatcher(38315): null:-1] - http get response data:{"ret":0}
12-17 11:30:14.828 I/MtaSDK  (30687): [main(1): null:-1] - still foreground
12-17 11:30:14.828 I/System.out(30687): onResume
12-17 11:30:14.829 E/InputReader(  930): QEEXO fs_classify_touch NULL, not calling FingerSense
12-17 11:30:14.829 I/InputDispatcher(  930): Dropping event because there is no touchable window at (133, 117).
12-17 11:30:14.847 I/gralloc (  328): Alloc req: dev=0x7fa8f82460, w=1080, h=1920, format=0x1, usage=0xb00
12-17 11:30:14.852 I/MtaSDK  (30687): [StatService(38312): null:-1] - sendFailedCount=0
12-17 11:30:14.852 I/MtaSDK  (30687): [StatService(38312): null:-1] - strategy=INSTANT
12-17 11:30:14.853 I/MID     (30687): [StatService(38312): null:-1] - read mid from sharedPreferences， key=__MTA_DEVICE_INFO__1000001
12-17 11:30:14.853 I/gralloc (  328): Alloc handle(0x7fa9195d00): interfmt=0x200000001, stride=1088, size=8486912
12-17 11:30:14.853 I/gralloc (  328): Alloc req: dev=0x7fa8f82460, w=1080, h=1920, format=0x1, usage=0xb00
12-17 11:30:14.855 I/MtaSDK  (30687): [main(1): null:-1] - still foreground
12-17 11:30:14.855 I/System.out(30687): onResume
12-17 11:30:14.861 I/MID     (30687): [StatService(38312): null:-1] - read mid from InternalStorage
12-17 11:30:14.864 I/gralloc (  328): Alloc handle(0x7fa09f8b00): interfmt=0x200000001, stride=1088, size=8486912
12-17 11:30:14.864 I/gralloc (  328): Alloc req: dev=0x7fa8f82460, w=1080, h=1920, format=0x1, usage=0xb00
12-17 11:30:14.865 W/MID     (30687): [StatService(38312): null:-1] - java.io.FileNotFoundException: /storage/emulated/0/Tencent/mta/.mid.txt1000001: open failed: ENOENT (No such file or directory)
12-17 11:30:14.865 I/MtaSDK  (30687): [StatDispatcher(38315): null:-1] - [http://pingma.qq.com:80/mstat/report/?index=1545016506]Send request(413bytes), content:[{"ky":"Aqc1101168116","et":1,"ui":"860128037085345","mc":"02:00:00:00:00:00","ut":1,"av":"7.553","midver":"3.61","ch":"play","mid":"c0129c4bf54127e749499a302780ad48aa1cd47d","idx":9046,"si":1255344370,"ts":1545017414,"dts":0,"os":1,"pcn":"com.eclite.activity","ov":"23","md":"NEM-TL00H","jb":0,"mf":"HUAWEI","ifg":1,"pi":"com.eclite.activity.ScanActivity","rf":"com.eclitex.biz.ecmain.view.MainActivity","du":1}]
12-17 11:30:14.870 I/gralloc (  328): Alloc handle(0x7fa09f8800): interfmt=0x200000001, stride=1088, size=8486912
12-17 11:30:14.877 I/MtaSDK  (30687): [StatDispatcher(38315): null:-1] - http recv response status code:200, content length:9
12-17 11:30:14.878 I/MtaSDK  (30687): [StatDispatcher(38315): null:-1] - http get response data:{"ret":0}
12-17 11:30:14.880 I/ActivityManager(  930): Displayed com.eclite.activity/.ScanActivity: +107ms
12-17 11:30:14.897 I/gralloc (  328): Free handle(0x7fa9196100)
12-17 11:30:14.897 I/gralloc (  328): Free handle(0x7fa9196700)
12-17 11:30:14.954 I/art     (30687): Background partial concurrent mark sweep GC freed 60100(3MB) AllocSpace objects, 2(104KB) LOS objects, 6% free, 58MB/62MB, paused 2.581ms total 151.660ms at HeapTaskDaemon thread CareAboutPauseTimes 1
12-17 11:30:14.969 E/InputReader(  930): QEEXO fs_touch_up NULL, not calling FingerSense
12-17 11:30:15.026 I/gralloc (  328): Free handle(0x7fa09f8600)
12-17 11:30:15.027 I/gralloc (  328): Free handle(0x7fa09f8d00)
12-17 11:30:15.210 I/gralloc (  328): Free handle(0x7fa9195500)
12-17 11:30:15.211 I/System.out(30687): onStop
12-17 11:30:15.215 I/System.out(30687): onStop
12-17 11:30:15.317 E/InputReader(  930): QEEXO fs_classify_touch NULL, not calling FingerSense
12-17 11:30:15.408 E/InputReader(  930): QEEXO fs_touch_up NULL, not calling FingerSense
12-17 11:30:15.413 I/PgedBinderListener( 2354): kstate callback type:16 value1=1370 value2=CALLED
12-17 11:30:15.415 I/MtaSDK  (30687): [StatService(38312): null:-1] - sendFailedCount=0
12-17 11:30:15.416 I/MtaSDK  (30687): [StatService(38312): null:-1] - strategy=INSTANT
12-17 11:30:15.416 I/MID     (30687): [StatService(38312): null:-1] - read mid from sharedPreferences， key=__MTA_DEVICE_INFO__1000001
12-17 11:30:15.420 I/MID     (30687): [StatService(38312): null:-1] - read mid from InternalStorage
12-17 11:30:15.423 W/MID     (30687): [StatService(38312): null:-1] - java.io.FileNotFoundException: /storage/emulated/0/Tencent/mta/.mid.txt1000001: open failed: ENOENT (No such file or directory)
12-17 11:30:15.424 I/MtaSDK  (30687): [StatDispatcher(38315): null:-1] - [http://pingma.qq.com:80/mstat/report/?index=1545016507]Send request(374bytes), content:[{"ky":"Aqc1101168116","et":1,"ui":"860128037085345","mc":"02:00:00:00:00:00","ut":1,"av":"7.553","midver":"3.61","ch":"play","mid":"c0129c4bf54127e749499a302780ad48aa1cd47d","idx":9047,"si":1255344370,"ts":1545017415,"dts":0,"os":1,"pcn":"com.eclite.activity","ov":"23","md":"NEM-TL00H","jb":0,"mf":"HUAWEI","ifg":1,"pi":"com.eclite.activity.ScanActivity","rf":"-","du":1}]
12-17 11:30:15.427 I/System.out(30687): onRestart
12-17 11:30:15.430 I/MtaSDK  (30687): [main(1): null:-1] - still foreground
12-17 11:30:15.430 I/System.out(30687): onResume
12-17 11:30:15.444 I/MtaSDK  (30687): [StatDispatcher(38315): null:-1] - http recv response status code:200, content length:9
12-17 11:30:15.444 I/MtaSDK  (30687): [StatDispatcher(38315): null:-1] - http get response data:{"ret":0}
12-17 11:30:15.499 I/gralloc (  328): Alloc req: dev=0x7fa8f82460, w=1080, h=1920, format=0x1, usage=0xb00
12-17 11:30:15.505 I/gralloc (  328): Alloc handle(0x7fa9195100): interfmt=0x200000001, stride=1088, size=8486912
12-17 11:30:15.505 I/gralloc (  328): Alloc req: dev=0x7fa8f82460, w=1080, h=1920, format=0x1, usage=0xb00
12-17 11:30:15.510 I/gralloc (  328): Alloc handle(0x7fa9195000): interfmt=0x200000001, stride=1088, size=8486912
12-17 11:30:15.510 I/gralloc (  328): Alloc req: dev=0x7fa8f82460, w=1080, h=1920, format=0x1, usage=0xb00
12-17 11:30:15.516 I/gralloc (  328): Alloc handle(0x7fa9195800): interfmt=0x200000001, stride=1088, size=8486912
12-17 11:30:15.660 E/InputReader(  930): QEEXO fs_classify_touch NULL, not calling FingerSense
12-17 11:30:15.676 I/gralloc (  328): Free handle(0x7fa9195d00)
12-17 11:30:15.676 I/gralloc (  328): Free handle(0x7fa09f8b00)
12-17 11:30:15.706 I/TrafficMonitor(  930): update:rxPkts:10,txPkts:15,rxBytes:870,txBytes:3409
12-17 11:30:15.706 I/TrafficMonitor(  930): start expired. level:-1
12-17 11:30:15.706 I/TrafficMonitor(  930): gettimer:interval=2000
12-17 11:30:15.735 E/InputReader(  930): QEEXO fs_touch_up NULL, not calling FingerSense
12-17 11:30:15.772 E/WifiConfigStore(  930): updateConfiguration freq=2412 BSSID=02:19:3b:10:eb:32 RSSI=-51 "ec@work"WPA_PSK
12-17 11:30:15.978 I/System.out(30687): onStop
12-17 11:30:15.993 I/gralloc (  328): Free handle(0x7fa09f8800)
12-17 11:30:16.033 E/InputReader(  930): QEEXO fs_classify_touch NULL, not calling FingerSense
12-17 11:30:16.099 E/InputReader(  930): QEEXO fs_touch_up NULL, not calling FingerSense
12-17 11:30:16.606 E/Thermal-daemon(  464): [Thermal_Hw] temperature_valid, battery : temperature is invalid, invalid temperatrue is 30
12-17 11:30:16.606 E/Thermal-daemon(  464): [Thermal_Hw] temperature_filter: get invalid temperature, use old temp
12-17 11:30:17.707 I/TrafficMonitor(  930): update:rxPkts:1,txPkts:0,rxBytes:333,txBytes:0
12-17 11:30:17.707 I/TrafficMonitor(  930): start expired. level:-1
12-17 11:30:17.707 I/TrafficMonitor(  930): gettimer:interval=2000
12-17 11:30:18.388 I/InputDispatcher(  930): touch process [30687], send to pg
12-17 11:30:18.782 E/WifiConfigStore(  930): updateConfiguration freq=2412 BSSID=02:19:3b:10:eb:32 RSSI=-48 "ec@work"WPA_PSK
12-17 11:30:18.784 I/MtaSDK  (30687): [StatService(38312): null:-1] - sendFailedCount=0
12-17 11:30:18.784 I/MtaSDK  (30687): [StatService(38312): null:-1] - strategy=INSTANT
12-17 11:30:18.784 I/MID     (30687): [StatService(38312): null:-1] - read mid from sharedPreferences， key=__MTA_DEVICE_INFO__1000001
12-17 11:30:18.789 I/MID     (30687): [StatService(38312): null:-1] - read mid from InternalStorage
12-17 11:30:18.791 W/MID     (30687): [StatService(38312): null:-1] - java.io.FileNotFoundException: /storage/emulated/0/Tencent/mta/.mid.txt1000001: open failed: ENOENT (No such file or directory)
12-17 11:30:18.792 I/MtaSDK  (30687): [StatDispatcher(38315): null:-1] - [http://pingma.qq.com:80/mstat/report/?index=1545016508]Send request(413bytes), content:[{"ky":"Aqc1101168116","et":1,"ui":"860128037085345","mc":"02:00:00:00:00:00","ut":1,"av":"7.553","midver":"3.61","ch":"play","mid":"c0129c4bf54127e749499a302780ad48aa1cd47d","idx":9048,"si":1255344370,"ts":1545017418,"dts":0,"os":1,"pcn":"com.eclite.activity","ov":"23","md":"NEM-TL00H","jb":0,"mf":"HUAWEI","ifg":1,"pi":"com.eclitex.biz.ecmain.view.MainActivity","rf":"com.eclite.activity.ScanActivity","du":3}]
12-17 11:30:18.849 I/MtaSDK  (30687): [StatDispatcher(38315): null:-1] - http recv response status code:200, content length:9
12-17 11:30:18.849 I/MtaSDK  (30687): [StatDispatcher(38315): null:-1] - http get response data:{"ret":0}
12-17 11:30:18.903 E/WifiConfigStore(  930): updateConfiguration freq=2412 BSSID=02:19:3b:10:eb:32 RSSI=-46 "ec@work"WPA_PSK
12-17 11:30:18.904 I/QosMonitor(  930): queryRtt: rtt_type = 3
12-17 11:30:18.904 I/WifiProJNI(  930): ######### GET RTT:3 ########
12-17 11:30:18.904 I/QosMonitor(  930): postEventFromNative: msg=100,arg1=4,arg2=9
12-17 11:30:18.904 W/WifiProJNI(  930): poll before: g_monitor_fd =178
12-17 11:30:18.904 I/HuaweiWifiWatchdogStateMachine(  930): spd good count:0, add sc:0.0, rate:1.0
12-17 11:30:18.904 I/HuaweiWifiWatchdogStateMachine(  930): current mHighDataFlowRate = 1.0
12-17 11:30:18.904 I/HuaweiWifiWatchdogStateMachine(  930): POta txb txg rxg:0, 23, 0. Lr =0% Totpkt=23
12-17 11:30:18.904 I/QosMonitor(  930): resetRtt: rtt_type = 3
12-17 11:30:18.904 I/WifiProJNI(  930): ######### RESET RTT:3 ########
12-17 11:30:18.904 I/WifiProJNI(  930): ######### CMD_QUERY_PKTS ########
12-17 11:30:18.904 I/QosMonitor(  930): postEventFromNative: msg=100,arg1=0,arg2=9
12-17 11:30:18.904 W/WifiProJNI(  930): poll before: g_monitor_fd =178
