12-17 11:31:03.886 I/WindowBlurViewManager( 1370): allowChangeBlurBackground, lastBlur interval:13956ms ago
12-17 11:31:03.886 I/WindowBlurViewManager( 1370): setBlurBackground()
12-17 11:31:03.891 E/InputReader(  930): QEEXO fs_classify_touch NULL, not calling FingerSense
12-17 11:31:03.910 I/gralloc (  328): Alloc req: dev=0x7fa8f82460, w=134, h=240, format=0x1, usage=0x333
12-17 11:31:03.911 I/gralloc (  328): Alloc handle(0x7fa9196500): interfmt=0x1, stride=192, size=184320
12-17 11:31:03.911 I/gralloc (  328): Free handle(0x7fa9196500)
12-17 11:31:03.915 I/SendBroadcastPermission( 1370): action:com.android.systemui.statusbar.visible.change, mPermissionType:0
12-17 11:31:03.917 E/WifiConfigStore(  930): updateConfiguration freq=2412 BSSID=02:19:3b:10:eb:32 RSSI=-49 "ec@work"WPA_PSK
12-17 11:31:03.988 E/InputReader(  930): QEEXO fs_touch_up NULL, not calling FingerSense
12-17 11:31:04.128 E/InputReader(  930): QEEXO fs_classify_touch NULL, not calling FingerSense
12-17 11:31:04.138 I/        ( 6617): power log dlsym ok
12-17 11:31:04.202 E/InputReader(  930): QEEXO fs_touch_up NULL, not calling FingerSense
12-17 11:31:04.318 E/InputReader(  930): QEEXO fs_classify_touch NULL, not calling FingerSense
12-17 11:31:04.327 I/gralloc (  328): Alloc req: dev=0x7fa8f82460, w=16, h=16, format=0x1, usage=0x100
12-17 11:31:04.327 I/gralloc (  328): Alloc handle(0x7fa9195900): interfmt=0x1, stride=64, size=4096
12-17 11:31:04.329 E/linker  ( 6617): readlink('/proc/self/fd/22') failed: Permission denied [fd=22]
12-17 11:31:04.329 E/linker  ( 6617): warning: unable to get realpath for the library "/system/lib64/hw/gralloc.hi6250.so". Will use given name.
12-17 11:31:04.332 I/gralloc (  328): Free handle(0x7fa9195900)
12-17 11:31:04.375 E/InputReader(  930): QEEXO fs_touch_up NULL, not calling FingerSense
12-17 11:31:04.381 W/art     (30687): Suspending all threads took: 6.127ms
12-17 11:31:04.406 I/art     (30687): GC statistics: 1 time(s), freed 24669(1858KB) objects, paused 2.545ms total 50.748ms
12-17 11:31:04.406 I/art     (30687): Background partial concurrent mark sweep GC freed 32550(1884KB) AllocSpace objects, 14(940KB) LOS objects, 6% free, 61MB/65MB, paused 13.377ms total 200.690ms at HeapTaskDaemon thread CareAboutPauseTimes 1
12-17 11:31:04.499 E/InputReader(  930): QEEXO fs_classify_touch NULL, not calling FingerSense
12-17 11:31:04.540 E/InputReader(  930): QEEXO fs_touch_up NULL, not calling FingerSense
12-17 11:31:04.553 I/HwIntelligent3_ActivityUtil( 6617): HwIntelligent versionName: 4.0.0.100, versionCode: 25
12-17 11:31:04.566 I/HwCust  ( 6617): Constructor found for class android.app.HwCustAlarmManagerImpl
12-17 11:31:04.717 E/HwIntelligent3_WorkCommuteManager( 6617): checkInvalid got card should hide
12-17 11:31:04.721 I/HwIntelligent3_WorkCommuteManager( 6617): resetCommute
12-17 11:31:04.721 E/HwIntelligent3_WorkCommuteManager( 6617): no need to reset return
12-17 11:31:04.748 I/HwIntelligent3_OverseasStateManager( 6617): checkRoamingStateChanged : cur country is  home country is 
12-17 11:31:04.748 I/HwIntelligent3_OverseasStateManager( 6617): checkRoamingStateChanged curCountry is null, don't make a change
12-17 11:31:04.790 I/PlaceRecognitionService( 6617): onCreate
12-17 11:31:04.822 E/InputReader(  930): QEEXO fs_classify_touch NULL, not calling FingerSense
12-17 11:31:04.831 I/CalendarSync( 6617): init mIsReceiverRegistered : false
12-17 11:31:04.831 E/HwIntelligent3_OverseasStateManagerImp( 6617): onServiceStateChanged : service state is 1
12-17 11:31:04.842 I/        ( 6643): power log dlsym ok
12-17 11:31:04.847 E/HwIntelligent3_ActionBarPullDownAction( 6617): doAction not pull down return
12-17 11:31:04.865 I/gralloc (  328): Alloc req: dev=0x7fa8f82460, w=16, h=16, format=0x1, usage=0x100
12-17 11:31:04.865 I/gralloc (  328): Alloc handle(0x7fa09f8800): interfmt=0x1, stride=64, size=4096
12-17 11:31:04.867 E/linker  ( 6643): readlink('/proc/self/fd/22') failed: Permission denied [fd=22]
12-17 11:31:04.867 E/linker  ( 6643): warning: unable to get realpath for the library "/system/lib64/hw/gralloc.hi6250.so". Will use given name.
12-17 11:31:04.870 I/gralloc (  328): Free handle(0x7fa09f8800)
12-17 11:31:04.871 E/InputReader(  930): QEEXO fs_touch_up NULL, not calling FingerSense
12-17 11:31:04.902 W/System  ( 6643): ClassLoader referenced unknown path: /system/priv-app/Calendar/lib/arm64
12-17 11:31:04.942 I/HwCust  ( 6643): Constructor found for class com.android.calendar.HwCustUtilImpl
12-17 11:31:04.964 I/MtaSDK  (30687): [StatService(38312): null:-1] - clear methodsCalledLimitMap, nextLimitCallClearTime=1545017474963
12-17 11:31:04.965 I/MtaSDK  (30687): [StatService(38312): null:-1] - sendFailedCount=0
12-17 11:31:04.965 I/MtaSDK  (30687): [StatService(38312): null:-1] - strategy=INSTANT
12-17 11:31:04.974 I/System.out(30687): onRestart
12-17 11:31:04.981 I/MID     (30687): [StatService(38312): null:-1] - read mid from sharedPreferences， key=__MTA_DEVICE_INFO__1000001
12-17 11:31:04.987 I/CalendarSync( 6617): recessInfoKey : [{"year":2018, 
12-17 11:31:04.987 I/CalendarSync( 6617): "workday":[41,54,97,117,271,272], 
12-17 11:31:04.987 I/CalendarSync( 6617): "freeday":[-2,-1,0,45,46,47,48,49,50,51,94,95,96,118,119,120,166,167,168,264,265,266,273,274,275,276,277,278,279]}]
12-17 11:31:04.987 I/CalendarSync( 6617): configList size : 1
12-17 11:31:04.989 I/MID     (30687): [StatService(38312): null:-1] - read mid from InternalStorage
12-17 11:31:04.995 I/MtaSDK  (30687): [main(1): null:-1] - still foreground
12-17 11:31:04.995 I/System.out(30687): onResume
12-17 11:31:04.999 I/        ( 6662): power log dlsym ok
12-17 11:31:05.000 W/MID     (30687): [StatService(38312): null:-1] - java.io.FileNotFoundException: /storage/emulated/0/Tencent/mta/.mid.txt1000001: open failed: ENOENT (No such file or directory)
12-17 11:31:05.000 I/MtaSDK  (30687): [StatDispatcher(38315): null:-1] - [http://pingma.qq.com:80/mstat/report/?index=1545016511]Send request(440bytes), content:[{"ky":"Aqc1101168116","et":1,"ui":"860128037085345","mc":"02:00:00:00:00:00","ut":1,"av":"7.553","midver":"3.61","ch":"play","mid":"c0129c4bf54127e749499a302780ad48aa1cd47d","idx":9051,"si":1255344370,"ts":1545017464,"dts":0,"os":1,"pcn":"com.eclite.activity","ov":"23","md":"NEM-TL00H","jb":0,"mf":"HUAWEI","ifg":1,"pi":"com.eclite.activity.TeamWorkManagerActivity","rf":"com.eclite.choicecontact.fragment.SelectContactActivity","du":21}]
12-17 11:31:05.004 W/RMS.SmartShrinker(  930): SmartShrinker is runing in pid =6643 reclaim mode = 4
12-17 11:31:05.008 I/PlaceRecognitionService( 6617): work start startId : 1
12-17 11:31:05.009 I/PRController( 6617): startModules
12-17 11:31:05.014 I/BaseAlarmModule( 6617): LEAVE_OFFICE_REMINDER schedule
12-17 11:31:05.014 I/MtaSDK  (30687): [StatDispatcher(38315): null:-1] - http recv response status code:200, content length:9
12-17 11:31:05.014 I/MtaSDK  (30687): [StatDispatcher(38315): null:-1] - http get response data:{"ret":0}
12-17 11:31:05.020 E/InputReader(  930): QEEXO fs_classify_touch NULL, not calling FingerSense
12-17 11:31:05.020 I/InputDispatcher(  930): Dropping event because there is no touchable window at (68, 132).
12-17 11:31:05.061 W/RMS.SmartShrinker(  930): SmartShrinker is runing in pid =6662 reclaim mode = 4
12-17 11:31:05.069 E/InputReader(  930): QEEXO fs_touch_up NULL, not calling FingerSense
12-17 11:31:05.077 I/gralloc (  328): Alloc req: dev=0x7fa8f82460, w=16, h=16, format=0x1, usage=0x100
12-17 11:31:05.077 I/gralloc (  328): Alloc handle(0x7fa9195000): interfmt=0x1, stride=64, size=4096
12-17 11:31:05.079 E/linker  ( 6662): readlink('/proc/self/fd/22') failed: Permission denied [fd=22]
12-17 11:31:05.079 E/linker  ( 6662): warning: unable to get realpath for the library "/system/lib64/hw/gralloc.hi6250.so". Will use given name.
12-17 11:31:05.083 I/gralloc (  328): Free handle(0x7fa9195000)
12-17 11:31:05.085 E/BaseAlarmModule( 6617): module LEAVE_OFFICE_REMINDER alarm info not valid!
12-17 11:31:05.094 I/BaseAlarmModule( 6617): OVERTIME_REMINDER schedule
12-17 11:31:05.114 E/OverTimeReminder( 6617): workingTime or place is not clustered!
12-17 11:31:05.114 E/BaseAlarmModule( 6617): module OVERTIME_REMINDER alarm info not valid!
12-17 11:31:05.114 I/BaseAlarmModule( 6617): ENTER_OFFICE_REMINDER schedule
12-17 11:31:05.122 E/BaseAlarmModule( 6617): module ENTER_OFFICE_REMINDER alarm info not valid!
12-17 11:31:05.123 I/BaseAlarmModule( 6617): POSITION_COLLECTOR schedule
12-17 11:31:05.135 I/BaseAlarmModule( 6617): module POSITION_COLLECTOR alarm type : 1 repeating : false interval : -1 trigger : 2018-12-17 11:51:49 isMissed : false
12-17 11:31:05.136 W/System  ( 6662): ClassLoader referenced unknown path: /system/app/CalendarProvider/lib/arm64
12-17 11:31:05.151 I/BaseAlarmModule( 6617): POSITION_CLUSTER schedule
12-17 11:31:05.154 I/BaseAlarmModule( 6617): module POSITION_CLUSTER alarm type : 0 repeating : false interval : -1 trigger : 2018-12-18 00:00:00 isMissed : false
12-17 11:31:05.157 I/PlaceRecognitionService( 6617): work start startId : 2
12-17 11:31:05.157 I/PRController( 6617): setCommuteType type : 2
12-17 11:31:05.160 I/PlaceRecognitionService( 6617): work start startId : 3
12-17 11:31:05.160 I/PRController( 6617): setModuleOn ENTER_OFFICE_REMINDER on : true
12-17 11:31:05.160 W/PRController( 6617): ENTER_OFFICE_REMINDER already started!
12-17 11:31:05.161 I/WindowBlurViewManager( 1370): allowChangeBlurBackground, lastBlur interval:1255ms ago
12-17 11:31:05.161 I/WindowBlurViewManager( 1370): setBlurBackground()
12-17 11:31:05.161 W/PRController( 6617): core module already started!
12-17 11:31:05.162 I/PlaceRecognitionService( 6617): work start startId : 4
12-17 11:31:05.162 I/PRController( 6617): setModuleOn LEAVE_OFFICE_REMINDER on : true
12-17 11:31:05.162 W/PRController( 6617): LEAVE_OFFICE_REMINDER already started!
12-17 11:31:05.162 W/PRController( 6617): core module already started!
12-17 11:31:05.162 I/PlaceRecognitionService( 6617): work start startId : 5
12-17 11:31:05.164 I/PRController( 6617): setModuleOn OVERTIME_REMINDER on : true
12-17 11:31:05.164 W/PRController( 6617): OVERTIME_REMINDER already started!
12-17 11:31:05.164 W/PRController( 6617): core module already started!
12-17 11:31:05.167 I/PlaceRecognitionService( 6617): work done startId : 2
12-17 11:31:05.167 I/PlaceRecognitionService( 6617): work done startId : 3
12-17 11:31:05.167 I/PlaceRecognitionService( 6617): work done startId : 4
12-17 11:31:05.167 I/PlaceRecognitionService( 6617): work done startId : 5
12-17 11:31:05.168 W/Settings(  930): Setting device_provisioned has moved from android.provider.Settings.Secure to android.provider.Settings.Global.
12-17 11:31:05.168 W/Settings(  930): Setting device_provisioned has moved from android.provider.Settings.Secure to android.provider.Settings.Global.
12-17 11:31:05.183 I/gralloc (  328): Alloc req: dev=0x7fa8f82460, w=134, h=240, format=0x1, usage=0x333
12-17 11:31:05.184 I/gralloc (  328): Alloc handle(0x7fa9195900): interfmt=0x1, stride=192, size=184320
12-17 11:31:05.185 I/gralloc (  328): Free handle(0x7fa9195900)
12-17 11:31:05.206 I/PgedBinderListener( 2354): kstate callback type:16 value1=1370 value2=CALLED
12-17 11:31:05.209 E/InputReader(  930): QEEXO fs_classify_touch NULL, not calling FingerSense
12-17 11:31:05.209 I/InputDispatcher(  930): Dropping event because there is no touchable window at (73, 143).
12-17 11:31:05.232 I/gralloc (  328): Alloc req: dev=0x7fa8f82460, w=1080, h=1920, format=0x1, usage=0xb00
12-17 11:31:05.238 I/gralloc (  328): Alloc handle(0x7fa09f8800): interfmt=0x200000001, stride=1088, size=8486912
12-17 11:31:05.238 I/gralloc (  328): Alloc req: dev=0x7fa8f82460, w=1080, h=1920, format=0x1, usage=0xb00
12-17 11:31:05.245 I/gralloc (  328): Alloc handle(0x7fa9196500): interfmt=0x200000001, stride=1088, size=8486912
12-17 11:31:05.245 I/gralloc (  328): Alloc req: dev=0x7fa8f82460, w=1080, h=1920, format=0x1, usage=0xb00
12-17 11:31:05.250 E/InputReader(  930): QEEXO fs_touch_up NULL, not calling FingerSense
12-17 11:31:05.253 I/gralloc (  328): Alloc handle(0x7fa9196100): interfmt=0x200000001, stride=1088, size=8486912
12-17 11:31:05.272 I/HwCust  ( 6662): Constructor found for class android.app.HwCustAlarmManagerImpl
12-17 11:31:05.273 I/gralloc (  328): Free handle(0x7fa9195d00)
12-17 11:31:05.299 I/gralloc (  328): Alloc req: dev=0x7fa8f82460, w=1080, h=1920, format=0x1, usage=0xb00
12-17 11:31:05.305 I/gralloc (  328): Alloc handle(0x7fa9195400): interfmt=0x200000001, stride=1088, size=8486912
12-17 11:31:05.325 I/gralloc (  328): Alloc req: dev=0x7fa8f82460, w=1080, h=1920, format=0x1, usage=0xb00
12-17 11:31:05.326 I/AccountManagerService(  930): getTypesVisibleToCaller: isPermitted? true
12-17 11:31:05.330 I/gralloc (  328): Alloc handle(0x7fa9195700): interfmt=0x200000001, stride=1088, size=8486912
12-17 11:31:05.399 E/InputReader(  930): QEEXO fs_classify_touch NULL, not calling FingerSense
12-17 11:31:05.412 I/SendBroadcastPermission( 1370): action:com.android.systemui.statusbar.visible.change, mPermissionType:0
12-17 11:31:05.432 E/InputReader(  930): QEEXO fs_touch_up NULL, not calling FingerSense
12-17 11:31:05.432 I/art     (  930): Background partial concurrent mark sweep GC freed 53846(3MB) AllocSpace objects, 14(432KB) LOS objects, 3% free, 105MB/109MB, paused 6.528ms total 408.666ms at HeapTaskDaemon thread CareAboutPauseTimes 1
12-17 11:31:05.465 I/gralloc (  328): Alloc req: dev=0x7fa8f82460, w=1080, h=1920, format=0x1, usage=0xb00
12-17 11:31:05.465 I/HwIntelligent3_ActionBarPullDownAction( 6617): doAction call reset
12-17 11:31:05.466 I/HwIntelligent3_WorkCommuteManager( 6617): resetCommute
12-17 11:31:05.466 E/HwIntelligent3_WorkCommuteManager( 6617): no need to reset return
12-17 11:31:05.470 I/gralloc (  328): Alloc handle(0x7fa9196300): interfmt=0x200000001, stride=1088, size=8486912
12-17 11:31:05.539 I/gralloc (  328): Free handle(0x7fa9196800)
12-17 11:31:05.790 I/TrafficMonitor(  930): update:rxPkts:8,txPkts:6,rxBytes:996,txBytes:1041
12-17 11:31:05.790 I/TrafficMonitor(  930): start expired. level:-1
12-17 11:31:05.790 I/TrafficMonitor(  930): gettimer:interval=2000
12-17 11:31:05.799 I/IntelligentScene( 1370): start intelligent scene activity success.
12-17 11:31:05.932 I/SendBroadcastPermission( 1370): action:com.android.systemui.statusbar.visible.change, mPermissionType:0
12-17 11:31:05.934 I/SendBroadcastPermission( 1370): action:com.android.systemui.statusbar.visible.change, mPermissionType:0
12-17 11:31:05.964 E/HwIntelligent3_ActionBarPullDownAction( 6617): doAction not pull down return
12-17 11:31:05.972 E/HwIntelligent3_ActionBarPullDownAction( 6617): doAction not pull down return
12-17 11:31:06.028 I/gralloc (  328): Free handle(0x7fa9195700)
12-17 11:31:06.029 I/gralloc (  328): Free handle(0x7fa9196300)
12-17 11:31:06.032 I/gralloc (  328): Alloc req: dev=0x7fa8f82460, w=1080, h=72, format=0x1, usage=0xb00
12-17 11:31:06.032 I/gralloc (  328): Alloc handle(0x7fa9195900): interfmt=0x1, stride=1088, size=315392
12-17 11:31:06.036 I/gralloc (  328): Alloc req: dev=0x7fa8f82460, w=1080, h=72, format=0x1, usage=0xb00
12-17 11:31:06.036 I/gralloc (  328): Alloc handle(0x7fa9195d00): interfmt=0x1, stride=1088, size=315392
12-17 11:31:06.040 I/gralloc (  328): Free handle(0x7fa9195c00)
12-17 11:31:06.041 I/gralloc (  328): Free handle(0x7fa9195400)
12-17 11:31:06.041 I/gralloc (  328): Free handle(0x7fa9188300)
12-17 11:31:06.083 I/InputDispatcher(  930): touch process [30687], send to pg
12-17 11:31:06.269 I/OAM     (  713): [check_file_size:409]/data/hwlogdir/wifi_log/wifi_log_1 log file beyond size=10240Byte, creat new file
12-17 11:31:06.274 I/OAM     (  713): [rename_old_file:114]rename_old_file
12-17 11:31:06.274 I/OAM     (  713): 
12-17 11:31:06.357 I/CalendarProvider2( 6662): Sending notification intent: Intent { act=android.intent.action.PROVIDER_CHANGED dat=content://com.android.calendar }
12-17 11:31:06.362 I/SendBroadcastPermission( 6662): action:android.intent.action.PROVIDER_CHANGED, mPermissionType:0
12-17 11:31:06.362 W/ContentResolver( 6662): Failed to get type for: content://com.android.calendar (Unknown URL content://com.android.calendar)
12-17 11:31:06.366 I/gralloc (  328): Free handle(0x7fa9188200)
12-17 11:31:06.367 W/RMS.SmartShrinker(  930): SmartShrinker is runing in pid =6662 reclaim mode = 4
12-17 11:31:06.376 I/HwCust  ( 6643): Constructor found for class com.android.calendar.alerts.HwCustAlertServiceImpl
12-17 11:31:06.493 E/InputReader(  930): QEEXO fs_classify_touch NULL, not calling FingerSense
12-17 11:31:06.526 I/HwCust  ( 6643): Constructor found for class android.app.HwCustAlarmManagerImpl
12-17 11:31:06.533 I/SendBroadcastPermission( 6643): action:com.android.calendar.APPWIDGET_UPDATE, mPermissionType:0
12-17 11:31:06.541 W/RMS.SmartShrinker(  930): SmartShrinker is runing in pid =6662 reclaim mode = 4
12-17 11:31:06.542 I/CalendarSimpleUiPRovider( 6643): loadEvent end update UI0
12-17 11:31:06.546 I/System.out(30687): onStop
12-17 11:31:06.551 E/InputReader(  930): QEEXO fs_touch_up NULL, not calling FingerSense
12-17 11:31:06.552 W/RMS.SmartShrinker(  930): SmartShrinker is runing in pid =6643 reclaim mode = 4
12-17 11:31:06.623 E/Thermal-daemon(  464): [Thermal_Hw] temperature_valid, battery : temperature is invalid, invalid temperatrue is 31
12-17 11:31:06.623 E/Thermal-daemon(  464): [Thermal_Hw] temperature_filter: get invalid temperature, use old temp
12-17 11:31:06.691 E/InputReader(  930): QEEXO fs_classify_touch NULL, not calling FingerSense
12-17 11:31:06.724 E/InputReader(  930): QEEXO fs_touch_up NULL, not calling FingerSense
12-17 11:31:06.787 I/TrafficMonitor(  930): expired arrive. level:-1
12-17 11:31:06.787 I/TrafficMonitor(  930): during_ms:2001,period_ms:2000
12-17 11:31:06.787 I/TrafficMonitor(  930): count:524,rx_sum:8,tx_sum:6,rxBytes:996,during_ms:2001,rx_speed:497.75112443778113,tx_speed:520.23988005997,rto:1.3333333333333333
12-17 11:31:06.864 E/InputReader(  930): QEEXO fs_classify_touch NULL, not calling FingerSense
12-17 11:31:06.907 I/MtaSDK  (30687): [StatService(38312): null:-1] - sendFailedCount=0
12-17 11:31:06.907 I/MtaSDK  (30687): [StatService(38312): null:-1] - strategy=INSTANT
12-17 11:31:06.907 I/MID     (30687): [StatService(38312): null:-1] - read mid from sharedPreferences， key=__MTA_DEVICE_INFO__1000001
12-17 11:31:06.912 I/MID     (30687): [StatService(38312): null:-1] - read mid from InternalStorage
12-17 11:31:06.914 W/MID     (30687): [StatService(38312): null:-1] - java.io.FileNotFoundException: /storage/emulated/0/Tencent/mta/.mid.txt1000001: open failed: ENOENT (No such file or directory)
12-17 11:31:06.915 I/MtaSDK  (30687): [StatDispatcher(38315): null:-1] - [http://pingma.qq.com:80/mstat/report/?index=1545016512]Send request(424bytes), content:[{"ky":"Aqc1101168116","et":1,"ui":"860128037085345","mc":"02:00:00:00:00:00","ut":1,"av":"7.553","midver":"3.61","ch":"play","mid":"c0129c4bf54127e749499a302780ad48aa1cd47d","idx":9052,"si":1255344370,"ts":1545017466,"dts":0,"os":1,"pcn":"com.eclite.activity","ov":"23","md":"NEM-TL00H","jb":0,"mf":"HUAWEI","ifg":1,"pi":"com.eclitex.biz.ecmain.view.MainActivity","rf":"com.eclite.activity.TeamWorkManagerActivity","du":1}]
12-17 11:31:06.922 E/InputReader(  930): QEEXO fs_touch_up NULL, not calling FingerSense
12-17 11:31:06.924 E/WifiConfigStore(  930): updateConfiguration freq=2412 BSSID=02:19:3b:10:eb:32 RSSI=-50 "ec@work"WPA_PSK
12-17 11:31:06.928 I/MtaSDK  (30687): [StatDispatcher(38315): null:-1] - http recv response status code:200, content length:9
12-17 11:31:06.928 I/MtaSDK  (30687): [StatDispatcher(38315): null:-1] - http get response data:{"ret":0}
12-17 11:31:06.935 E/WifiConfigStore(  930): updateConfiguration freq=2412 BSSID=02:19:3b:10:eb:32 RSSI=-51 "ec@work"WPA_PSK
12-17 11:31:06.935 I/QosMonitor(  930): queryRtt: rtt_type = 3
12-17 11:31:06.935 I/WifiProJNI(  930): ######### GET RTT:3 ########
12-17 11:31:06.936 I/QosMonitor(  930): postEventFromNative: msg=100,arg1=4,arg2=9
12-17 11:31:06.936 W/WifiProJNI(  930): poll before: g_monitor_fd =178
12-17 11:31:06.936 I/HuaweiWifiWatchdogStateMachine(  930): spd good count:0, add sc:0.0, rate:1.0
12-17 11:31:06.936 I/HuaweiWifiWatchdogStateMachine(  930): current mHighDataFlowRate = 1.0
12-17 11:31:06.936 I/HuaweiWifiWatchdogStateMachine(  930): POta txb txg rxg:0, 40, 0. Lr =0% Totpkt=40
12-17 11:31:06.936 I/QosMonitor(  930): resetRtt: rtt_type = 3
12-17 11:31:06.936 I/WifiProJNI(  930): ######### RESET RTT:3 ########
12-17 11:31:06.936 I/WifiProJNI(  930): ######### CMD_QUERY_PKTS ########
12-17 11:31:06.936 I/QosMonitor(  930): postEventFromNative: msg=100,arg1=0,arg2=9
12-17 11:31:06.936 W/WifiProJNI(  930): poll before: g_monitor_fd =178
12-17 11:31:06.939 I/HuaweiWifiWatchdogStateMachine(  930): PTcp RTT:120, rtt pkt=9, tcp_rx=26, tcp_tx=39, tcp_reTran=3, rtRate=0.08
12-17 11:31:06.939 I/HuaweiWifiWatchdogStateMachine(  930): rs ota tcp lr rttvb bad: false, false, false, false, false; rsth:-75
12-17 11:31:06.939 I/HuaweiWifiWatchdogStateMachine(  930):  pkt chk not bad, reset sc to 0.
12-17 11:31:06.998 I/art     (30687): Background sticky concurrent mark sweep GC freed 38115(2MB) AllocSpace objects, 2(156KB) LOS objects, 3% free, 62MB/65MB, paused 8.087ms total 54.911ms at HeapTaskDaemon thread CareAboutPauseTimes 1
12-17 11:31:07.037 E/InputReader(  930): QEEXO fs_classify_touch NULL, not calling FingerSense
12-17 11:31:07.037 I/InputDispatcher(  930): Dropping event because there is no touchable window at (939, 1737).
12-17 11:31:07.048 I/InputDispatcher(  930): Dropping event because there is no touchable window at (564, 600).
12-17 11:31:07.072 I/MtaSDK  (30687): [main(1): null:-1] - still foreground
12-17 11:31:07.072 I/System.out(30687): onResume
12-17 11:31:07.101 I/gralloc (  328): Alloc req: dev=0x7fa8f82460, w=1080, h=1920, format=0x1, usage=0xb00
12-17 11:31:07.103 E/InputReader(  930): QEEXO fs_touch_up NULL, not calling FingerSense
12-17 11:31:07.107 I/gralloc (  328): Alloc handle(0x7fa09f8300): interfmt=0x200000001, stride=1088, size=8486912
12-17 11:31:07.107 I/gralloc (  328): Alloc req: dev=0x7fa8f82460, w=1080, h=1920, format=0x1, usage=0xb00
12-17 11:31:07.112 I/gralloc (  328): Alloc handle(0x7fa9196600): interfmt=0x200000001, stride=1088, size=8486912
12-17 11:31:07.112 I/gralloc (  328): Alloc req: dev=0x7fa8f82460, w=1080, h=1920, format=0x1, usage=0xb00
12-17 11:31:07.119 I/gralloc (  328): Alloc handle(0x7fa9196c00): interfmt=0x200000001, stride=1088, size=8486912
12-17 11:31:07.135 I/ActivityManager(  930): Displayed com.eclite.activity/.CallDownSetActivity: +227ms
12-17 11:31:07.150 I/gralloc (  328): Free handle(0x7fa09f8800)
12-17 11:31:07.235 E/InputReader(  930): QEEXO fs_classify_touch NULL, not calling FingerSense
12-17 11:31:07.264 E/HwCHRWifiRSSIGroupSummery(  930): updatArpSummery mRSSI:-52  HwCHRWifiRSSIGroup [rssi_index=4, rtt_tcp_packets=0, rtt_tcp_duration=0, rtt_lan_duration=821, rtt_lan_failures=0, rtt_lan_succ=36, rtt_lan_max=119, rtt_lan_min=5]
12-17 11:31:07.293 E/InputReader(  930): QEEXO fs_touch_up NULL, not calling FingerSense
12-17 11:31:07.453 I/System.out(30687): onStop
12-17 11:31:07.465 I/gralloc (  328): Free handle(0x7fa9196500)
12-17 11:31:07.465 I/gralloc (  328): Free handle(0x7fa9196100)
12-17 11:31:07.792 I/TrafficMonitor(  930): update:rxPkts:8,txPkts:5,rxBytes:856,txBytes:808
12-17 11:31:07.792 I/TrafficMonitor(  930): start expired. level:-1
12-17 11:31:07.792 I/TrafficMonitor(  930): gettimer:interval=2000
12-17 11:31:07.847 E/InputReader(  930): QEEXO fs_classify_touch NULL, not calling FingerSense
12-17 11:31:07.921 E/InputReader(  930): QEEXO fs_touch_up NULL, not calling FingerSense
12-17 11:31:07.931 I/MtaSDK  (30687): [StatService(38312): null:-1] - sendFailedCount=0
12-17 11:31:07.931 I/MtaSDK  (30687): [StatService(38312): null:-1] - strategy=INSTANT
12-17 11:31:07.932 I/MID     (30687): [StatService(38312): null:-1] - read mid from sharedPreferences， key=__MTA_DEVICE_INFO__1000001
12-17 11:31:07.937 I/MID     (30687): [StatService(38312): null:-1] - read mid from InternalStorage
12-17 11:31:07.940 I/System.out(30687): onRestart
12-17 11:31:07.942 W/MID     (30687): [StatService(38312): null:-1] - java.io.FileNotFoundException: /storage/emulated/0/Tencent/mta/.mid.txt1000001: open failed: ENOENT (No such file or directory)
12-17 11:31:07.942 I/MtaSDK  (30687): [main(1): null:-1] - still foreground
12-17 11:31:07.942 I/System.out(30687): onResume
12-17 11:31:07.943 I/MtaSDK  (30687): [StatDispatcher(38315): null:-1] - [http://pingma.qq.com:80/mstat/report/?index=1545016513]Send request(420bytes), content:[{"ky":"Aqc1101168116","et":1,"ui":"860128037085345","mc":"02:00:00:00:00:00","ut":1,"av":"7.553","midver":"3.61","ch":"play","mid":"c0129c4bf54127e749499a302780ad48aa1cd47d","idx":9053,"si":1255344370,"ts":1545017467,"dts":0,"os":1,"pcn":"com.eclite.activity","ov":"23","md":"NEM-TL00H","jb":0,"mf":"HUAWEI","ifg":1,"pi":"com.eclite.activity.CallDownSetActivity","rf":"com.eclitex.biz.ecmain.view.MainActivity","du":1}]
12-17 11:31:07.964 I/gralloc (  328): Alloc req: dev=0x7fa8f82460, w=1080, h=1920, format=0x1, usage=0xb00
12-17 11:31:07.970 I/gralloc (  328): Alloc handle(0x7fa09f8800): interfmt=0x200000001, stride=1088, size=8486912
12-17 11:31:07.970 I/gralloc (  328): Alloc req: dev=0x7fa8f82460, w=1080, h=1920, format=0x1, usage=0xb00
12-17 11:31:07.976 I/gralloc (  328): Alloc handle(0x7fa9188200): interfmt=0x200000001, stride=1088, size=8486912
12-17 11:31:07.976 I/gralloc (  328): Alloc req: dev=0x7fa8f82460, w=1080, h=1920, format=0x1, usage=0xb00
12-17 11:31:07.981 I/gralloc (  328): Alloc handle(0x7fa9188e00): interfmt=0x200000001, stride=1088, size=8486912
12-17 11:31:07.987 I/MtaSDK  (30687): [StatDispatcher(38315): null:-1] - http recv response status code:200, content length:9
12-17 11:31:07.987 I/MtaSDK  (30687): [StatDispatcher(38315): null:-1] - http get response data:{"ret":0}
12-17 11:31:07.999 I/gralloc (  328): Free handle(0x7fa09f8300)
12-17 11:31:08.061 E/InputReader(  930): QEEXO fs_classify_touch NULL, not calling FingerSense
12-17 11:31:08.102 E/InputReader(  930): QEEXO fs_touch_up NULL, not calling FingerSense
12-17 11:31:08.134 I/MtaSDK  (30687): [StatService(38312): null:-1] - sendFailedCount=0
12-17 11:31:08.134 I/MtaSDK  (30687): [StatService(38312): null:-1] - strategy=INSTANT
12-17 11:31:08.135 I/MID     (30687): [StatService(38312): null:-1] - read mid from sharedPreferences， key=__MTA_DEVICE_INFO__1000001
12-17 11:31:08.139 I/MID     (30687): [StatService(38312): null:-1] - read mid from InternalStorage
12-17 11:31:08.142 W/MID     (30687): [StatService(38312): null:-1] - java.io.FileNotFoundException: /storage/emulated/0/Tencent/mta/.mid.txt1000001: open failed: ENOENT (No such file or directory)
12-17 11:31:08.143 I/MtaSDK  (30687): [StatDispatcher(38315): null:-1] - [http://pingma.qq.com:80/mstat/report/?index=1545016514]Send request(420bytes), content:[{"ky":"Aqc1101168116","et":1,"ui":"860128037085345","mc":"02:00:00:00:00:00","ut":1,"av":"7.553","midver":"3.61","ch":"play","mid":"c0129c4bf54127e749499a302780ad48aa1cd47d","idx":9054,"si":1255344370,"ts":1545017468,"dts":0,"os":1,"pcn":"com.eclite.activity","ov":"23","md":"NEM-TL00H","jb":0,"mf":"HUAWEI","ifg":1,"pi":"com.eclitex.biz.ecmain.view.MainActivity","rf":"com.eclite.activity.CallDownSetActivity","du":1}]
12-17 11:31:08.181 I/MtaSDK  (30687): [StatDispatcher(38315): null:-1] - http recv response status code:200, content length:9
12-17 11:31:08.182 I/MtaSDK  (30687): [StatDispatcher(38315): null:-1] - http get response data:{"ret":0}
12-17 11:31:08.204 I/MtaSDK  (30687): [main(1): null:-1] - still foreground
12-17 11:31:08.204 I/System.out(30687): onResume
12-17 11:31:08.253 I/gralloc (  328): Alloc req: dev=0x7fa8f82460, w=1080, h=1920, format=0x1, usage=0xb00
12-17 11:31:08.259 I/gralloc (  328): Alloc handle(0x7fa09f8300): interfmt=0x200000001, stride=1088, size=8486912
12-17 11:31:08.259 I/gralloc (  328): Alloc req: dev=0x7fa8f82460, w=1080, h=1920, format=0x1, usage=0xb00
12-17 11:31:08.265 I/gralloc (  328): Alloc handle(0x7fa9195000): interfmt=0x200000001, stride=1088, size=8486912
12-17 11:31:08.265 I/gralloc (  328): Alloc req: dev=0x7fa8f82460, w=1080, h=1920, format=0x1, usage=0xb00
12-17 11:31:08.272 I/gralloc (  328): Alloc handle(0x7fa09f8600): interfmt=0x200000001, stride=1088, size=8486912
12-17 11:31:08.291 E/InputReader(  930): QEEXO fs_classify_touch NULL, not calling FingerSense
12-17 11:31:08.303 I/ActivityManager(  930): Displayed com.eclite.activity/.BindEmailActivity: +168ms
12-17 11:31:08.317 I/gralloc (  328): Free handle(0x7fa9188200)
12-17 11:31:08.317 I/gralloc (  328): Free handle(0x7fa9188e00)
12-17 11:31:08.331 I/gralloc (  328): Free handle(0x7fa9196c00)
12-17 11:31:08.331 I/gralloc (  328): Free handle(0x7fa9196600)
12-17 11:31:08.366 E/InputReader(  930): QEEXO fs_touch_up NULL, not calling FingerSense
12-17 11:31:08.373 I/MtaSDK  (30687): [StatService(38312): null:-1] - sendFailedCount=0
12-17 11:31:08.373 I/MtaSDK  (30687): [StatService(38312): null:-1] - strategy=INSTANT
12-17 11:31:08.374 I/MID     (30687): [StatService(38312): null:-1] - read mid from sharedPreferences， key=__MTA_DEVICE_INFO__1000001
12-17 11:31:08.379 I/MID     (30687): [StatService(38312): null:-1] - read mid from InternalStorage
12-17 11:31:08.382 W/MID     (30687): [StatService(38312): null:-1] - java.io.FileNotFoundException: /storage/emulated/0/Tencent/mta/.mid.txt1000001: open failed: ENOENT (No such file or directory)
12-17 11:31:08.383 I/MtaSDK  (30687): [StatDispatcher(38315): null:-1] - [http://pingma.qq.com:80/mstat/report/?index=1545016515]Send request(418bytes), content:[{"ky":"Aqc1101168116","et":1,"ui":"860128037085345","mc":"02:00:00:00:00:00","ut":1,"av":"7.553","midver":"3.61","ch":"play","mid":"c0129c4bf54127e749499a302780ad48aa1cd47d","idx":9055,"si":1255344370,"ts":1545017468,"dts":0,"os":1,"pcn":"com.eclite.activity","ov":"23","md":"NEM-TL00H","jb":0,"mf":"HUAWEI","ifg":1,"pi":"com.eclite.activity.BindEmailActivity","rf":"com.eclitex.biz.ecmain.view.MainActivity","du":1}]
12-17 11:31:08.387 I/MtaSDK  (30687): [main(1): null:-1] - still foreground
12-17 11:31:08.387 I/System.out(30687): onResume
12-17 11:31:08.400 I/MtaSDK  (30687): [StatDispatcher(38315): null:-1] - http recv response status code:200, content length:9
12-17 11:31:08.400 I/MtaSDK  (30687): [StatDispatcher(38315): null:-1] - http get response data:{"ret":0}
12-17 11:31:08.407 I/gralloc (  328): Alloc req: dev=0x7fa8f82460, w=1080, h=1920, format=0x1, usage=0xb00
12-17 11:31:08.413 I/gralloc (  328): Alloc handle(0x7fa9195400): interfmt=0x200000001, stride=1088, size=8486912
12-17 11:31:08.413 I/gralloc (  328): Alloc req: dev=0x7fa8f82460, w=1080, h=1920, format=0x1, usage=0xb00
12-17 11:31:08.419 I/gralloc (  328): Alloc handle(0x7fa9195a00): interfmt=0x200000001, stride=1088, size=8486912
12-17 11:31:08.419 I/gralloc (  328): Alloc req: dev=0x7fa8f82460, w=1080, h=1920, format=0x1, usage=0xb00
12-17 11:31:08.425 I/gralloc (  328): Alloc handle(0x7fa9196000): interfmt=0x200000001, stride=1088, size=8486912
12-17 11:31:08.439 I/gralloc (  328): Free handle(0x7fa9195000)
12-17 11:31:08.439 I/gralloc (  328): Free handle(0x7fa09f8600)
12-17 11:31:08.445 I/System.out(30687): onStop
12-17 11:31:08.448 I/gralloc (  328): Free handle(0x7fa09f8800)
12-17 11:31:08.456 E/InputReader(  930): QEEXO fs_classify_touch NULL, not calling FingerSense
12-17 11:31:08.539 E/InputReader(  930): QEEXO fs_touch_up NULL, not calling FingerSense
12-17 11:31:08.671 E/InputReader(  930): QEEXO fs_classify_touch NULL, not calling FingerSense
12-17 11:31:08.728 E/InputReader(  930): QEEXO fs_touch_up NULL, not calling FingerSense
12-17 11:31:08.729 I/wpa_supplicant( 3531): wlan0: HEART-BEAT-ACK: 12709
12-17 11:31:08.730 W/WifiMonitor(  930): couldn't identify event type - HEART-BEAT-ACK: 12709
12-17 11:31:08.731 I/gralloc (  328): Free handle(0x7fa09f8300)
12-17 11:31:08.857 I/System.out(30687): onStop
12-17 11:31:08.860 E/InputReader(  930): QEEXO fs_classify_touch NULL, not calling FingerSense
12-17 11:31:08.906 I/art     (30687): Background partial concurrent mark sweep GC freed 47121(2MB) AllocSpace objects, 18(1768KB) LOS objects, 6% free, 61MB/65MB, paused 8.220ms total 160.817ms at HeapTaskDaemon thread CareAboutPauseTimes 1
12-17 11:31:08.909 E/InputReader(  930): QEEXO fs_touch_up NULL, not calling FingerSense
12-17 11:31:08.913 I/MtaSDK  (30687): [StatService(38312): null:-1] - sendFailedCount=0
12-17 11:31:08.913 I/MtaSDK  (30687): [StatService(38312): null:-1] - strategy=INSTANT
12-17 11:31:08.914 I/MID     (30687): [StatService(38312): null:-1] - read mid from sharedPreferences， key=__MTA_DEVICE_INFO__1000001
12-17 11:31:08.920 I/MID     (30687): [StatService(38312): null:-1] - read mid from InternalStorage
12-17 11:31:08.923 W/MID     (30687): [StatService(38312): null:-1] - java.io.FileNotFoundException: /storage/emulated/0/Tencent/mta/.mid.txt1000001: open failed: ENOENT (No such file or directory)
12-17 11:31:08.924 I/MtaSDK  (30687): [StatDispatcher(38315): null:-1] - [http://pingma.qq.com:80/mstat/report/?index=1545016516]Send request(418bytes), content:[{"ky":"Aqc1101168116","et":1,"ui":"860128037085345","mc":"02:00:00:00:00:00","ut":1,"av":"7.553","midver":"3.61","ch":"play","mid":"c0129c4bf54127e749499a302780ad48aa1cd47d","idx":9056,"si":1255344370,"ts":1545017468,"dts":0,"os":1,"pcn":"com.eclite.activity","ov":"23","md":"NEM-TL00H","jb":0,"mf":"HUAWEI","ifg":1,"pi":"com.eclitex.biz.ecmain.view.MainActivity","rf":"com.eclite.activity.BindEmailActivity","du":1}]
12-17 11:31:08.948 I/MtaSDK  (30687): [StatDispatcher(38315): null:-1] - http recv response status code:200, content length:9
12-17 11:31:08.948 I/MtaSDK  (30687): [StatDispatcher(38315): null:-1] - http get response data:{"ret":0}
12-17 11:31:08.973 I/MtaSDK  (30687): [main(1): null:-1] - still foreground
12-17 11:31:08.973 I/System.out(30687): onResume
12-17 11:31:09.001 I/gralloc (  328): Alloc req: dev=0x7fa8f82460, w=1080, h=1920, format=0x1, usage=0xb00
12-17 11:31:09.007 I/gralloc (  328): Alloc handle(0x7fa9196300): interfmt=0x200000001, stride=1088, size=8486912
12-17 11:31:09.007 I/gralloc (  328): Alloc req: dev=0x7fa8f82460, w=1080, h=1920, format=0x1, usage=0xb00
12-17 11:31:09.013 I/gralloc (  328): Alloc handle(0x7fa9195700): interfmt=0x200000001, stride=1088, size=8486912
12-17 11:31:09.013 I/gralloc (  328): Alloc req: dev=0x7fa8f82460, w=1080, h=1920, format=0x1, usage=0xb00
12-17 11:31:09.019 I/gralloc (  328): Alloc handle(0x7fa9196800): interfmt=0x200000001, stride=1088, size=8486912
12-17 11:31:09.029 I/ActivityManager(  930): Displayed com.eclite.activity/.BindEmailActivity: +115ms
12-17 11:31:09.034 I/gralloc (  328): Free handle(0x7fa9195400)
12-17 11:31:09.035 I/gralloc (  328): Free handle(0x7fa9196000)
12-17 11:31:09.354 I/System.out(30687): onStop
12-17 11:31:09.364 I/gralloc (  328): Free handle(0x7fa9195a00)
12-17 11:31:09.515 I/        ( 6713): power log dlsym ok
12-17 11:31:09.550 I/gralloc (  328): Alloc req: dev=0x7fa8f82460, w=16, h=16, format=0x1, usage=0x100
12-17 11:31:09.550 I/gralloc (  328): Alloc handle(0x7fa9188e00): interfmt=0x1, stride=64, size=4096
12-17 11:31:09.552 E/linker  ( 6713): readlink('/proc/self/fd/22') failed: Permission denied [fd=22]
12-17 11:31:09.552 E/linker  ( 6713): warning: unable to get realpath for the library "/system/lib/hw/gralloc.hi6250.so". Will use given name.
12-17 11:31:09.555 I/gralloc (  328): Free handle(0x7fa9188e00)
12-17 11:31:09.794 I/TrafficMonitor(  930): update:rxPkts:12,txPkts:13,rxBytes:1281,txBytes:3272
12-17 11:31:09.794 I/TrafficMonitor(  930): start expired. level:-1
12-17 11:31:09.794 I/TrafficMonitor(  930): gettimer:interval=2000
12-17 11:31:09.919 E/InputReader(  930): QEEXO fs_classify_touch NULL, not calling FingerSense
12-17 11:31:09.929 E/WifiConfigStore(  930): updateConfiguration freq=2412 BSSID=02:19:3b:10:eb:32 RSSI=-52 "ec@work"WPA_PSK
12-17 11:31:09.977 E/InputReader(  930): QEEXO fs_touch_up NULL, not calling FingerSense
12-17 11:31:09.988 I/MtaSDK  (30687): [StatService(38312): null:-1] - sendFailedCount=0
12-17 11:31:09.988 I/MtaSDK  (30687): [StatService(38312): null:-1] - strategy=INSTANT
12-17 11:31:09.989 I/MID     (30687): [StatService(38312): null:-1] - read mid from sharedPreferences， key=__MTA_DEVICE_INFO__1000001
12-17 11:31:09.995 I/MID     (30687): [StatService(38312): null:-1] - read mid from InternalStorage
12-17 11:31:09.998 W/MID     (30687): [StatService(38312): null:-1] - java.io.FileNotFoundException: /storage/emulated/0/Tencent/mta/.mid.txt1000001: open failed: ENOENT (No such file or directory)
12-17 11:31:09.999 I/System.out(30687): onRestart
12-17 11:31:09.999 I/MtaSDK  (30687): [StatDispatcher(38315): null:-1] - [http://pingma.qq.com:80/mstat/report/?index=1545016517]Send request(418bytes), content:[{"ky":"Aqc1101168116","et":1,"ui":"860128037085345","mc":"02:00:00:00:00:00","ut":1,"av":"7.553","midver":"3.61","ch":"play","mid":"c0129c4bf54127e749499a302780ad48aa1cd47d","idx":9057,"si":1255344370,"ts":1545017469,"dts":0,"os":1,"pcn":"com.eclite.activity","ov":"23","md":"NEM-TL00H","jb":0,"mf":"HUAWEI","ifg":1,"pi":"com.eclite.activity.BindEmailActivity","rf":"com.eclitex.biz.ecmain.view.MainActivity","du":1}]
12-17 11:31:10.003 I/MtaSDK  (30687): [main(1): null:-1] - still foreground
12-17 11:31:10.003 I/System.out(30687): onResume
12-17 11:31:10.016 W/PlaceRecognitionService( 6617): reached max time for work,just do work done!
12-17 11:31:10.016 I/PlaceRecognitionService( 6617): work done startId : 1
12-17 11:31:10.018 I/PlaceRecognitionService( 6617): onDestroy
12-17 11:31:10.018 I/CalendarSync( 6617): deInit mIsReceiverRegistered : true
12-17 11:31:10.020 W/RMS.SmartShrinker(  930): SmartShrinker is runing in pid =6617 reclaim mode = 4
12-17 11:31:10.026 I/MtaSDK  (30687): [StatDispatcher(38315): null:-1] - http recv response status code:200, content length:9
12-17 11:31:10.026 I/MtaSDK  (30687): [StatDispatcher(38315): null:-1] - http get response data:{"ret":0}
12-17 11:31:10.030 I/gralloc (  328): Alloc req: dev=0x7fa8f82460, w=1080, h=1920, format=0x1, usage=0xb00
12-17 11:31:10.036 I/gralloc (  328): Alloc handle(0x7fa9188200): interfmt=0x200000001, stride=1088, size=8486912
12-17 11:31:10.036 I/gralloc (  328): Alloc req: dev=0x7fa8f82460, w=1080, h=1920, format=0x1, usage=0xb00
12-17 11:31:10.042 I/gralloc (  328): Alloc handle(0x7fa9196600): interfmt=0x200000001, stride=1088, size=8486912
12-17 11:31:10.043 I/gralloc (  328): Alloc req: dev=0x7fa8f82460, w=1080, h=1920, format=0x1, usage=0xb00
12-17 11:31:10.049 I/gralloc (  328): Alloc handle(0x7fa9196c00): interfmt=0x200000001, stride=1088, size=8486912
12-17 11:31:10.081 I/gralloc (  328): Free handle(0x7fa9195700)
12-17 11:31:10.165 I/MtaSDK  (30687): [StatService(38312): null:-1] - sendFailedCount=0
12-17 11:31:10.165 I/MtaSDK  (30687): [StatService(38312): null:-1] - strategy=INSTANT
12-17 11:31:10.166 I/MID     (30687): [StatService(38312): null:-1] - read mid from sharedPreferences， key=__MTA_DEVICE_INFO__1000001
12-17 11:31:10.171 I/MID     (30687): [StatService(38312): null:-1] - read mid from InternalStorage
12-17 11:31:10.175 W/MID     (30687): [StatService(38312): null:-1] - java.io.FileNotFoundException: /storage/emulated/0/Tencent/mta/.mid.txt1000001: open failed: ENOENT (No such file or directory)
12-17 11:31:10.175 I/MtaSDK  (30687): [StatDispatcher(38315): null:-1] - [http://pingma.qq.com:80/mstat/report/?index=1545016518]Send request(418bytes), content:[{"ky":"Aqc1101168116","et":1,"ui":"860128037085345","mc":"02:00:00:00:00:00","ut":1,"av":"7.553","midver":"3.61","ch":"play","mid":"c0129c4bf54127e749499a302780ad48aa1cd47d","idx":9058,"si":1255344370,"ts":1545017470,"dts":0,"os":1,"pcn":"com.eclite.activity","ov":"23","md":"NEM-TL00H","jb":0,"mf":"HUAWEI","ifg":1,"pi":"com.eclitex.biz.ecmain.view.MainActivity","rf":"com.eclite.activity.BindEmailActivity","du":1}]
12-17 11:31:10.183 I/MtaSDK  (30687): [StatDispatcher(38315): null:-1] - http recv response status code:200, content length:9
12-17 11:31:10.184 I/MtaSDK  (30687): [StatDispatcher(38315): null:-1] - http get response data:{"ret":0}
12-17 11:31:10.250 E/InputReader(  930): QEEXO fs_classify_touch NULL, not calling FingerSense
12-17 11:31:10.251 I/InputDispatcher(  930): Dropping event because there is no touchable window at (970, 1773).
12-17 11:31:10.287 I/MtaSDK  (30687): [main(1): null:-1] - still foreground
12-17 11:31:10.287 I/System.out(30687): onResume
12-17 11:31:10.316 I/PgedBinderListener( 2354): kstate callback type:8 value1=6395 value2=KILLED
12-17 11:31:10.317 I/PgedBinderListener( 2354): kstate callback type:8 value1=6617 value2=KILLED
12-17 11:31:10.320 I/PgedBinderListener( 2354): kstate callback type:8 value1=6662 value2=KILLED
12-17 11:31:10.324 E/InputReader(  930): QEEXO fs_touch_up NULL, not calling FingerSense
12-17 11:31:10.352 I/gralloc (  328): Alloc req: dev=0x7fa8f82460, w=1080, h=1920, format=0x1, usage=0xb00
12-17 11:31:10.359 I/gralloc (  328): Alloc handle(0x7fa09f8600): interfmt=0x200000001, stride=1088, size=8486912
12-17 11:31:10.359 I/gralloc (  328): Alloc req: dev=0x7fa8f82460, w=1080, h=1920, format=0x1, usage=0xb00
12-17 11:31:10.366 I/gralloc (  328): Alloc handle(0x7fa9195000): interfmt=0x200000001, stride=1088, size=8486912
12-17 11:31:10.366 I/gralloc (  328): Alloc req: dev=0x7fa8f82460, w=1080, h=1920, format=0x1, usage=0xb00
12-17 11:31:10.372 I/gralloc (  328): Alloc handle(0x7fa09f8a00): interfmt=0x200000001, stride=1088, size=8486912
12-17 11:31:10.391 I/ActivityManager(  930): Displayed com.eclite.activity/.ConfirmCallActivity: +225ms
12-17 11:31:10.396 E/HsmCoreServiceImpl(  930): onTransact in code is: 102
12-17 11:31:10.396 I/MediaProcessHandler(  930): processOp opType: 1, uid: 10016, pid: 6617
12-17 11:31:10.396 W/MediaProcessHandler(  930): remove target not exist, maybe the UI process: uid: 10016, pid: 6617
12-17 11:31:10.397 I/gralloc (  328): Free handle(0x7fa9196300)
12-17 11:31:10.398 I/gralloc (  328): Free handle(0x7fa9196800)
12-17 11:31:10.400 I/gralloc (  328): Free handle(0x7fa9196600)
12-17 11:31:10.400 I/gralloc (  328): Free handle(0x7fa9196c00)
12-17 11:31:10.406 E/lowmemorykiller(  326): Error writing /proc/6395/oom_score_adj; errno=22
12-17 11:31:10.407 W/RMS.SmartShrinker(  930): SmartShrinker is runing in pid =6395 reclaim mode = 4
12-17 11:31:10.421 E/lowmemorykiller(  326): Error writing /proc/6395/oom_score_adj; errno=22
12-17 11:31:10.422 E/HsmCoreServiceImpl(  930): onTransact in code is: 102
12-17 11:31:10.422 I/MediaProcessHandler(  930): processOp opType: 1, uid: 10034, pid: 6662
12-17 11:31:10.422 W/MediaProcessHandler(  930): remove target not exist, maybe the UI process: uid: 10034, pid: 6662
12-17 11:31:10.481 E/InputReader(  930): QEEXO fs_classify_touch NULL, not calling FingerSense
12-17 11:31:10.514 E/InputReader(  930): QEEXO fs_touch_up NULL, not calling FingerSense
12-17 11:31:10.518 I/PgedBinderListener( 2354): kstate callback type:8 value1=6395 value2=KILLED
12-17 11:31:10.535 E/HsmCoreServiceImpl(  930): onTransact in code is: 102
12-17 11:31:10.535 I/MediaProcessHandler(  930): processOp opType: 1, uid: 10125, pid: 6395
12-17 11:31:10.535 W/MediaProcessHandler(  930): remove target not exist, maybe the UI process: uid: 10125, pid: 6395
12-17 11:31:10.720 I/System.out(30687): onStop
12-17 11:31:10.725 I/System.out(30687): onStop
12-17 11:31:10.728 I/art     (30687): Starting a blocking GC Explicit
12-17 11:31:10.730 I/gralloc (  328): Free handle(0x7fa9188200)
12-17 11:31:10.863 I/art     (30687): Explicit concurrent mark sweep GC freed 33199(2MB) AllocSpace objects, 14(2MB) LOS objects, 6% free, 57MB/61MB, paused 2.537ms total 135.449ms at main thread CareAboutPauseTimes 1
12-17 11:31:10.869 I/art     (30687): Starting a blocking GC Explicit
12-17 11:31:10.965 W/jni crash monitor( 6713): JNI_OnLoad
12-17 11:31:10.992 I/art     (30687): Explicit concurrent mark sweep GC freed 5036(375KB) AllocSpace objects, 0(0B) LOS objects, 6% free, 57MB/61MB, paused 2.426ms total 123.057ms at main thread CareAboutPauseTimes 1
12-17 11:31:10.995 I/art     (30687): Starting a blocking GC Explicit
12-17 11:31:11.092 E/InputReader(  930): QEEXO fs_classify_touch NULL, not calling FingerSense
12-17 11:31:11.116 I/art     (30687): Explicit concurrent mark sweep GC freed 40(1088B) AllocSpace objects, 0(0B) LOS objects, 6% free, 57MB/61MB, paused 2.435ms total 120.280ms at main thread CareAboutPauseTimes 1
12-17 11:31:11.150 E/InputReader(  930): QEEXO fs_touch_up NULL, not calling FingerSense
12-17 11:31:11.185 I/MtaSDK  (30687): [StatService(38312): null:-1] - sendFailedCount=0
12-17 11:31:11.185 I/MtaSDK  (30687): [StatService(38312): null:-1] - strategy=INSTANT
12-17 11:31:11.186 I/MID     (30687): [StatService(38312): null:-1] - read mid from sharedPreferences， key=__MTA_DEVICE_INFO__1000001
12-17 11:31:11.190 I/MID     (30687): [StatService(38312): null:-1] - read mid from InternalStorage
12-17 11:31:11.193 W/MID     (30687): [StatService(38312): null:-1] - java.io.FileNotFoundException: /storage/emulated/0/Tencent/mta/.mid.txt1000001: open failed: ENOENT (No such file or directory)
12-17 11:31:11.194 I/MtaSDK  (30687): [StatDispatcher(38315): null:-1] - [http://pingma.qq.com:80/mstat/report/?index=1545016519]Send request(420bytes), content:[{"ky":"Aqc1101168116","et":1,"ui":"860128037085345","mc":"02:00:00:00:00:00","ut":1,"av":"7.553","midver":"3.61","ch":"play","mid":"c0129c4bf54127e749499a302780ad48aa1cd47d","idx":9059,"si":1255344370,"ts":1545017471,"dts":0,"os":1,"pcn":"com.eclite.activity","ov":"23","md":"NEM-TL00H","jb":0,"mf":"HUAWEI","ifg":1,"pi":"com.eclite.activity.ConfirmCallActivity","rf":"com.eclitex.biz.ecmain.view.MainActivity","du":1}]
12-17 11:31:11.198 I/System.out(30687): onRestart
12-17 11:31:11.201 I/MtaSDK  (30687): [main(1): null:-1] - still foreground
12-17 11:31:11.201 I/System.out(30687): onResume
12-17 11:31:11.202 I/MtaSDK  (30687): [StatDispatcher(38315): null:-1] - http recv response status code:200, content length:9
12-17 11:31:11.202 I/MtaSDK  (30687): [StatDispatcher(38315): null:-1] - http get response data:{"ret":0}
12-17 11:31:11.228 I/gralloc (  328): Alloc req: dev=0x7fa8f82460, w=1080, h=1920, format=0x1, usage=0xb00
12-17 11:31:11.236 I/gralloc (  328): Alloc handle(0x7fa9196c00): interfmt=0x200000001, stride=1088, size=8486912
12-17 11:31:11.236 I/gralloc (  328): Alloc req: dev=0x7fa8f82460, w=1080, h=1920, format=0x1, usage=0xb00
12-17 11:31:11.244 I/gralloc (  328): Alloc handle(0x7fa9196600): interfmt=0x200000001, stride=1088, size=8486912
12-17 11:31:11.244 I/gralloc (  328): Alloc req: dev=0x7fa8f82460, w=1080, h=1920, format=0x1, usage=0xb00
12-17 11:31:11.251 I/gralloc (  328): Alloc handle(0x7fa9188e00): interfmt=0x200000001, stride=1088, size=8486912
12-17 11:31:11.281 I/gralloc (  328): Free handle(0x7fa9195000)
12-17 11:31:11.282 E/InputReader(  930): QEEXO fs_classify_touch NULL, not calling FingerSense
12-17 11:31:11.332 E/InputReader(  930): QEEXO fs_classify_touch NULL, not calling FingerSense
12-17 11:31:11.348 E/InputReader(  930): QEEXO fs_touch_up NULL, not calling FingerSense
12-17 11:31:11.381 E/InputReader(  930): QEEXO fs_touch_up NULL, not calling FingerSense
12-17 11:31:11.382 I/MtaSDK  (30687): [StatService(38312): null:-1] - sendFailedCount=0
12-17 11:31:11.382 I/MtaSDK  (30687): [StatService(38312): null:-1] - strategy=INSTANT
12-17 11:31:11.382 I/MID     (30687): [StatService(38312): null:-1] - read mid from sharedPreferences， key=__MTA_DEVICE_INFO__1000001
12-17 11:31:11.388 I/MID     (30687): [StatService(38312): null:-1] - read mid from InternalStorage
12-17 11:31:11.392 W/MID     (30687): [StatService(38312): null:-1] - java.io.FileNotFoundException: /storage/emulated/0/Tencent/mta/.mid.txt1000001: open failed: ENOENT (No such file or directory)
12-17 11:31:11.392 I/MtaSDK  (30687): [StatDispatcher(38315): null:-1] - [http://pingma.qq.com:80/mstat/report/?index=1545016520]Send request(420bytes), content:[{"ky":"Aqc1101168116","et":1,"ui":"860128037085345","mc":"02:00:00:00:00:00","ut":1,"av":"7.553","midver":"3.61","ch":"play","mid":"c0129c4bf54127e749499a302780ad48aa1cd47d","idx":9060,"si":1255344370,"ts":1545017471,"dts":0,"os":1,"pcn":"com.eclite.activity","ov":"23","md":"NEM-TL00H","jb":0,"mf":"HUAWEI","ifg":1,"pi":"com.eclitex.biz.ecmain.view.MainActivity","rf":"com.eclite.activity.ConfirmCallActivity","du":1}]
12-17 11:31:11.401 I/MtaSDK  (30687): [StatDispatcher(38315): null:-1] - http recv response status code:200, content length:9
12-17 11:31:11.401 I/MtaSDK  (30687): [StatDispatcher(38315): null:-1] - http get response data:{"ret":0}
12-17 11:31:11.450 I/MtaSDK  (30687): [main(1): null:-1] - still foreground
12-17 11:31:11.450 I/System.out(30687): onResume
12-17 11:31:11.485 I/gralloc (  328): Alloc req: dev=0x7fa8f82460, w=1080, h=1920, format=0x1, usage=0xb00
12-17 11:31:11.491 I/gralloc (  328): Alloc handle(0x7fa9195100): interfmt=0x200000001, stride=1088, size=8486912
12-17 11:31:11.491 I/gralloc (  328): Alloc req: dev=0x7fa8f82460, w=1080, h=1920, format=0x1, usage=0xb00
12-17 11:31:11.496 I/gralloc (  328): Alloc handle(0x7fa9195200): interfmt=0x200000001, stride=1088, size=8486912
