12-17 11:30:18.906 I/HuaweiWifiWatchdogStateMachine(  930): PTcp RTT:200, rtt pkt=7, tcp_rx=17, tcp_tx=27, tcp_reTran=2, rtRate=0.07
12-17 11:30:18.906 I/HuaweiWifiWatchdogStateMachine(  930): rs ota tcp lr rttvb bad: false, false, false, false, false; rsth:-75
12-17 11:30:18.906 I/HuaweiWifiWatchdogStateMachine(  930):  pkt chk not bad, reset sc to 0.
12-17 11:30:18.933 I/MtaSDK  (30687): [main(1): null:-1] - still foreground
12-17 11:30:18.933 I/System.out(30687): onResume
12-17 11:30:18.962 I/gralloc (  328): Alloc req: dev=0x7fa8f82460, w=1080, h=1920, format=0x1, usage=0xb00
12-17 11:30:18.968 I/gralloc (  328): Alloc handle(0x7fa09f8f00): interfmt=0x200000001, stride=1088, size=8486912
12-17 11:30:18.968 I/gralloc (  328): Alloc req: dev=0x7fa8f82460, w=1080, h=1920, format=0x1, usage=0xb00
12-17 11:30:18.973 I/gralloc (  328): Alloc handle(0x7fa5ffe300): interfmt=0x200000001, stride=1088, size=8486912
12-17 11:30:18.973 I/gralloc (  328): Alloc req: dev=0x7fa8f82460, w=1080, h=1920, format=0x1, usage=0xb00
12-17 11:30:18.979 I/gralloc (  328): Alloc handle(0x7fa09f8300): interfmt=0x200000001, stride=1088, size=8486912
12-17 11:30:18.987 I/ActivityManager(  930): Displayed com.eclite.activity/.TeamWorkManagerActivity: +203ms
12-17 11:30:19.011 I/gralloc (  328): Free handle(0x7fa9195000)
12-17 11:30:19.342 I/System.out(30687): onStop
12-17 11:30:19.342 I/gralloc (  328): Free handle(0x7fa9195800)
12-17 11:30:19.344 I/gralloc (  328): Free handle(0x7fa9195100)
12-17 11:30:19.348 I/System  (30687): core_booster, getBoosterConfig = false
12-17 11:30:19.349 I/System  (30687): core_booster, getBoosterConfig = false
12-17 11:30:19.349 I/System  (30687): core_booster, getBoosterConfig = false
12-17 11:30:19.353 I/System  (30687): core_booster, getBoosterConfig = false
12-17 11:30:19.359 I/System  (30687): core_booster, getBoosterConfig = false
12-17 11:30:19.359 I/System  (30687): core_booster, getBoosterConfig = false
12-17 11:30:19.360 I/System  (30687): core_booster, getBoosterConfig = false
12-17 11:30:19.382 I/HwPowerMonitor.PowerExceptionObservable( 2392): unhandled onEvent actionID: 3002
12-17 11:30:19.382 W/HwPowerMonitor.DayActObserver( 2392): mModemLogStatsTimes = 0, ModemLogState = 0
12-17 11:30:19.386 I/Bluetooth_app(26678): HeadsetStateMachine:Disconnected process message: 10, size: 0
12-17 11:30:19.387 I/System  (30687): core_booster, getBoosterConfig = false
12-17 11:30:19.390 W/HwPowerMonitor.DayActObserver( 2392): BAT_CHANGED, mIsScrnOffBatStatsEnabled = true, mIsCharging = true, mIsScrnOfBatDropMonitorStart = false
12-17 11:30:19.635 I/art     (30687): GC statistics: 1 time(s), freed 28541(2008KB) objects, paused 2.832ms total 40.707ms
12-17 11:30:19.636 I/art     (30687): Background partial concurrent mark sweep GC freed 55488(3MB) AllocSpace objects, 1(324KB) LOS objects, 6% free, 59MB/63MB, paused 2.455ms total 140.605ms at HeapTaskDaemon thread CareAboutPauseTimes 1
12-17 11:30:19.708 I/TrafficMonitor(  930): update:rxPkts:170,txPkts:148,rxBytes:160422,txBytes:9978
12-17 11:30:19.708 I/TrafficMonitor(  930): no expired. level:5
12-17 11:30:19.708 I/TrafficMonitor(  930): gettimer:interval=2000
12-17 11:30:19.708 I/TrafficMonitor(  930): during_ms:2001,period_ms:2000
12-17 11:30:19.708 I/TrafficMonitor(  930): count:501,rx_sum:170,tx_sum:148,rxBytes:160422,during_ms:2001,rx_speed:80170.91454272864,tx_speed:4986.506746626687,rto:1.1486486486486487
12-17 11:30:21.608 E/Thermal-daemon(  464): [Thermal_Hw] temperature_valid, battery : temperature is invalid, invalid temperatrue is 30
12-17 11:30:21.608 E/Thermal-daemon(  464): [Thermal_Hw] temperature_filter: get invalid temperature, use old temp
12-17 11:30:21.709 I/TrafficMonitor(  930): update:rxPkts:83,txPkts:42,rxBytes:96907,txBytes:1889
12-17 11:30:21.709 I/TrafficMonitor(  930): no expired. level:4
12-17 11:30:21.709 I/TrafficMonitor(  930): gettimer:interval=2000
12-17 11:30:21.709 I/TrafficMonitor(  930): during_ms:2001,period_ms:2000
12-17 11:30:21.709 I/TrafficMonitor(  930): count:502,rx_sum:83,tx_sum:42,rxBytes:96907,during_ms:2001,rx_speed:48429.28535732134,tx_speed:944.0279860069966,rto:1.9761904761904763
12-17 11:30:21.789 E/WifiConfigStore(  930): updateConfiguration freq=2412 BSSID=02:19:3b:10:eb:32 RSSI=-46 "ec@work"WPA_PSK
12-17 11:30:23.072 I/HwPowerMonitor.PowerExceptionObservable( 2392): unhandled onEvent actionID: 3002
12-17 11:30:23.072 W/HwPowerMonitor.DayActObserver( 2392): mModemLogStatsTimes = 0, ModemLogState = 0
12-17 11:30:23.072 W/HwPowerMonitor.DayActObserver( 2392): BAT_CHANGED, mIsScrnOffBatStatsEnabled = true, mIsCharging = true, mIsScrnOfBatDropMonitorStart = false
12-17 11:30:23.075 I/Bluetooth_app(26678): HeadsetStateMachine:Disconnected process message: 10, size: 0
12-17 11:30:23.345 I/WindowBlurViewManager( 1370): allowChangeBlurBackground, lastBlur interval:325892ms ago
12-17 11:30:23.345 I/WindowBlurViewManager( 1370): setBlurBackground()
12-17 11:30:23.357 I/gralloc (  328): Alloc req: dev=0x7fa8f82460, w=134, h=240, format=0x1, usage=0x333
12-17 11:30:23.358 I/gralloc (  328): Alloc handle(0x7fa9196700): interfmt=0x1, stride=192, size=184320
12-17 11:30:23.359 I/gralloc (  328): Free handle(0x7fa9196700)
12-17 11:30:23.362 I/SendBroadcastPermission( 1370): action:com.android.systemui.statusbar.visible.change, mPermissionType:0
12-17 11:30:23.411 I/        ( 5353): power log dlsym ok
12-17 11:30:23.514 I/gralloc (  328): Alloc req: dev=0x7fa8f82460, w=16, h=16, format=0x1, usage=0x100
12-17 11:30:23.515 I/gralloc (  328): Alloc handle(0x7fa09f8b00): interfmt=0x1, stride=64, size=4096
12-17 11:30:23.515 E/linker  ( 5353): readlink('/proc/self/fd/22') failed: Permission denied [fd=22]
12-17 11:30:23.516 E/linker  ( 5353): warning: unable to get realpath for the library "/system/lib64/hw/gralloc.hi6250.so". Will use given name.
12-17 11:30:23.522 I/gralloc (  328): Free handle(0x7fa09f8b00)
12-17 11:30:23.620 I/InputDispatcher(  930): touch process [30687], send to pg
12-17 11:30:23.682 I/HwIntelligent3_ActivityUtil( 5353): HwIntelligent versionName: 4.0.0.100, versionCode: 25
12-17 11:30:23.684 I/wpa_supplicant( 3531): wlan0: HEART-BEAT-ACK: 12706
12-17 11:30:23.685 W/WifiMonitor(  930): couldn't identify event type - HEART-BEAT-ACK: 12706
12-17 11:30:23.697 I/HwCust  ( 5353): Constructor found for class android.app.HwCustAlarmManagerImpl
12-17 11:30:23.710 I/TrafficMonitor(  930): update:rxPkts:2,txPkts:3,rxBytes:455,txBytes:241
12-17 11:30:23.710 I/TrafficMonitor(  930): start expired. level:-1
12-17 11:30:23.710 I/TrafficMonitor(  930): gettimer:interval=2000
12-17 11:30:23.832 E/HwIntelligent3_WorkCommuteManager( 5353): checkInvalid got card should hide
12-17 11:30:23.840 I/HwIntelligent3_WorkCommuteManager( 5353): resetCommute
12-17 11:30:23.840 E/HwIntelligent3_WorkCommuteManager( 5353): no need to reset return
12-17 11:30:23.869 I/HwIntelligent3_OverseasStateManager( 5353): checkRoamingStateChanged : cur country is  home country is 
12-17 11:30:23.869 I/HwIntelligent3_OverseasStateManager( 5353): checkRoamingStateChanged curCountry is null, don't make a change
12-17 11:30:23.895 I/PlaceRecognitionService( 5353): onCreate
12-17 11:30:23.900 I/CalendarSync( 5353): init mIsReceiverRegistered : false
12-17 11:30:23.900 E/HwIntelligent3_OverseasStateManagerImp( 5353): onServiceStateChanged : service state is 1
12-17 11:30:23.912 I/        ( 5381): power log dlsym ok
12-17 11:30:23.922 E/HwIntelligent3_ActionBarPullDownAction( 5353): doAction not pull down return
12-17 11:30:23.943 I/gralloc (  328): Alloc req: dev=0x7fa8f82460, w=16, h=16, format=0x1, usage=0x100
12-17 11:30:23.944 I/gralloc (  328): Alloc handle(0x7fa9195000): interfmt=0x1, stride=64, size=4096
12-17 11:30:23.945 E/linker  ( 5381): readlink('/proc/self/fd/22') failed: Permission denied [fd=22]
12-17 11:30:23.945 E/linker  ( 5381): warning: unable to get realpath for the library "/system/lib64/hw/gralloc.hi6250.so". Will use given name.
12-17 11:30:23.948 I/gralloc (  328): Free handle(0x7fa9195000)
12-17 11:30:23.991 W/System  ( 5381): ClassLoader referenced unknown path: /system/priv-app/Calendar/lib/arm64
12-17 11:30:24.030 I/HwCust  ( 5381): Constructor found for class com.android.calendar.HwCustUtilImpl
12-17 11:30:24.057 I/CalendarSync( 5353): recessInfoKey : [{"year":2018, 
12-17 11:30:24.057 I/CalendarSync( 5353): "workday":[41,54,97,117,271,272], 
12-17 11:30:24.057 I/CalendarSync( 5353): "freeday":[-2,-1,0,45,46,47,48,49,50,51,94,95,96,118,119,120,166,167,168,264,265,266,273,274,275,276,277,278,279]}]
12-17 11:30:24.059 W/RMS.SmartShrinker(  930): SmartShrinker is runing in pid =5381 reclaim mode = 4
12-17 11:30:24.061 I/CalendarSync( 5353): configList size : 1
12-17 11:30:24.068 I/PlaceRecognitionService( 5353): work start startId : 1
12-17 11:30:24.069 I/PRController( 5353): startModules
12-17 11:30:24.073 I/BaseAlarmModule( 5353): LEAVE_OFFICE_REMINDER schedule
12-17 11:30:24.079 I/PgedBinderListener( 2354): kstate callback type:8 value1=3450 value2=KILLED
12-17 11:30:24.080 I/PgedBinderListener( 2354): kstate callback type:8 value1=3686 value2=KILLED
12-17 11:30:24.081 I/PgedBinderListener( 2354): kstate callback type:8 value1=4708 value2=KILLED
12-17 11:30:24.106 I/        ( 5400): power log dlsym ok
12-17 11:30:24.113 E/BaseAlarmModule( 5353): module LEAVE_OFFICE_REMINDER alarm info not valid!
12-17 11:30:24.115 I/BaseAlarmModule( 5353): OVERTIME_REMINDER schedule
12-17 11:30:24.123 E/OverTimeReminder( 5353): workingTime or place is not clustered!
12-17 11:30:24.123 E/BaseAlarmModule( 5353): module OVERTIME_REMINDER alarm info not valid!
12-17 11:30:24.123 I/BaseAlarmModule( 5353): ENTER_OFFICE_REMINDER schedule
12-17 11:30:24.129 E/lowmemorykiller(  326): Error writing /proc/4708/oom_score_adj; errno=22
12-17 11:30:24.129 E/lowmemorykiller(  326): Error writing /proc/3686/oom_score_adj; errno=22
12-17 11:30:24.130 W/RMS.SmartShrinker(  930): SmartShrinker is runing in pid =5400 reclaim mode = 4
12-17 11:30:24.133 E/BaseAlarmModule( 5353): module ENTER_OFFICE_REMINDER alarm info not valid!
12-17 11:30:24.134 I/BaseAlarmModule( 5353): POSITION_COLLECTOR schedule
12-17 11:30:24.136 I/gralloc (  328): Alloc req: dev=0x7fa8f82460, w=16, h=16, format=0x1, usage=0x100
12-17 11:30:24.136 I/gralloc (  328): Alloc handle(0x7fa09f8b00): interfmt=0x1, stride=64, size=4096
12-17 11:30:24.136 I/BaseAlarmModule( 5353): module POSITION_COLLECTOR alarm type : 1 repeating : false interval : -1 trigger : 2018-12-17 11:51:49 isMissed : false
12-17 11:30:24.138 E/linker  ( 5400): readlink('/proc/self/fd/22') failed: Permission denied [fd=22]
12-17 11:30:24.138 E/linker  ( 5400): warning: unable to get realpath for the library "/system/lib64/hw/gralloc.hi6250.so". Will use given name.
12-17 11:30:24.140 I/BaseAlarmModule( 5353): POSITION_CLUSTER schedule
12-17 11:30:24.140 I/gralloc (  328): Free handle(0x7fa09f8b00)
12-17 11:30:24.141 I/BaseAlarmModule( 5353): module POSITION_CLUSTER alarm type : 0 repeating : false interval : -1 trigger : 2018-12-18 00:00:00 isMissed : false
12-17 11:30:24.143 I/PlaceRecognitionService( 5353): work start startId : 2
12-17 11:30:24.143 I/PRController( 5353): setCommuteType type : 2
12-17 11:30:24.144 I/PlaceRecognitionService( 5353): work start startId : 3
12-17 11:30:24.144 I/PRController( 5353): setModuleOn ENTER_OFFICE_REMINDER on : true
12-17 11:30:24.144 W/PRController( 5353): ENTER_OFFICE_REMINDER already started!
12-17 11:30:24.144 W/PRController( 5353): core module already started!
12-17 11:30:24.144 I/PlaceRecognitionService( 5353): work start startId : 4
12-17 11:30:24.144 I/PRController( 5353): setModuleOn LEAVE_OFFICE_REMINDER on : true
12-17 11:30:24.144 W/PRController( 5353): LEAVE_OFFICE_REMINDER already started!
12-17 11:30:24.144 W/PRController( 5353): core module already started!
12-17 11:30:24.144 I/PlaceRecognitionService( 5353): work start startId : 5
12-17 11:30:24.144 I/PRController( 5353): setModuleOn OVERTIME_REMINDER on : true
12-17 11:30:24.144 W/PRController( 5353): OVERTIME_REMINDER already started!
12-17 11:30:24.144 W/PRController( 5353): core module already started!
12-17 11:30:24.146 I/PlaceRecognitionService( 5353): work done startId : 2
12-17 11:30:24.146 I/PlaceRecognitionService( 5353): work done startId : 3
12-17 11:30:24.146 I/PlaceRecognitionService( 5353): work done startId : 4
12-17 11:30:24.146 I/PlaceRecognitionService( 5353): work done startId : 5
12-17 11:30:24.159 W/System  ( 5400): ClassLoader referenced unknown path: /system/app/CalendarProvider/lib/arm64
12-17 11:30:24.173 E/HsmCoreServiceImpl(  930): onTransact in code is: 102
12-17 11:30:24.173 I/MediaProcessHandler(  930): processOp opType: 1, uid: 10060, pid: 4708
12-17 11:30:24.173 W/MediaProcessHandler(  930): remove target not exist, maybe the UI process: uid: 10060, pid: 4708
12-17 11:30:24.179 E/lowmemorykiller(  326): Error writing /proc/3686/oom_score_adj; errno=22
12-17 11:30:24.179 W/RMS.SmartShrinker(  930): SmartShrinker is runing in pid =3686 reclaim mode = 4
12-17 11:30:24.267 E/lowmemorykiller(  326): Error writing /proc/3450/oom_score_adj; errno=22
12-17 11:30:24.269 W/RMS.SmartShrinker(  930): SmartShrinker is runing in pid =3450 reclaim mode = 4
12-17 11:30:24.269 E/JavaBinder(  930): !!! FAILED BINDER TRANSACTION !!!  (parcel size = 76)
12-17 11:30:24.280 E/HsmCoreServiceImpl(  930): onTransact in code is: 102
12-17 11:30:24.280 I/MediaProcessHandler(  930): processOp opType: 1, uid: 10125, pid: 3686
12-17 11:30:24.280 W/MediaProcessHandler(  930): remove target not exist, maybe the UI process: uid: 10125, pid: 3686
12-17 11:30:24.298 I/PgedBinderListener( 2354): kstate callback type:8 value1=3450 value2=KILLED
12-17 11:30:24.305 I/HwCust  ( 5400): Constructor found for class android.app.HwCustAlarmManagerImpl
12-17 11:30:24.322 E/HsmCoreServiceImpl(  930): onTransact in code is: 102
12-17 11:30:24.322 I/MediaProcessHandler(  930): processOp opType: 1, uid: 10125, pid: 3450
12-17 11:30:24.322 W/MediaProcessHandler(  930): remove target not exist, maybe the UI process: uid: 10125, pid: 3450
12-17 11:30:24.323 I/AccountManagerService(  930): getTypesVisibleToCaller: isPermitted? true
12-17 11:30:24.794 E/WifiConfigStore(  930): updateConfiguration freq=2412 BSSID=02:19:3b:10:eb:32 RSSI=-47 "ec@work"WPA_PSK
12-17 11:30:25.108 W/PowerMonitor.PeriodCheckItem( 2392): powergenie_mode, put to hashmap: key = 1545017425107, value = 2, length = 1
12-17 11:30:25.109 W/PowerMonitor.PeriodCheckItem( 2392): backlight, put to hashmap: key = 1545017425107, value = 74, length = 2
12-17 11:30:25.109 W/PowerMonitor.PeriodCheckItem( 2392): discharging, put to hashmap: key = 1545017425107, value = 220, length = 3
12-17 11:30:25.273 I/        ( 5423): power log dlsym ok
12-17 11:30:25.336 I/CalendarProvider2( 5400): Sending notification intent: Intent { act=android.intent.action.PROVIDER_CHANGED dat=content://com.android.calendar }
12-17 11:30:25.337 I/SendBroadcastPermission( 5400): action:android.intent.action.PROVIDER_CHANGED, mPermissionType:0
12-17 11:30:25.337 W/ContentResolver( 5400): Failed to get type for: content://com.android.calendar (Unknown URL content://com.android.calendar)
12-17 11:30:25.340 I/gralloc (  328): Alloc req: dev=0x7fa8f82460, w=16, h=16, format=0x1, usage=0x100
12-17 11:30:25.340 I/gralloc (  328): Alloc handle(0x7fa9195d00): interfmt=0x1, stride=64, size=4096
12-17 11:30:25.342 E/linker  ( 5423): readlink('/proc/self/fd/22') failed: Permission denied [fd=22]
12-17 11:30:25.343 E/linker  ( 5423): warning: unable to get realpath for the library "/system/lib/hw/gralloc.hi6250.so". Will use given name.
12-17 11:30:25.343 W/RMS.SmartShrinker(  930): SmartShrinker is runing in pid =5400 reclaim mode = 4
12-17 11:30:25.350 I/gralloc (  328): Free handle(0x7fa9195d00)
12-17 11:30:25.355 I/HwCust  ( 5381): Constructor found for class com.android.calendar.alerts.HwCustAlertServiceImpl
12-17 11:30:25.388 W/RMS.SmartShrinker(  930): SmartShrinker is runing in pid =5400 reclaim mode = 4
12-17 11:30:25.576 I/HwCust  ( 5381): Constructor found for class android.app.HwCustAlarmManagerImpl
12-17 11:30:25.586 I/SendBroadcastPermission( 5381): action:com.android.calendar.APPWIDGET_UPDATE, mPermissionType:0
12-17 11:30:25.592 W/RMS.SmartShrinker(  930): SmartShrinker is runing in pid =5381 reclaim mode = 4
12-17 11:30:25.593 W/RMS.SmartShrinker(  930): SmartShrinker is runing in pid =5400 reclaim mode = 4
12-17 11:30:25.604 I/CalendarSimpleUiPRovider( 5381): loadEvent end update UI0
12-17 11:30:25.657 W/art     ( 5423): Suspending all threads took: 5.055ms
12-17 11:30:25.711 I/TrafficMonitor(  930): update:rxPkts:1,txPkts:0,rxBytes:56,txBytes:0
12-17 11:30:25.711 I/TrafficMonitor(  930): start expired. level:-1
12-17 11:30:25.711 I/TrafficMonitor(  930): gettimer:interval=2000
12-17 11:30:26.609 E/Thermal-daemon(  464): [Thermal_Hw] temperature_valid, battery : temperature is invalid, invalid temperatrue is 30
12-17 11:30:26.609 E/Thermal-daemon(  464): [Thermal_Hw] temperature_filter: get invalid temperature, use old temp
12-17 11:30:26.611 E/Thermal-daemon(  464): [ap] temp_new :34  temp_old :33
12-17 11:30:26.611 E/Thermal-daemon(  464): Report temperature: [ap] temp :34  report_threshold:1
12-17 11:30:26.709 I/TrafficMonitor(  930): expired arrive. level:-1
12-17 11:30:26.710 I/TrafficMonitor(  930): during_ms:2001,period_ms:2000
12-17 11:30:26.710 I/TrafficMonitor(  930): count:504,rx_sum:1,tx_sum:0,rxBytes:56,during_ms:2001,rx_speed:27.98600699650175,tx_speed:0.0,rto:0.0
12-17 11:30:26.800 W/AlarmManager(  930): WAKEUP alarm trigger action = com.eclite.activity:QALSERVICE_27866294 elapsed = 3016380544
12-17 11:30:26.918 E/WifiConfigStore(  930): updateConfiguration freq=2412 BSSID=02:19:3b:10:eb:32 RSSI=-47 "ec@work"WPA_PSK
12-17 11:30:26.919 I/QosMonitor(  930): queryRtt: rtt_type = 3
12-17 11:30:26.919 I/WifiProJNI(  930): ######### GET RTT:3 ########
12-17 11:30:26.919 I/QosMonitor(  930): postEventFromNative: msg=100,arg1=4,arg2=9
12-17 11:30:26.919 W/WifiProJNI(  930): poll before: g_monitor_fd =178
12-17 11:30:26.919 I/QosMonitor(  930): resetRtt: rtt_type = 3
12-17 11:30:26.919 I/WifiProJNI(  930): ######### RESET RTT:3 ########
12-17 11:30:26.919 I/HuaweiWifiWatchdogStateMachine(  930): spd good count:0, add sc:0.0, rate:1.0
12-17 11:30:26.919 I/HuaweiWifiWatchdogStateMachine(  930): current mHighDataFlowRate = 1.0
12-17 11:30:26.919 I/HuaweiWifiWatchdogStateMachine(  930): POta txb txg rxg:0, 146, 0. Lr =0% Totpkt=146
12-17 11:30:26.919 I/WifiProJNI(  930): ######### CMD_QUERY_PKTS ########
12-17 11:30:26.920 I/QosMonitor(  930): postEventFromNative: msg=100,arg1=0,arg2=9
12-17 11:30:26.920 W/WifiProJNI(  930): poll before: g_monitor_fd =178
12-17 11:30:26.922 I/HuaweiWifiWatchdogStateMachine(  930): PTcp RTT:220, rtt pkt=23, tcp_rx=245, tcp_tx=187, tcp_reTran=1, rtRate=0.01
12-17 11:30:26.922 I/HuaweiWifiWatchdogStateMachine(  930):  pkt chk not bad, reset sc to 0.
12-17 11:30:26.922 I/HuaweiWifiWatchdogStateMachine(  930): net speed good
12-17 11:30:26.922 I/HuaweiWifiWatchdogStateMachine(  930): judge good link######, goodLinkLevel=3
12-17 11:30:26.922 I/HuaweiWifiWatchdogStateMachine(  930): sendResultMsgToQM bssid:02:19:**:**:eb:32, qoslevel=3
12-17 11:30:26.922 I/HuaweiWifiWatchdogStateMachine(  930): link good reported, good base rssi:-45
12-17 11:30:26.943 W/jni crash monitor( 5423): JNI_OnLoad
12-17 11:30:27.655 E/linker  ( 5423): readlink('/proc/self/fd/49') failed: Permission denied [fd=49]
12-17 11:30:27.655 E/linker  ( 5423): warning: unable to get realpath for the library "/data/app/com.tencent.mm-2/lib/arm/libwcdb.so". Will use given name.
12-17 11:30:27.675 I/WCDB    ( 5423): Initialize JNI module (1/11) CursorWindow...
12-17 11:30:27.676 I/WCDB    ( 5423): Initialize JNI module (2/11) FileUtils...
12-17 11:30:27.676 I/WCDB    ( 5423): Initialize JNI module (3/11) ChunkedCursorWindow...
12-17 11:30:27.676 I/WCDB    ( 5423): Initialize JNI module (4/11) SQLiteConnection...
12-17 11:30:27.678 I/WCDB    ( 5423): Initialize JNI module (5/11) SQLiteDebug...
12-17 11:30:27.678 I/WCDB    ( 5423): Initialize JNI module (6/11) SQLiteDirectCursor...
12-17 11:30:27.678 I/WCDB    ( 5423): Initialize JNI module (7/11) SQLiteGlobal...
12-17 11:30:27.679 I/WCDB    ( 5423): Initialize JNI module (8/11) DBBackup...
12-17 11:30:27.680 I/WCDB    ( 5423): Initialize JNI module (9/11) DBDumpUtil...
12-17 11:30:27.680 I/WCDB    ( 5423): Initialize JNI module (10/11) DBRepair...
12-17 11:30:27.681 I/WCDB    ( 5423): Initialize JNI module (11/11) Log...
12-17 11:30:27.683 E/linker  ( 5423): readlink('/proc/self/fd/49') failed: Permission denied [fd=49]
12-17 11:30:27.683 E/linker  ( 5423): warning: unable to get realpath for the library "/data/app/com.tencent.mm-2/lib/arm/libcommonimgdec.so". Will use given name.
12-17 11:30:27.703 E/linker  ( 5423): readlink('/proc/self/fd/49') failed: Permission denied [fd=49]
12-17 11:30:27.703 E/linker  ( 5423): warning: unable to get realpath for the library "/data/app/com.tencent.mm-2/lib/arm/libwechatcommon.so". Will use given name.
12-17 11:30:27.712 I/TrafficMonitor(  930): update:rxPkts:3,txPkts:0,rxBytes:1018,txBytes:0
12-17 11:30:27.712 I/TrafficMonitor(  930): start expired. level:-1
12-17 11:30:27.712 I/TrafficMonitor(  930): gettimer:interval=2000
12-17 11:30:27.757 E/linker  ( 5423): readlink('/proc/self/fd/49') failed: Permission denied [fd=49]
12-17 11:30:27.757 E/linker  ( 5423): warning: unable to get realpath for the library "/data/user/0/com.tencent.mm/tinker/patch-405bd40b/lib/lib/armeabi/libwechatmm.so". Will use given name.
12-17 11:30:27.797 E/WifiConfigStore(  930): updateConfiguration freq=2412 BSSID=02:19:3b:10:eb:32 RSSI=-47 "ec@work"WPA_PSK
12-17 11:30:27.807 E/linker  ( 5423): readlink('/proc/self/fd/50') failed: Permission denied [fd=50]
12-17 11:30:27.807 E/linker  ( 5423): warning: unable to get realpath for the library "/data/app/com.tencent.mm-2/lib/arm/libwechatImgTools.so". Will use given name.
12-17 11:30:27.819 E/linker  ( 5423): readlink('/proc/self/fd/50') failed: Permission denied [fd=50]
12-17 11:30:27.819 E/linker  ( 5423): warning: unable to get realpath for the library "/data/app/com.tencent.mm-2/lib/arm/libFFmpeg.so". Will use given name.
12-17 11:30:27.843 E/linker  ( 5423): readlink('/proc/self/fd/50') failed: Permission denied [fd=50]
12-17 11:30:27.843 E/linker  ( 5423): warning: unable to get realpath for the library "/data/app/com.tencent.mm-2/lib/arm/libwechatpack.so". Will use given name.
12-17 11:30:27.867 E/linker  ( 5423): readlink('/proc/self/fd/50') failed: Permission denied [fd=50]
12-17 11:30:27.867 E/linker  ( 5423): warning: unable to get realpath for the library "/data/app/com.tencent.mm-2/lib/arm/libwechatsight_v7a.so". Will use given name.
12-17 11:30:28.128 E/linker  ( 5423): readlink('/proc/self/fd/57') failed: Permission denied [fd=57]
12-17 11:30:28.128 E/linker  ( 5423): warning: unable to get realpath for the library "/data/data/com.tencent.mm/app_tbs/core_share/tbs_sdk_extension_dex.dex". Will use given name.
12-17 11:30:28.174 W/art     ( 5423): Suspending all threads took: 22.016ms
12-17 11:30:28.185 E/linker  ( 5423): readlink('/proc/self/fd/56') failed: Permission denied [fd=56]
12-17 11:30:28.185 E/linker  ( 5423): warning: unable to get realpath for the library "/data/user/0/com.tencent.mm/app_tbs/core_share/libtbs_crash_handler.so". Will use given name.
12-17 11:30:28.190 I/crash_recorder( 5423): JNI_OnLoad at vm:0xf4a3c000
12-17 11:30:28.190 I/crash_recorder( 5423): starting registerNativeSignalAction...
12-17 11:30:28.229 E/linker  ( 5423): readlink('/proc/self/fd/63') failed: Permission denied [fd=63]
12-17 11:30:28.229 E/linker  ( 5423): warning: unable to get realpath for the library "/data/data/com.tencent.mm/app_tbs/core_share/tbs_jars_fusion_dex.dex". Will use given name.
12-17 11:30:28.238 W/System  ( 5423): ClassLoader referenced unknown path: /data/user/0/com.tencent.mm/app_tbs/share/plugins/com.tencent.qb.plugin.videodecode
12-17 11:30:28.239 E/linker  ( 5423): readlink('/proc/self/fd/62') failed: Permission denied [fd=62]
12-17 11:30:28.240 E/linker  ( 5423): warning: unable to get realpath for the library "/data/user/0/com.tencent.mm/app_tbs/core_share/libwebp_base.so". Will use given name.
12-17 11:30:28.480 W/art     ( 5423): Before Android 4.1, method void android.webview.chromium.tencent.TencentWebViewContentsClientAdapter.setDownloadListener(com.tencent.tbs.core.webkit.DownloadListener) would have incorrectly overridden the package-private method in android.webview.chromium.WebViewContentsClientAdapter
12-17 11:30:28.480 W/art     ( 5423): Before Android 4.1, method void android.webview.chromium.tencent.TencentWebViewContentsClientAdapter.setWebChromeClient(com.tencent.tbs.core.webkit.WebChromeClient) would have incorrectly overridden the package-private method in android.webview.chromium.WebViewContentsClientAdapter
12-17 11:30:28.480 W/art     ( 5423): Before Android 4.1, method void android.webview.chromium.tencent.TencentWebViewContentsClientAdapter.setWebViewClient(com.tencent.tbs.core.webkit.WebViewClient) would have incorrectly overridden the package-private method in android.webview.chromium.WebViewContentsClientAdapter
12-17 11:30:28.512 I/WindowBlurViewManager( 1370): allowChangeBlurBackground, lastBlur interval:5164ms ago
12-17 11:30:28.512 I/WindowBlurViewManager( 1370): setBlurBackground()
12-17 11:30:28.525 I/gralloc (  328): Alloc req: dev=0x7fa8f82460, w=134, h=240, format=0x1, usage=0x333
12-17 11:30:28.525 I/gralloc (  328): Alloc handle(0x7fa9195000): interfmt=0x1, stride=192, size=184320
12-17 11:30:28.527 I/gralloc (  328): Free handle(0x7fa9195000)
12-17 11:30:28.542 W/art     ( 5423): Suspending all threads took: 12.824ms
12-17 11:30:28.602 I/art     ( 1370): GC statistics: 1 time(s), freed 13374(3MB) objects, paused 618.688us total 56.528ms
12-17 11:30:28.602 I/art     ( 1370): Background sticky concurrent mark sweep GC freed 38524(2MB) AllocSpace objects, 21(1188KB) LOS objects, 6% free, 47MB/50MB, paused 14.920ms total 67.830ms at HeapTaskDaemon thread CareAboutPauseTimes 1
12-17 11:30:28.615 E/linker  ( 5423): readlink('/proc/self/fd/64') failed: Permission denied [fd=64]
12-17 11:30:28.616 E/linker  ( 5423): warning: unable to get realpath for the library "/data/data/com.tencent.mm/app_tbs/core_share/asr_base_dex.dex". Will use given name.
12-17 11:30:28.647 I/gralloc (  328): Free handle(0x7fa9188200)
12-17 11:30:28.664 E/linker  ( 5423): readlink('/proc/self/fd/70') failed: Permission denied [fd=70]
12-17 11:30:28.664 E/linker  ( 5423): warning: unable to get realpath for the library "/data/user/0/com.tencent.mm/app_tbs/core_share/libcommon_basemodule_jni.so". Will use given name.
12-17 11:30:28.682 I/gralloc (  328): Alloc req: dev=0x7fa8f82460, w=1080, h=1920, format=0x1, usage=0xb00
12-17 11:30:28.688 I/gralloc (  328): Alloc handle(0x7fa09f8a00): interfmt=0x200000001, stride=1088, size=8486912
12-17 11:30:28.699 I/SendBroadcastPermission( 1370): action:com.android.systemui.statusbar.visible.change, mPermissionType:0
12-17 11:30:28.701 I/SendBroadcastPermission( 1370): action:com.android.systemui.statusbar.visible.change, mPermissionType:0
12-17 11:30:28.721 I/gralloc (  328): Alloc req: dev=0x7fa8f82460, w=1080, h=1920, format=0x1, usage=0xb00
12-17 11:30:28.728 I/gralloc (  328): Alloc handle(0x7fa9195d00): interfmt=0x200000001, stride=1088, size=8486912
12-17 11:30:28.735 E/HwIntelligent3_ActionBarPullDownAction( 5353): doAction not pull down return
12-17 11:30:28.745 E/HwIntelligent3_ActionBarPullDownAction( 5353): doAction not pull down return
12-17 11:30:28.752 E/linker  ( 5423): readlink('/proc/self/fd/74') failed: Permission denied [fd=74]
12-17 11:30:28.752 E/linker  ( 5423): warning: unable to get realpath for the library "libhwaps.so". Will use given name.
12-17 11:30:28.776 E/linker  ( 5423): readlink('/proc/self/fd/76') failed: Permission denied [fd=76]
12-17 11:30:28.776 E/linker  ( 5423): warning: unable to get realpath for the library "/data/user/0/com.tencent.mm/app_tbs/core_share/libmttwebview.so". Will use given name.
12-17 11:30:28.800 I/gralloc (  328): Free handle(0x7fa9195d00)
12-17 11:30:28.805 I/gralloc (  328): Alloc req: dev=0x7fa8f82460, w=1080, h=72, format=0x1, usage=0xb00
12-17 11:30:28.806 I/gralloc (  328): Alloc handle(0x7fa9195000): interfmt=0x1, stride=1088, size=315392
12-17 11:30:28.824 I/gralloc (  328): Free handle(0x7fa09f8a00)
12-17 11:30:28.839 I/gralloc (  328): Alloc req: dev=0x7fa8f82460, w=1080, h=72, format=0x1, usage=0xb00
12-17 11:30:28.840 I/gralloc (  328): Alloc handle(0x7fa09f8600): interfmt=0x1, stride=1088, size=315392
12-17 11:30:28.894 E/linker  ( 5423): readlink('/proc/self/fd/76') failed: Permission denied [fd=76]
12-17 11:30:28.894 E/linker  ( 5423): warning: unable to get realpath for the library "/data/user/0/com.tencent.mm/app_tbs/core_share/libmttwebview_plat_support.so". Will use given name.
12-17 11:30:28.897 E/linker  ( 5423): readlink('/proc/self/fd/76') failed: Permission denied [fd=76]
12-17 11:30:28.897 E/linker  ( 5423): warning: unable to get realpath for the library "/data/user/0/com.tencent.mm/app_tbs/core_share/libqb_keystore.so". Will use given name.
12-17 11:30:29.074 W/PlaceRecognitionService( 5353): reached max time for work,just do work done!
12-17 11:30:29.074 I/PlaceRecognitionService( 5353): work done startId : 1
12-17 11:30:29.075 I/PlaceRecognitionService( 5353): onDestroy
12-17 11:30:29.075 I/CalendarSync( 5353): deInit mIsReceiverRegistered : true
12-17 11:30:29.077 W/RMS.SmartShrinker(  930): SmartShrinker is runing in pid =5353 reclaim mode = 4
12-17 11:30:29.084 W/System.err(  930): java.lang.SecurityException: com.tencent.mm was not granted  this permission: android.permission.WRITE_SETTINGS.
12-17 11:30:29.105 W/System.err(  930): 	at android.provider.Settings.isCallingPackageAllowedToPerformAppOpsProtectedOperation(Settings.java:8587)
12-17 11:30:29.105 W/System.err(  930): 	at android.provider.Settings.checkAndNoteWriteSettingsOperation(Settings.java:8454)
12-17 11:30:29.105 W/System.err(  930): 	at com.android.providers.settings.SettingsProvider.mutateSystemSetting(SettingsProvider.java:1034)
12-17 11:30:29.106 W/System.err(  930): 	at com.android.providers.settings.SettingsProvider.insertSystemSetting(SettingsProvider.java:983)
12-17 11:30:29.106 W/System.err(  930): 	at com.android.providers.settings.SettingsProvider.call(SettingsProvider.java:296)
12-17 11:30:29.106 W/System.err(  930): 	at android.content.ContentProvider$Transport.call(ContentProvider.java:398)
12-17 11:30:29.106 W/System.err(  930): 	at android.content.ContentProviderNative.onTransact(ContentProviderNative.java:283)
12-17 11:30:29.106 W/System.err(  930): 	at android.os.Binder.execTransact(Binder.java:453)
12-17 11:30:29.110 E/DatabaseUtils(  930): Writing exception to parcel
12-17 11:30:29.110 E/DatabaseUtils(  930): java.lang.SecurityException: com.tencent.mm was not granted  this permission: android.permission.WRITE_SETTINGS.
12-17 11:30:29.110 E/DatabaseUtils(  930): 	at android.provider.Settings.isCallingPackageAllowedToPerformAppOpsProtectedOperation(Settings.java:8587)
12-17 11:30:29.110 E/DatabaseUtils(  930): 	at android.provider.Settings.checkAndNoteWriteSettingsOperation(Settings.java:8454)
12-17 11:30:29.110 E/DatabaseUtils(  930): 	at com.android.providers.settings.SettingsProvider.mutateSystemSetting(SettingsProvider.java:1034)
12-17 11:30:29.110 E/DatabaseUtils(  930): 	at com.android.providers.settings.SettingsProvider.insertSystemSetting(SettingsProvider.java:983)
12-17 11:30:29.110 E/DatabaseUtils(  930): 	at com.android.providers.settings.SettingsProvider.call(SettingsProvider.java:296)
12-17 11:30:29.110 E/DatabaseUtils(  930): 	at android.content.ContentProvider$Transport.call(ContentProvider.java:398)
12-17 11:30:29.110 E/DatabaseUtils(  930): 	at android.content.ContentProviderNative.onTransact(ContentProviderNative.java:283)
12-17 11:30:29.110 E/DatabaseUtils(  930): 	at android.os.Binder.execTransact(Binder.java:453)
12-17 11:30:29.142 I/InputDispatcher(  930): touch process [30687], send to pg
12-17 11:30:29.144 W/System.err(  930): java.lang.SecurityException: com.tencent.mm was not granted  this permission: android.permission.WRITE_SETTINGS.
12-17 11:30:29.145 W/System.err(  930): 	at android.provider.Settings.isCallingPackageAllowedToPerformAppOpsProtectedOperation(Settings.java:8587)
12-17 11:30:29.145 W/System.err(  930): 	at android.provider.Settings.checkAndNoteWriteSettingsOperation(Settings.java:8454)
12-17 11:30:29.145 W/System.err(  930): 	at com.android.providers.settings.SettingsProvider.mutateSystemSetting(SettingsProvider.java:1034)
12-17 11:30:29.145 W/System.err(  930): 	at com.android.providers.settings.SettingsProvider.insertSystemSetting(SettingsProvider.java:983)
12-17 11:30:29.145 W/System.err(  930): 	at com.android.providers.settings.SettingsProvider.call(SettingsProvider.java:296)
12-17 11:30:29.145 W/System.err(  930): 	at android.content.ContentProvider$Transport.call(ContentProvider.java:398)
12-17 11:30:29.145 W/System.err(  930): 	at android.content.ContentProviderNative.onTransact(ContentProviderNative.java:283)
12-17 11:30:29.145 W/System.err(  930): 	at android.os.Binder.execTransact(Binder.java:453)
12-17 11:30:29.145 E/DatabaseUtils(  930): Writing exception to parcel
12-17 11:30:29.145 E/DatabaseUtils(  930): java.lang.SecurityException: com.tencent.mm was not granted  this permission: android.permission.WRITE_SETTINGS.
12-17 11:30:29.145 E/DatabaseUtils(  930): 	at android.provider.Settings.isCallingPackageAllowedToPerformAppOpsProtectedOperation(Settings.java:8587)
12-17 11:30:29.145 E/DatabaseUtils(  930): 	at android.provider.Settings.checkAndNoteWriteSettingsOperation(Settings.java:8454)
12-17 11:30:29.145 E/DatabaseUtils(  930): 	at com.android.providers.settings.SettingsProvider.mutateSystemSetting(SettingsProvider.java:1034)
12-17 11:30:29.145 E/DatabaseUtils(  930): 	at com.android.providers.settings.SettingsProvider.insertSystemSetting(SettingsProvider.java:983)
12-17 11:30:29.145 E/DatabaseUtils(  930): 	at com.android.providers.settings.SettingsProvider.call(SettingsProvider.java:296)
12-17 11:30:29.145 E/DatabaseUtils(  930): 	at android.content.ContentProvider$Transport.call(ContentProvider.java:398)
12-17 11:30:29.145 E/DatabaseUtils(  930): 	at android.content.ContentProviderNative.onTransact(ContentProviderNative.java:283)
12-17 11:30:29.145 E/DatabaseUtils(  930): 	at android.os.Binder.execTransact(Binder.java:453)
12-17 11:30:29.201 E/linker  ( 5423): readlink('/proc/self/fd/81') failed: Permission denied [fd=81]
12-17 11:30:29.201 E/linker  ( 5423): warning: unable to get realpath for the library "/data/app/com.tencent.mm-2/lib/arm/libconfService.so". Will use given name.
12-17 11:30:29.207 E/linker  ( 5423): readlink('/proc/self/fd/81') failed: Permission denied [fd=81]
12-17 11:30:29.207 E/linker  ( 5423): warning: unable to get realpath for the library "libmarsbridgenetwork.so". Will use given name.
12-17 11:30:29.230 E/linker  ( 5423): readlink('/proc/self/fd/82') failed: Permission denied [fd=82]
12-17 11:30:29.230 E/linker  ( 5423): warning: unable to get realpath for the library "libmarsbridgexlog.so". Will use given name.
12-17 11:30:29.317 I/Bluetooth_framework(  930): BluetoothManagerService:Message: 20
12-17 11:30:29.318 I/Bluetooth_framework(  930): BluetoothManagerService:Added callback: android.bluetooth.IBluetoothManagerCallback$Stub$Proxy@151d9ce:true pid = 5423
12-17 11:30:29.484 W/RMS.SmartShrinker(  930): SmartShrinker is runing in pid =5423 reclaim mode = 4
12-17 11:30:29.691 I/gralloc (  328): Free handle(0x7fa9195c00)
12-17 11:30:29.713 I/TrafficMonitor(  930): update:rxPkts:1,txPkts:0,rxBytes:56,txBytes:0
12-17 11:30:29.713 I/TrafficMonitor(  930): start expired. level:-1
12-17 11:30:29.713 I/TrafficMonitor(  930): gettimer:interval=2000
12-17 11:30:29.772 I/System  ( 5423): core_booster, getBoosterConfig = false
12-17 11:30:29.894 I/icumtt  ( 5423): ICU load finished. 55
12-17 11:30:30.121 I/memcheck( 5423): RenderProcessHostImpl
12-17 11:30:30.123 W/ResourceType( 5423): For resource 0x7f060006, entry index(6) is beyond type entryCount(6)
12-17 11:30:30.123 W/ResourceType( 5423): Failure getting entry for 0x7f060006 (t=5 e=6) (error -75)
12-17 11:30:30.808 E/WifiConfigStore(  930): updateConfiguration freq=2412 BSSID=02:19:3b:10:eb:32 RSSI=-47 "ec@work"WPA_PSK
12-17 11:30:31.611 E/Thermal-daemon(  464): [Thermal_Hw] temperature_valid, battery : temperature is invalid, invalid temperatrue is 30
12-17 11:30:31.611 E/Thermal-daemon(  464): [Thermal_Hw] temperature_filter: get invalid temperature, use old temp
12-17 11:30:31.611 E/Thermal-daemon(  464): [pa_0] temp_new :33  temp_old :32
12-17 11:30:31.611 E/Thermal-daemon(  464): Report temperature: [pa_0] temp :33  report_threshold:1
12-17 11:30:31.714 I/TrafficMonitor(  930): update:rxPkts:7,txPkts:7,rxBytes:1356,txBytes:671
12-17 11:30:31.714 I/TrafficMonitor(  930): start expired. level:-1
12-17 11:30:31.714 I/TrafficMonitor(  930): gettimer:interval=2000
12-17 11:30:32.712 I/TrafficMonitor(  930): expired arrive. level:-1
12-17 11:30:32.712 I/TrafficMonitor(  930): during_ms:2001,period_ms:2000
12-17 11:30:32.712 I/TrafficMonitor(  930): count:507,rx_sum:7,tx_sum:7,rxBytes:1356,during_ms:2001,rx_speed:677.6611694152924,tx_speed:335.33233383308345,rto:1.0
12-17 11:30:33.715 I/TrafficMonitor(  930): update:rxPkts:0,txPkts:0,rxBytes:0,txBytes:0
12-17 11:30:33.715 I/TrafficMonitor(  930): start expired. level:-1
12-17 11:30:33.715 I/TrafficMonitor(  930): gettimer:interval=2000
12-17 11:30:33.813 E/WifiConfigStore(  930): updateConfiguration freq=2412 BSSID=02:19:3b:10:eb:32 RSSI=-47 "ec@work"WPA_PSK
12-17 11:30:34.922 E/WifiConfigStore(  930): updateConfiguration freq=2412 BSSID=02:19:3b:10:eb:32 RSSI=-47 "ec@work"WPA_PSK
12-17 11:30:34.923 I/QosMonitor(  930): queryRtt: rtt_type = 3
12-17 11:30:34.923 I/WifiProJNI(  930): ######### GET RTT:3 ########
12-17 11:30:34.923 I/QosMonitor(  930): postEventFromNative: msg=100,arg1=4,arg2=9
12-17 11:30:34.923 W/WifiProJNI(  930): poll before: g_monitor_fd =178
12-17 11:30:34.923 I/HuaweiWifiWatchdogStateMachine(  930): spd good count:0, add sc:0.0, rate:1.0
12-17 11:30:34.923 I/QosMonitor(  930): resetRtt: rtt_type = 3
12-17 11:30:34.923 I/WifiProJNI(  930): ######### RESET RTT:3 ########
12-17 11:30:34.923 I/HuaweiWifiWatchdogStateMachine(  930): current mHighDataFlowRate = 1.0
12-17 11:30:34.924 I/HuaweiWifiWatchdogStateMachine(  930): POta txb txg rxg:0, 10, 0. Lr =0% Totpkt=10
12-17 11:30:34.924 I/WifiProJNI(  930): ######### CMD_QUERY_PKTS ########
12-17 11:30:34.924 I/QosMonitor(  930): postEventFromNative: msg=100,arg1=0,arg2=9
12-17 11:30:34.924 W/WifiProJNI(  930): poll before: g_monitor_fd =178
12-17 11:30:34.926 I/HuaweiWifiWatchdogStateMachine(  930): PTcp RTT:200, rtt pkt=4, tcp_rx=9, tcp_tx=10, tcp_reTran=0, rtRate=0
12-17 11:30:34.926 I/HuaweiWifiWatchdogStateMachine(  930): rs ota tcp lr rttvb bad: false, false, false, false, false; rsth:-75
12-17 11:30:34.926 I/HuaweiWifiWatchdogStateMachine(  930):  pkt chk not bad, reset sc to 0.
12-17 11:30:35.258 I/WindowBlurViewManager( 1370): allowChangeBlurBackground, lastBlur interval:6745ms ago
12-17 11:30:35.258 I/WindowBlurViewManager( 1370): setBlurBackground()
12-17 11:30:35.264 I/gralloc (  328): Alloc req: dev=0x7fa8f82460, w=134, h=240, format=0x1, usage=0x333
12-17 11:30:35.264 I/        ( 5672): power log dlsym ok
12-17 11:30:35.265 I/gralloc (  328): Alloc handle(0x7fa9188700): interfmt=0x1, stride=192, size=184320
12-17 11:30:35.266 I/gralloc (  328): Free handle(0x7fa9188700)
12-17 11:30:35.272 I/SendBroadcastPermission( 1370): action:com.android.systemui.statusbar.visible.change, mPermissionType:0
12-17 11:30:35.290 W/RMS.SmartShrinker(  930): SmartShrinker is runing in pid =5400 reclaim mode = 4
12-17 11:30:35.302 E/HwIntelligent3_ActionBarPullDownAction( 5353): doAction not pull down return
12-17 11:30:35.311 W/RMS.SmartShrinker(  930): SmartShrinker is runing in pid =5353 reclaim mode = 4
12-17 11:30:35.313 I/gralloc (  328): Alloc req: dev=0x7fa8f82460, w=16, h=16, format=0x1, usage=0x100
12-17 11:30:35.314 I/gralloc (  328): Alloc handle(0x7fa9195d00): interfmt=0x1, stride=64, size=4096
12-17 11:30:35.315 E/linker  ( 5672): readlink('/proc/self/fd/22') failed: Permission denied [fd=22]
12-17 11:30:35.315 E/linker  ( 5672): warning: unable to get realpath for the library "/system/lib/hw/gralloc.hi6250.so". Will use given name.
12-17 11:30:35.326 I/gralloc (  328): Free handle(0x7fa9195d00)
12-17 11:30:35.447 W/art     ( 5672): Suspending all threads took: 5.106ms
12-17 11:30:35.495 I/PgedBinderListener( 2354): kstate callback type:8 value1=5400 value2=KILLED
12-17 11:30:35.500 I/PgedBinderListener( 2354): kstate callback type:8 value1=5381 value2=KILLED
12-17 11:30:35.505 I/PgedBinderListener( 2354): kstate callback type:8 value1=5423 value2=KILLED
12-17 11:30:35.557 E/HsmCoreServiceImpl(  930): onTransact in code is: 102
12-17 11:30:35.564 I/MediaProcessHandler(  930): processOp opType: 1, uid: 10034, pid: 5400
12-17 11:30:35.564 W/MediaProcessHandler(  930): remove target not exist, maybe the UI process: uid: 10034, pid: 5400
12-17 11:30:35.596 I/PgedBinderListener( 2354): kstate callback type:8 value1=5381 value2=KILLED
12-17 11:30:35.596 E/HsmCoreServiceImpl(  930): onTransact in code is: 102
12-17 11:30:35.596 I/MediaProcessHandler(  930): processOp opType: 1, uid: 10006, pid: 5381
12-17 11:30:35.596 W/MediaProcessHandler(  930): remove target not exist, maybe the UI process: uid: 10006, pid: 5381
12-17 11:30:35.704 E/HsmCoreServiceImpl(  930): onTransact in code is: 102
12-17 11:30:35.704 I/MediaProcessHandler(  930): processOp opType: 1, uid: 10125, pid: 5423
12-17 11:30:35.704 W/MediaProcessHandler(  930): remove target not exist, maybe the UI process: uid: 10125, pid: 5423
12-17 11:30:35.772 I/PgedBinderListener( 2354): kstate callback type:16 value1=1370 value2=CALLED
12-17 11:30:35.774 I/TrafficMonitor(  930): update:rxPkts:4,txPkts:5,rxBytes:698,txBytes:409
12-17 11:30:35.774 I/TrafficMonitor(  930): start expired. level:-1
12-17 11:30:35.774 I/TrafficMonitor(  930): gettimer:interval=2000
12-17 11:30:35.872 I/InputDispatcher(  930): touch process [930], send to pg
12-17 11:30:35.905 I/gralloc (  328): Alloc req: dev=0x7fa8f82460, w=1026, h=874, format=0x1, usage=0x933
12-17 11:30:35.909 I/gralloc (  328): Alloc handle(0x7fa9195d00): interfmt=0x1, stride=1088, size=3813376
12-17 11:30:35.941 I/gralloc (  328): Alloc req: dev=0x7fa8f82460, w=1026, h=874, format=0x1, usage=0x933
12-17 11:30:35.946 I/gralloc (  328): Alloc handle(0x7fa9195300): interfmt=0x1, stride=1088, size=3813376
12-17 11:30:36.094 E/HwCHRWifiRSSIGroupSummery(  930): updatArpSummery mRSSI:-47  HwCHRWifiRSSIGroup [rssi_index=4, rtt_tcp_packets=0, rtt_tcp_duration=0, rtt_lan_duration=804, rtt_lan_failures=0, rtt_lan_succ=35, rtt_lan_max=119, rtt_lan_min=5]
12-17 11:30:36.515 W/jni crash monitor( 5672): JNI_OnLoad
12-17 11:30:36.613 E/Thermal-daemon(  464): [Thermal_Hw] temperature_valid, battery : temperature is invalid, invalid temperatrue is 30
12-17 11:30:36.613 E/Thermal-daemon(  464): [Thermal_Hw] temperature_filter: get invalid temperature, use old temp
12-17 11:30:36.691 I/        ( 5806): power log dlsym ok
12-17 11:30:36.713 I/gralloc (  328): Alloc req: dev=0x7fa8f82460, w=16, h=16, format=0x1, usage=0x100
12-17 11:30:36.714 I/gralloc (  328): Alloc handle(0x7fa9188200): interfmt=0x1, stride=64, size=4096
12-17 11:30:36.715 E/linker  ( 5806): readlink('/proc/self/fd/22') failed: Permission denied [fd=22]
12-17 11:30:36.715 E/linker  ( 5806): warning: unable to get realpath for the library "/system/lib/hw/gralloc.hi6250.so". Will use given name.
12-17 11:30:36.718 I/gralloc (  328): Free handle(0x7fa9188200)
12-17 11:30:36.824 E/WifiConfigStore(  930): updateConfiguration freq=2412 BSSID=02:19:3b:10:eb:32 RSSI=-47 "ec@work"WPA_PSK
12-17 11:30:37.152 E/linker  ( 5672): readlink('/proc/self/fd/49') failed: Permission denied [fd=49]
12-17 11:30:37.152 E/linker  ( 5672): warning: unable to get realpath for the library "/data/app/com.tencent.mm-2/lib/arm/libwcdb.so". Will use given name.
12-17 11:30:37.168 I/WCDB    ( 5672): Initialize JNI module (1/11) CursorWindow...
12-17 11:30:37.169 I/WCDB    ( 5672): Initialize JNI module (2/11) FileUtils...
12-17 11:30:37.169 I/WCDB    ( 5672): Initialize JNI module (3/11) ChunkedCursorWindow...
12-17 11:30:37.169 I/WCDB    ( 5672): Initialize JNI module (4/11) SQLiteConnection...
12-17 11:30:37.170 I/WCDB    ( 5672): Initialize JNI module (5/11) SQLiteDebug...
12-17 11:30:37.170 I/WCDB    ( 5672): Initialize JNI module (6/11) SQLiteDirectCursor...
12-17 11:30:37.170 I/WCDB    ( 5672): Initialize JNI module (7/11) SQLiteGlobal...
12-17 11:30:37.171 I/WCDB    ( 5672): Initialize JNI module (8/11) DBBackup...
12-17 11:30:37.171 I/WCDB    ( 5672): Initialize JNI module (9/11) DBDumpUtil...
12-17 11:30:37.171 I/WCDB    ( 5672): Initialize JNI module (10/11) DBRepair...
12-17 11:30:37.172 I/WCDB    ( 5672): Initialize JNI module (11/11) Log...
12-17 11:30:37.173 E/linker  ( 5672): readlink('/proc/self/fd/49') failed: Permission denied [fd=49]
12-17 11:30:37.173 E/linker  ( 5672): warning: unable to get realpath for the library "/data/app/com.tencent.mm-2/lib/arm/libcommonimgdec.so". Will use given name.
12-17 11:30:37.187 E/linker  ( 5672): readlink('/proc/self/fd/49') failed: Permission denied [fd=49]
12-17 11:30:37.187 E/linker  ( 5672): warning: unable to get realpath for the library "/data/app/com.tencent.mm-2/lib/arm/libwechatcommon.so". Will use given name.
12-17 11:30:37.242 E/linker  ( 5672): readlink('/proc/self/fd/49') failed: Permission denied [fd=49]
12-17 11:30:37.242 E/linker  ( 5672): warning: unable to get realpath for the library "/data/user/0/com.tencent.mm/tinker/patch-405bd40b/lib/lib/armeabi/libwechatmm.so". Will use given name.
12-17 11:30:37.298 E/linker  ( 5672): readlink('/proc/self/fd/50') failed: Permission denied [fd=50]
12-17 11:30:37.298 E/linker  ( 5672): warning: unable to get realpath for the library "/data/app/com.tencent.mm-2/lib/arm/libwechatImgTools.so". Will use given name.
12-17 11:30:37.311 E/linker  ( 5672): readlink('/proc/self/fd/50') failed: Permission denied [fd=50]
12-17 11:30:37.311 E/linker  ( 5672): warning: unable to get realpath for the library "/data/app/com.tencent.mm-2/lib/arm/libFFmpeg.so". Will use given name.
12-17 11:30:37.336 E/linker  ( 5672): readlink('/proc/self/fd/50') failed: Permission denied [fd=50]
12-17 11:30:37.336 E/linker  ( 5672): warning: unable to get realpath for the library "/data/app/com.tencent.mm-2/lib/arm/libwechatpack.so". Will use given name.
12-17 11:30:37.362 E/linker  ( 5672): readlink('/proc/self/fd/50') failed: Permission denied [fd=50]
12-17 11:30:37.362 E/linker  ( 5672): warning: unable to get realpath for the library "/data/app/com.tencent.mm-2/lib/arm/libwechatsight_v7a.so". Will use given name.
12-17 11:30:37.570 W/jni crash monitor( 5806): JNI_OnLoad
12-17 11:30:37.638 I/gralloc (  328): Alloc req: dev=0x7fa8f82460, w=1026, h=874, format=0x1, usage=0x933
12-17 11:30:37.642 I/gralloc (  328): Alloc handle(0x7fa9188700): interfmt=0x1, stride=1088, size=3813376
12-17 11:30:37.712 E/linker  ( 5672): readlink('/proc/self/fd/55') failed: Permission denied [fd=55]
12-17 11:30:37.712 E/linker  ( 5672): warning: unable to get realpath for the library "/data/data/com.tencent.mm/app_tbs/core_share/tbs_sdk_extension_dex.dex". Will use given name.
12-17 11:30:37.766 E/linker  ( 5672): readlink('/proc/self/fd/56') failed: Permission denied [fd=56]
12-17 11:30:37.767 E/linker  ( 5672): warning: unable to get realpath for the library "/data/user/0/com.tencent.mm/app_tbs/core_share/libtbs_crash_handler.so". Will use given name.
12-17 11:30:37.775 I/TrafficMonitor(  930): update:rxPkts:1,txPkts:0,rxBytes:72,txBytes:0
12-17 11:30:37.775 I/TrafficMonitor(  930): start expired. level:-1
12-17 11:30:37.775 I/TrafficMonitor(  930): gettimer:interval=2000
12-17 11:30:37.778 I/crash_recorder( 5672): JNI_OnLoad at vm:0xf4a3c000
12-17 11:30:37.779 I/crash_recorder( 5672): starting registerNativeSignalAction...
12-17 11:30:37.828 E/linker  ( 5672): readlink('/proc/self/fd/59') failed: Permission denied [fd=59]
12-17 11:30:37.828 E/linker  ( 5672): warning: unable to get realpath for the library "/data/data/com.tencent.mm/app_tbs/core_share/tbs_jars_fusion_dex.dex". Will use given name.
12-17 11:30:37.835 W/System  ( 5672): ClassLoader referenced unknown path: /data/user/0/com.tencent.mm/app_tbs/share/plugins/com.tencent.qb.plugin.videodecode
12-17 11:30:37.836 E/linker  ( 5672): readlink('/proc/self/fd/58') failed: Permission denied [fd=58]
12-17 11:30:37.836 E/linker  ( 5672): warning: unable to get realpath for the library "/data/user/0/com.tencent.mm/app_tbs/core_share/libwebp_base.so". Will use given name.
12-17 11:30:37.917 W/art     ( 5672): Suspending all threads took: 18.572ms
12-17 11:30:37.953 E/linker  ( 5806): readlink('/proc/self/fd/49') failed: Permission denied [fd=49]
12-17 11:30:37.953 E/linker  ( 5806): warning: unable to get realpath for the library "/data/app/com.tencent.mm-2/lib/arm/libwcdb.so". Will use given name.
12-17 11:30:37.969 I/WCDB    ( 5806): Initialize JNI module (1/11) CursorWindow...
