12-17 11:31:11.497 I/gralloc (  328): Alloc req: dev=0x7fa8f82460, w=1080, h=1920, format=0x1, usage=0xb00
12-17 11:31:11.503 I/gralloc (  328): Alloc handle(0x7fa9195a00): interfmt=0x200000001, stride=1088, size=8486912
12-17 11:31:11.505 E/InputReader(  930): QEEXO fs_classify_touch NULL, not calling FingerSense
12-17 11:31:11.513 I/ActivityManager(  930): Displayed com.eclite.activity/.BindEmailActivity: +129ms
12-17 11:31:11.516 I/gralloc (  328): Free handle(0x7fa9196600)
12-17 11:31:11.517 I/gralloc (  328): Free handle(0x7fa9188e00)
12-17 11:31:11.570 E/InputReader(  930): QEEXO fs_touch_up NULL, not calling FingerSense
12-17 11:31:11.597 I/gralloc (  328): Free handle(0x7fa09f8600)
12-17 11:31:11.598 I/gralloc (  328): Free handle(0x7fa09f8a00)
12-17 11:31:11.624 E/Thermal-daemon(  464): [Thermal_Hw] temperature_valid, battery : temperature is invalid, invalid temperatrue is 31
12-17 11:31:11.625 E/Thermal-daemon(  464): [Thermal_Hw] temperature_filter: get invalid temperature, use old temp
12-17 11:31:11.625 E/Thermal-daemon(  464): [pa_0] temp_new :34  temp_old :33
12-17 11:31:11.625 E/Thermal-daemon(  464): Report temperature: [pa_0] temp :34  report_threshold:1
12-17 11:31:11.626 E/Thermal-daemon(  464): [ap] temp_new :36  temp_old :35
12-17 11:31:11.626 E/Thermal-daemon(  464): Report temperature: [ap] temp :36  report_threshold:1
12-17 11:31:11.653 E/InputReader(  930): QEEXO fs_classify_touch NULL, not calling FingerSense
12-17 11:31:11.710 E/InputReader(  930): QEEXO fs_touch_up NULL, not calling FingerSense
12-17 11:31:11.760 E/linker  ( 6713): readlink('/proc/self/fd/49') failed: Permission denied [fd=49]
12-17 11:31:11.760 E/linker  ( 6713): warning: unable to get realpath for the library "/data/app/com.tencent.mm-2/lib/arm/libwcdb.so". Will use given name.
12-17 11:31:11.776 I/WCDB    ( 6713): Initialize JNI module (1/11) CursorWindow...
12-17 11:31:11.776 I/WCDB    ( 6713): Initialize JNI module (2/11) FileUtils...
12-17 11:31:11.776 I/WCDB    ( 6713): Initialize JNI module (3/11) ChunkedCursorWindow...
12-17 11:31:11.777 I/WCDB    ( 6713): Initialize JNI module (4/11) SQLiteConnection...
12-17 11:31:11.778 I/WCDB    ( 6713): Initialize JNI module (5/11) SQLiteDebug...
12-17 11:31:11.778 I/WCDB    ( 6713): Initialize JNI module (6/11) SQLiteDirectCursor...
12-17 11:31:11.778 I/WCDB    ( 6713): Initialize JNI module (7/11) SQLiteGlobal...
12-17 11:31:11.779 I/WCDB    ( 6713): Initialize JNI module (8/11) DBBackup...
12-17 11:31:11.779 I/WCDB    ( 6713): Initialize JNI module (9/11) DBDumpUtil...
12-17 11:31:11.779 I/WCDB    ( 6713): Initialize JNI module (10/11) DBRepair...
12-17 11:31:11.781 I/WCDB    ( 6713): Initialize JNI module (11/11) Log...
12-17 11:31:11.783 E/linker  ( 6713): readlink('/proc/self/fd/49') failed: Permission denied [fd=49]
12-17 11:31:11.783 E/linker  ( 6713): warning: unable to get realpath for the library "/data/app/com.tencent.mm-2/lib/arm/libcommonimgdec.so". Will use given name.
12-17 11:31:11.794 E/linker  ( 6713): readlink('/proc/self/fd/49') failed: Permission denied [fd=49]
12-17 11:31:11.794 E/linker  ( 6713): warning: unable to get realpath for the library "/data/app/com.tencent.mm-2/lib/arm/libwechatcommon.so". Will use given name.
12-17 11:31:11.794 I/TrafficMonitor(  930): update:rxPkts:15,txPkts:14,rxBytes:1362,txBytes:2892
12-17 11:31:11.794 I/TrafficMonitor(  930): start expired. level:-1
12-17 11:31:11.794 I/TrafficMonitor(  930): gettimer:interval=2000
12-17 11:31:11.837 I/System.out(30687): onStop
12-17 11:31:11.842 I/System.out(30687): onStop
12-17 11:31:11.848 I/gralloc (  328): Free handle(0x7fa9196c00)
12-17 11:31:11.851 E/linker  ( 6713): readlink('/proc/self/fd/49') failed: Permission denied [fd=49]
12-17 11:31:11.851 E/linker  ( 6713): warning: unable to get realpath for the library "/data/user/0/com.tencent.mm/tinker/patch-405bd40b/lib/lib/armeabi/libwechatmm.so". Will use given name.
12-17 11:31:11.880 E/linker  ( 6713): readlink('/proc/self/fd/50') failed: Permission denied [fd=50]
12-17 11:31:11.880 E/linker  ( 6713): warning: unable to get realpath for the library "/data/app/com.tencent.mm-2/lib/arm/libwechatImgTools.so". Will use given name.
12-17 11:31:11.891 E/linker  ( 6713): readlink('/proc/self/fd/50') failed: Permission denied [fd=50]
12-17 11:31:11.891 E/linker  ( 6713): warning: unable to get realpath for the library "/data/app/com.tencent.mm-2/lib/arm/libFFmpeg.so". Will use given name.
12-17 11:31:11.912 E/linker  ( 6713): readlink('/proc/self/fd/50') failed: Permission denied [fd=50]
12-17 11:31:11.912 E/linker  ( 6713): warning: unable to get realpath for the library "/data/app/com.tencent.mm-2/lib/arm/libwechatpack.so". Will use given name.
12-17 11:31:11.933 E/linker  ( 6713): readlink('/proc/self/fd/50') failed: Permission denied [fd=50]
12-17 11:31:11.933 E/linker  ( 6713): warning: unable to get realpath for the library "/data/app/com.tencent.mm-2/lib/arm/libwechatsight_v7a.so". Will use given name.
12-17 11:31:12.162 E/linker  ( 6713): readlink('/proc/self/fd/54') failed: Permission denied [fd=54]
12-17 11:31:12.162 E/linker  ( 6713): warning: unable to get realpath for the library "/data/data/com.tencent.mm/app_tbs/core_share/tbs_sdk_extension_dex.dex". Will use given name.
12-17 11:31:12.211 E/linker  ( 6713): readlink('/proc/self/fd/54') failed: Permission denied [fd=54]
12-17 11:31:12.211 E/linker  ( 6713): warning: unable to get realpath for the library "/data/user/0/com.tencent.mm/app_tbs/core_share/libtbs_crash_handler.so". Will use given name.
12-17 11:31:12.213 I/crash_recorder( 6713): JNI_OnLoad at vm:0xf4a3c000
12-17 11:31:12.213 I/crash_recorder( 6713): starting registerNativeSignalAction...
12-17 11:31:12.237 E/linker  ( 6713): readlink('/proc/self/fd/59') failed: Permission denied [fd=59]
12-17 11:31:12.237 E/linker  ( 6713): warning: unable to get realpath for the library "/data/data/com.tencent.mm/app_tbs/core_share/tbs_jars_fusion_dex.dex". Will use given name.
12-17 11:31:12.242 W/System  ( 6713): ClassLoader referenced unknown path: /data/user/0/com.tencent.mm/app_tbs/share/plugins/com.tencent.qb.plugin.videodecode
12-17 11:31:12.244 E/linker  ( 6713): readlink('/proc/self/fd/54') failed: Permission denied [fd=54]
12-17 11:31:12.244 E/linker  ( 6713): warning: unable to get realpath for the library "/data/user/0/com.tencent.mm/app_tbs/core_share/libwebp_base.so". Will use given name.
12-17 11:31:12.425 W/art     ( 6713): Before Android 4.1, method void android.webview.chromium.tencent.TencentWebViewContentsClientAdapter.setDownloadListener(com.tencent.tbs.core.webkit.DownloadListener) would have incorrectly overridden the package-private method in android.webview.chromium.WebViewContentsClientAdapter
12-17 11:31:12.425 W/art     ( 6713): Before Android 4.1, method void android.webview.chromium.tencent.TencentWebViewContentsClientAdapter.setWebChromeClient(com.tencent.tbs.core.webkit.WebChromeClient) would have incorrectly overridden the package-private method in android.webview.chromium.WebViewContentsClientAdapter
12-17 11:31:12.425 W/art     ( 6713): Before Android 4.1, method void android.webview.chromium.tencent.TencentWebViewContentsClientAdapter.setWebViewClient(com.tencent.tbs.core.webkit.WebViewClient) would have incorrectly overridden the package-private method in android.webview.chromium.WebViewContentsClientAdapter
12-17 11:31:12.489 E/linker  ( 6713): readlink('/proc/self/fd/65') failed: Permission denied [fd=65]
12-17 11:31:12.489 E/linker  ( 6713): warning: unable to get realpath for the library "/data/data/com.tencent.mm/app_tbs/core_share/asr_base_dex.dex". Will use given name.
12-17 11:31:12.539 I/        ( 6880): power log dlsym ok
12-17 11:31:12.620 I/gralloc (  328): Alloc req: dev=0x7fa8f82460, w=16, h=16, format=0x1, usage=0x100
12-17 11:31:12.621 I/gralloc (  328): Alloc handle(0x7fa9188e00): interfmt=0x1, stride=64, size=4096
12-17 11:31:12.623 E/linker  ( 6880): readlink('/proc/self/fd/22') failed: Permission denied [fd=22]
12-17 11:31:12.623 E/linker  ( 6880): warning: unable to get realpath for the library "/system/lib/hw/gralloc.hi6250.so". Will use given name.
12-17 11:31:12.633 I/gralloc (  328): Free handle(0x7fa9188e00)
12-17 11:31:12.636 E/linker  ( 6713): readlink('/proc/self/fd/69') failed: Permission denied [fd=69]
12-17 11:31:12.636 E/linker  ( 6713): warning: unable to get realpath for the library "/data/user/0/com.tencent.mm/app_tbs/core_share/libcommon_basemodule_jni.so". Will use given name.
12-17 11:31:12.638 E/linker  ( 6713): readlink('/proc/self/fd/69') failed: Permission denied [fd=69]
12-17 11:31:12.639 E/linker  ( 6713): warning: unable to get realpath for the library "/data/user/0/com.tencent.mm/app_tbs/core_share/libmttwebview.so". Will use given name.
12-17 11:31:12.671 E/linker  ( 6713): readlink('/proc/self/fd/68') failed: Permission denied [fd=68]
12-17 11:31:12.671 E/linker  ( 6713): warning: unable to get realpath for the library "/data/user/0/com.tencent.mm/app_tbs/core_share/libmttwebview_plat_support.so". Will use given name.
12-17 11:31:12.705 E/linker  ( 6713): readlink('/proc/self/fd/71') failed: Permission denied [fd=71]
12-17 11:31:12.705 E/linker  ( 6713): warning: unable to get realpath for the library "libhwaps.so". Will use given name.
12-17 11:31:12.721 E/linker  ( 6713): readlink('/proc/self/fd/72') failed: Permission denied [fd=72]
12-17 11:31:12.721 E/linker  ( 6713): warning: unable to get realpath for the library "/data/user/0/com.tencent.mm/app_tbs/core_share/libqb_keystore.so". Will use given name.
12-17 11:31:12.793 I/TrafficMonitor(  930): expired arrive. level:-1
12-17 11:31:12.793 I/TrafficMonitor(  930): during_ms:2000,period_ms:2000
12-17 11:31:12.793 I/TrafficMonitor(  930): count:527,rx_sum:15,tx_sum:14,rxBytes:1362,during_ms:2000,rx_speed:681.0,tx_speed:1446.0,rto:1.0714285714285714
12-17 11:31:12.820 W/System.err(  930): java.lang.SecurityException: com.tencent.mm was not granted  this permission: android.permission.WRITE_SETTINGS.
12-17 11:31:12.839 W/System.err(  930): 	at android.provider.Settings.isCallingPackageAllowedToPerformAppOpsProtectedOperation(Settings.java:8587)
12-17 11:31:12.839 W/System.err(  930): 	at android.provider.Settings.checkAndNoteWriteSettingsOperation(Settings.java:8454)
12-17 11:31:12.839 W/System.err(  930): 	at com.android.providers.settings.SettingsProvider.mutateSystemSetting(SettingsProvider.java:1034)
12-17 11:31:12.839 W/System.err(  930): 	at com.android.providers.settings.SettingsProvider.insertSystemSetting(SettingsProvider.java:983)
12-17 11:31:12.839 W/System.err(  930): 	at com.android.providers.settings.SettingsProvider.call(SettingsProvider.java:296)
12-17 11:31:12.839 W/System.err(  930): 	at android.content.ContentProvider$Transport.call(ContentProvider.java:398)
12-17 11:31:12.839 W/System.err(  930): 	at android.content.ContentProviderNative.onTransact(ContentProviderNative.java:283)
12-17 11:31:12.839 W/System.err(  930): 	at android.os.Binder.execTransact(Binder.java:453)
12-17 11:31:12.841 E/DatabaseUtils(  930): Writing exception to parcel
12-17 11:31:12.841 E/DatabaseUtils(  930): java.lang.SecurityException: com.tencent.mm was not granted  this permission: android.permission.WRITE_SETTINGS.
12-17 11:31:12.841 E/DatabaseUtils(  930): 	at android.provider.Settings.isCallingPackageAllowedToPerformAppOpsProtectedOperation(Settings.java:8587)
12-17 11:31:12.841 E/DatabaseUtils(  930): 	at android.provider.Settings.checkAndNoteWriteSettingsOperation(Settings.java:8454)
12-17 11:31:12.841 E/DatabaseUtils(  930): 	at com.android.providers.settings.SettingsProvider.mutateSystemSetting(SettingsProvider.java:1034)
12-17 11:31:12.841 E/DatabaseUtils(  930): 	at com.android.providers.settings.SettingsProvider.insertSystemSetting(SettingsProvider.java:983)
12-17 11:31:12.841 E/DatabaseUtils(  930): 	at com.android.providers.settings.SettingsProvider.call(SettingsProvider.java:296)
12-17 11:31:12.841 E/DatabaseUtils(  930): 	at android.content.ContentProvider$Transport.call(ContentProvider.java:398)
12-17 11:31:12.841 E/DatabaseUtils(  930): 	at android.content.ContentProviderNative.onTransact(ContentProviderNative.java:283)
12-17 11:31:12.841 E/DatabaseUtils(  930): 	at android.os.Binder.execTransact(Binder.java:453)
12-17 11:31:12.859 W/System.err(  930): java.lang.SecurityException: com.tencent.mm was not granted  this permission: android.permission.WRITE_SETTINGS.
12-17 11:31:12.859 W/System.err(  930): 	at android.provider.Settings.isCallingPackageAllowedToPerformAppOpsProtectedOperation(Settings.java:8587)
12-17 11:31:12.859 W/System.err(  930): 	at android.provider.Settings.checkAndNoteWriteSettingsOperation(Settings.java:8454)
12-17 11:31:12.859 W/System.err(  930): 	at com.android.providers.settings.SettingsProvider.mutateSystemSetting(SettingsProvider.java:1034)
12-17 11:31:12.859 W/System.err(  930): 	at com.android.providers.settings.SettingsProvider.insertSystemSetting(SettingsProvider.java:983)
12-17 11:31:12.859 W/System.err(  930): 	at com.android.providers.settings.SettingsProvider.call(SettingsProvider.java:296)
12-17 11:31:12.859 W/System.err(  930): 	at android.content.ContentProvider$Transport.call(ContentProvider.java:398)
12-17 11:31:12.859 W/System.err(  930): 	at android.content.ContentProviderNative.onTransact(ContentProviderNative.java:283)
12-17 11:31:12.859 W/System.err(  930): 	at android.os.Binder.execTransact(Binder.java:453)
12-17 11:31:12.859 E/DatabaseUtils(  930): Writing exception to parcel
12-17 11:31:12.859 E/DatabaseUtils(  930): java.lang.SecurityException: com.tencent.mm was not granted  this permission: android.permission.WRITE_SETTINGS.
12-17 11:31:12.859 E/DatabaseUtils(  930): 	at android.provider.Settings.isCallingPackageAllowedToPerformAppOpsProtectedOperation(Settings.java:8587)
12-17 11:31:12.859 E/DatabaseUtils(  930): 	at android.provider.Settings.checkAndNoteWriteSettingsOperation(Settings.java:8454)
12-17 11:31:12.859 E/DatabaseUtils(  930): 	at com.android.providers.settings.SettingsProvider.mutateSystemSetting(SettingsProvider.java:1034)
12-17 11:31:12.859 E/DatabaseUtils(  930): 	at com.android.providers.settings.SettingsProvider.insertSystemSetting(SettingsProvider.java:983)
12-17 11:31:12.859 E/DatabaseUtils(  930): 	at com.android.providers.settings.SettingsProvider.call(SettingsProvider.java:296)
12-17 11:31:12.859 E/DatabaseUtils(  930): 	at android.content.ContentProvider$Transport.call(ContentProvider.java:398)
12-17 11:31:12.859 E/DatabaseUtils(  930): 	at android.content.ContentProviderNative.onTransact(ContentProviderNative.java:283)
12-17 11:31:12.859 E/DatabaseUtils(  930): 	at android.os.Binder.execTransact(Binder.java:453)
12-17 11:31:12.934 E/WifiConfigStore(  930): updateConfiguration freq=2412 BSSID=02:19:3b:10:eb:32 RSSI=-52 "ec@work"WPA_PSK
12-17 11:31:13.199 I/InputDispatcher(  930): touch process [30687], send to pg
12-17 11:31:13.207 I/Bluetooth_framework(  930): BluetoothManagerService:Message: 20
12-17 11:31:13.208 I/Bluetooth_framework(  930): BluetoothManagerService:Added callback: android.bluetooth.IBluetoothManagerCallback$Stub$Proxy@432ad12:true pid = 6713
12-17 11:31:13.257 E/InputReader(  930): QEEXO fs_classify_touch NULL, not calling FingerSense
12-17 11:31:13.331 E/InputReader(  930): QEEXO fs_touch_up NULL, not calling FingerSense
12-17 11:31:13.343 I/MtaSDK  (30687): [StatService(38312): null:-1] - sendFailedCount=0
12-17 11:31:13.343 I/MtaSDK  (30687): [StatService(38312): null:-1] - strategy=INSTANT
12-17 11:31:13.344 I/MID     (30687): [StatService(38312): null:-1] - read mid from sharedPreferences， key=__MTA_DEVICE_INFO__1000001
12-17 11:31:13.351 I/MID     (30687): [StatService(38312): null:-1] - read mid from InternalStorage
12-17 11:31:13.352 I/System.out(30687): onRestart
12-17 11:31:13.355 W/MID     (30687): [StatService(38312): null:-1] - java.io.FileNotFoundException: /storage/emulated/0/Tencent/mta/.mid.txt1000001: open failed: ENOENT (No such file or directory)
12-17 11:31:13.356 I/MtaSDK  (30687): [StatDispatcher(38315): null:-1] - [http://pingma.qq.com:80/mstat/report/?index=1545016521]Send request(418bytes), content:[{"ky":"Aqc1101168116","et":1,"ui":"860128037085345","mc":"02:00:00:00:00:00","ut":1,"av":"7.553","midver":"3.61","ch":"play","mid":"c0129c4bf54127e749499a302780ad48aa1cd47d","idx":9061,"si":1255344370,"ts":1545017473,"dts":0,"os":1,"pcn":"com.eclite.activity","ov":"23","md":"NEM-TL00H","jb":0,"mf":"HUAWEI","ifg":1,"pi":"com.eclite.activity.BindEmailActivity","rf":"com.eclitex.biz.ecmain.view.MainActivity","du":1}]
12-17 11:31:13.358 I/MtaSDK  (30687): [main(1): null:-1] - still foreground
12-17 11:31:13.358 I/System.out(30687): onResume
12-17 11:31:13.366 I/MtaSDK  (30687): [StatDispatcher(38315): null:-1] - http recv response status code:200, content length:9
12-17 11:31:13.367 I/MtaSDK  (30687): [StatDispatcher(38315): null:-1] - http get response data:{"ret":0}
12-17 11:31:13.385 I/gralloc (  328): Alloc req: dev=0x7fa8f82460, w=1080, h=1920, format=0x1, usage=0xb00
12-17 11:31:13.392 I/gralloc (  328): Alloc handle(0x7fa9195000): interfmt=0x200000001, stride=1088, size=8486912
12-17 11:31:13.392 I/gralloc (  328): Alloc req: dev=0x7fa8f82460, w=1080, h=1920, format=0x1, usage=0xb00
12-17 11:31:13.399 I/gralloc (  328): Alloc handle(0x7fa9196000): interfmt=0x200000001, stride=1088, size=8486912
12-17 11:31:13.399 I/gralloc (  328): Alloc req: dev=0x7fa8f82460, w=1080, h=1920, format=0x1, usage=0xb00
12-17 11:31:13.406 I/gralloc (  328): Alloc handle(0x7fa9195400): interfmt=0x200000001, stride=1088, size=8486912
12-17 11:31:13.448 I/gralloc (  328): Free handle(0x7fa9195200)
12-17 11:31:13.493 W/RMS.SmartShrinker(  930): SmartShrinker is runing in pid =6713 reclaim mode = 4
12-17 11:31:13.708 I/System  ( 6713): core_booster, getBoosterConfig = false
12-17 11:31:13.748 I/System.out(30687): onStop
12-17 11:31:13.752 I/art     (30687): Starting a blocking GC Explicit
12-17 11:31:13.764 I/gralloc (  328): Free handle(0x7fa9195100)
12-17 11:31:13.764 I/gralloc (  328): Free handle(0x7fa9195a00)
12-17 11:31:13.787 I/icumtt  ( 6713): ICU load finished. 55
12-17 11:31:13.795 I/TrafficMonitor(  930): update:rxPkts:7,txPkts:7,rxBytes:605,txBytes:1056
12-17 11:31:13.795 I/TrafficMonitor(  930): start expired. level:-1
12-17 11:31:13.795 I/TrafficMonitor(  930): gettimer:interval=2000
12-17 11:31:13.835 E/InputReader(  930): QEEXO fs_classify_touch NULL, not calling FingerSense
12-17 11:31:13.893 E/InputReader(  930): QEEXO fs_touch_up NULL, not calling FingerSense
12-17 11:31:13.894 I/art     (30687): Explicit concurrent mark sweep GC freed 17636(923KB) AllocSpace objects, 1(92KB) LOS objects, 6% free, 57MB/61MB, paused 2.657ms total 141.488ms at main thread CareAboutPauseTimes 1
12-17 11:31:13.898 I/art     (30687): Starting a blocking GC Explicit
12-17 11:31:14.028 I/art     (30687): Explicit concurrent mark sweep GC freed 3337(245KB) AllocSpace objects, 1(20KB) LOS objects, 6% free, 57MB/61MB, paused 2.490ms total 130.026ms at main thread CareAboutPauseTimes 1
12-17 11:31:14.028 I/art     (30687): Starting a blocking GC Explicit
12-17 11:31:14.054 I/memcheck( 6713): RenderProcessHostImpl
12-17 11:31:14.056 W/ResourceType( 6713): For resource 0x7f060006, entry index(6) is beyond type entryCount(6)
12-17 11:31:14.056 W/ResourceType( 6713): Failure getting entry for 0x7f060006 (t=5 e=6) (error -75)
12-17 11:31:14.154 I/art     (30687): Explicit concurrent mark sweep GC freed 41(1120B) AllocSpace objects, 0(0B) LOS objects, 6% free, 57MB/61MB, paused 2.340ms total 125.973ms at main thread CareAboutPauseTimes 1
12-17 11:31:14.208 W/jni crash monitor( 6880): JNI_OnLoad
12-17 11:31:14.427 E/InputReader(  930): QEEXO fs_classify_touch NULL, not calling FingerSense
12-17 11:31:14.476 E/InputReader(  930): QEEXO fs_touch_up NULL, not calling FingerSense
12-17 11:31:14.805 E/linker  ( 6880): readlink('/proc/self/fd/49') failed: Permission denied [fd=49]
12-17 11:31:14.805 E/linker  ( 6880): warning: unable to get realpath for the library "/data/app/com.tencent.mm-2/lib/arm/libwcdb.so". Will use given name.
12-17 11:31:14.819 I/WCDB    ( 6880): Initialize JNI module (1/11) CursorWindow...
12-17 11:31:14.819 I/WCDB    ( 6880): Initialize JNI module (2/11) FileUtils...
12-17 11:31:14.819 I/WCDB    ( 6880): Initialize JNI module (3/11) ChunkedCursorWindow...
12-17 11:31:14.820 I/WCDB    ( 6880): Initialize JNI module (4/11) SQLiteConnection...
12-17 11:31:14.820 I/WCDB    ( 6880): Initialize JNI module (5/11) SQLiteDebug...
12-17 11:31:14.820 I/WCDB    ( 6880): Initialize JNI module (6/11) SQLiteDirectCursor...
12-17 11:31:14.820 I/WCDB    ( 6880): Initialize JNI module (7/11) SQLiteGlobal...
12-17 11:31:14.821 I/WCDB    ( 6880): Initialize JNI module (8/11) DBBackup...
12-17 11:31:14.821 I/WCDB    ( 6880): Initialize JNI module (9/11) DBDumpUtil...
12-17 11:31:14.821 I/WCDB    ( 6880): Initialize JNI module (10/11) DBRepair...
12-17 11:31:14.821 I/WCDB    ( 6880): Initialize JNI module (11/11) Log...
12-17 11:31:14.823 E/linker  ( 6880): readlink('/proc/self/fd/49') failed: Permission denied [fd=49]
12-17 11:31:14.823 E/linker  ( 6880): warning: unable to get realpath for the library "/data/app/com.tencent.mm-2/lib/arm/libcommonimgdec.so". Will use given name.
12-17 11:31:14.834 E/linker  ( 6880): readlink('/proc/self/fd/49') failed: Permission denied [fd=49]
12-17 11:31:14.834 E/linker  ( 6880): warning: unable to get realpath for the library "/data/app/com.tencent.mm-2/lib/arm/libwechatcommon.so". Will use given name.
12-17 11:31:14.882 E/linker  ( 6880): readlink('/proc/self/fd/49') failed: Permission denied [fd=49]
12-17 11:31:14.882 E/linker  ( 6880): warning: unable to get realpath for the library "/data/user/0/com.tencent.mm/tinker/patch-405bd40b/lib/lib/armeabi/libwechatmm.so". Will use given name.
12-17 11:31:14.906 E/linker  ( 6880): readlink('/proc/self/fd/50') failed: Permission denied [fd=50]
12-17 11:31:14.907 E/linker  ( 6880): warning: unable to get realpath for the library "/data/app/com.tencent.mm-2/lib/arm/libwechatImgTools.so". Will use given name.
12-17 11:31:14.917 E/linker  ( 6880): readlink('/proc/self/fd/50') failed: Permission denied [fd=50]
12-17 11:31:14.917 E/linker  ( 6880): warning: unable to get realpath for the library "/data/app/com.tencent.mm-2/lib/arm/libFFmpeg.so". Will use given name.
12-17 11:31:14.936 E/linker  ( 6880): readlink('/proc/self/fd/50') failed: Permission denied [fd=50]
12-17 11:31:14.937 E/linker  ( 6880): warning: unable to get realpath for the library "/data/app/com.tencent.mm-2/lib/arm/libwechatpack.so". Will use given name.
12-17 11:31:14.946 E/WifiConfigStore(  930): updateConfiguration freq=2412 BSSID=02:19:3b:10:eb:32 RSSI=-52 "ec@work"WPA_PSK
12-17 11:31:14.947 I/QosMonitor(  930): queryRtt: rtt_type = 3
12-17 11:31:14.948 I/WifiProJNI(  930): ######### GET RTT:3 ########
12-17 11:31:14.948 I/QosMonitor(  930): postEventFromNative: msg=100,arg1=4,arg2=9
12-17 11:31:14.948 W/WifiProJNI(  930): poll before: g_monitor_fd =178
12-17 11:31:14.948 I/QosMonitor(  930): resetRtt: rtt_type = 3
12-17 11:31:14.948 I/WifiProJNI(  930): ######### RESET RTT:3 ########
12-17 11:31:14.948 I/HuaweiWifiWatchdogStateMachine(  930): spd good count:0, add sc:0.0, rate:1.0
12-17 11:31:14.948 I/HuaweiWifiWatchdogStateMachine(  930): current mHighDataFlowRate = 1.0
12-17 11:31:14.948 I/HuaweiWifiWatchdogStateMachine(  930): POta txb txg rxg:0, 37, 0. Lr =0% Totpkt=37
12-17 11:31:14.948 I/WifiProJNI(  930): ######### CMD_QUERY_PKTS ########
12-17 11:31:14.948 I/QosMonitor(  930): postEventFromNative: msg=100,arg1=0,arg2=9
12-17 11:31:14.948 W/WifiProJNI(  930): poll before: g_monitor_fd =178
12-17 11:31:14.950 I/HuaweiWifiWatchdogStateMachine(  930): PTcp RTT:130, rtt pkt=11, tcp_rx=25, tcp_tx=36, tcp_reTran=1, rtRate=0.03
12-17 11:31:14.950 I/HuaweiWifiWatchdogStateMachine(  930): rs ota tcp lr rttvb bad: false, false, false, false, false; rsth:-75
12-17 11:31:14.950 I/HuaweiWifiWatchdogStateMachine(  930): judge good link######, goodLinkLevel=3
12-17 11:31:14.951 I/HuaweiWifiWatchdogStateMachine(  930): sendResultMsgToQM bssid:02:19:**:**:eb:32, qoslevel=3
12-17 11:31:14.951 I/HuaweiWifiWatchdogStateMachine(  930): link good reported, good base rssi:-45
12-17 11:31:14.951 I/HuaweiWifiWatchdogStateMachine(  930):  pkt chk not bad, reset sc to 0.
12-17 11:31:14.954 E/linker  ( 6880): readlink('/proc/self/fd/50') failed: Permission denied [fd=50]
12-17 11:31:14.954 E/linker  ( 6880): warning: unable to get realpath for the library "/data/app/com.tencent.mm-2/lib/arm/libwechatsight_v7a.so". Will use given name.
12-17 11:31:15.198 E/linker  ( 6880): readlink('/proc/self/fd/58') failed: Permission denied [fd=58]
12-17 11:31:15.198 E/linker  ( 6880): warning: unable to get realpath for the library "/data/data/com.tencent.mm/app_tbs/core_share/tbs_sdk_extension_dex.dex". Will use given name.
12-17 11:31:15.220 E/linker  ( 6880): readlink('/proc/self/fd/56') failed: Permission denied [fd=56]
12-17 11:31:15.220 E/linker  ( 6880): warning: unable to get realpath for the library "/data/user/0/com.tencent.mm/app_tbs/core_share/libtbs_crash_handler.so". Will use given name.
12-17 11:31:15.223 I/crash_recorder( 6880): JNI_OnLoad at vm:0xf4a3c000
12-17 11:31:15.223 I/crash_recorder( 6880): starting registerNativeSignalAction...
12-17 11:31:15.236 I/MtaSDK  (30687): [StatService(38312): null:-1] - clear methodsCalledLimitMap, nextLimitCallClearTime=1545017485235
12-17 11:31:15.237 I/MtaSDK  (30687): [StatService(38312): null:-1] - sendFailedCount=0
12-17 11:31:15.237 I/MtaSDK  (30687): [StatService(38312): null:-1] - strategy=INSTANT
12-17 11:31:15.238 I/MID     (30687): [StatService(38312): null:-1] - read mid from sharedPreferences， key=__MTA_DEVICE_INFO__1000001
12-17 11:31:15.244 I/MID     (30687): [StatService(38312): null:-1] - read mid from InternalStorage
12-17 11:31:15.248 W/MID     (30687): [StatService(38312): null:-1] - java.io.FileNotFoundException: /storage/emulated/0/Tencent/mta/.mid.txt1000001: open failed: ENOENT (No such file or directory)
12-17 11:31:15.249 I/MtaSDK  (30687): [StatDispatcher(38315): null:-1] - [http://pingma.qq.com:80/mstat/report/?index=1545016522]Send request(418bytes), content:[{"ky":"Aqc1101168116","et":1,"ui":"860128037085345","mc":"02:00:00:00:00:00","ut":1,"av":"7.553","midver":"3.61","ch":"play","mid":"c0129c4bf54127e749499a302780ad48aa1cd47d","idx":9062,"si":1255344370,"ts":1545017475,"dts":0,"os":1,"pcn":"com.eclite.activity","ov":"23","md":"NEM-TL00H","jb":0,"mf":"HUAWEI","ifg":1,"pi":"com.eclitex.biz.ecmain.view.MainActivity","rf":"com.eclite.activity.BindEmailActivity","du":1}]
12-17 11:31:15.260 I/MtaSDK  (30687): [StatDispatcher(38315): null:-1] - http recv response status code:200, content length:9
12-17 11:31:15.260 I/MtaSDK  (30687): [StatDispatcher(38315): null:-1] - http get response data:{"ret":0}
12-17 11:31:15.261 E/linker  ( 6880): readlink('/proc/self/fd/57') failed: Permission denied [fd=57]
12-17 11:31:15.261 E/linker  ( 6880): warning: unable to get realpath for the library "/data/data/com.tencent.mm/app_tbs/core_share/tbs_jars_fusion_dex.dex". Will use given name.
12-17 11:31:15.290 W/System  ( 6880): ClassLoader referenced unknown path: /data/user/0/com.tencent.mm/app_tbs/share/plugins/com.tencent.qb.plugin.videodecode
12-17 11:31:15.291 E/linker  ( 6880): readlink('/proc/self/fd/56') failed: Permission denied [fd=56]
12-17 11:31:15.291 E/linker  ( 6880): warning: unable to get realpath for the library "/data/user/0/com.tencent.mm/app_tbs/core_share/libwebp_base.so". Will use given name.
12-17 11:31:15.437 W/art     ( 6880): Before Android 4.1, method void android.webview.chromium.tencent.TencentWebViewContentsClientAdapter.setDownloadListener(com.tencent.tbs.core.webkit.DownloadListener) would have incorrectly overridden the package-private method in android.webview.chromium.WebViewContentsClientAdapter
12-17 11:31:15.437 W/art     ( 6880): Before Android 4.1, method void android.webview.chromium.tencent.TencentWebViewContentsClientAdapter.setWebChromeClient(com.tencent.tbs.core.webkit.WebChromeClient) would have incorrectly overridden the package-private method in android.webview.chromium.WebViewContentsClientAdapter
12-17 11:31:15.437 W/art     ( 6880): Before Android 4.1, method void android.webview.chromium.tencent.TencentWebViewContentsClientAdapter.setWebViewClient(com.tencent.tbs.core.webkit.WebViewClient) would have incorrectly overridden the package-private method in android.webview.chromium.WebViewContentsClientAdapter
12-17 11:31:15.503 I/MtaSDK  (30687): [main(1): null:-1] - still foreground
12-17 11:31:15.503 I/System.out(30687): onResume
12-17 11:31:15.515 E/linker  ( 6880): readlink('/proc/self/fd/70') failed: Permission denied [fd=70]
12-17 11:31:15.515 E/linker  ( 6880): warning: unable to get realpath for the library "/data/data/com.tencent.mm/app_tbs/core_share/asr_base_dex.dex". Will use given name.
12-17 11:31:15.576 E/linker  ( 6880): readlink('/proc/self/fd/69') failed: Permission denied [fd=69]
12-17 11:31:15.576 E/linker  ( 6880): warning: unable to get realpath for the library "/data/user/0/com.tencent.mm/app_tbs/core_share/libcommon_basemodule_jni.so". Will use given name.
12-17 11:31:15.661 E/linker  ( 6880): readlink('/proc/self/fd/73') failed: Permission denied [fd=73]
12-17 11:31:15.662 E/linker  ( 6880): warning: unable to get realpath for the library "/data/user/0/com.tencent.mm/app_tbs/core_share/libmttwebview.so". Will use given name.
12-17 11:31:15.702 E/linker  ( 6880): readlink('/proc/self/fd/73') failed: Permission denied [fd=73]
12-17 11:31:15.702 E/linker  ( 6880): warning: unable to get realpath for the library "libhwaps.so". Will use given name.
12-17 11:31:15.702 I/gralloc (  328): Alloc req: dev=0x7fa8f82460, w=1080, h=1920, format=0x1, usage=0xb00
12-17 11:31:15.708 I/gralloc (  328): Alloc handle(0x7fa9196600): interfmt=0x200000001, stride=1088, size=8486912
12-17 11:31:15.708 I/gralloc (  328): Alloc req: dev=0x7fa8f82460, w=1080, h=1920, format=0x1, usage=0xb00
12-17 11:31:15.716 I/gralloc (  328): Alloc handle(0x7fa9196300): interfmt=0x200000001, stride=1088, size=8486912
12-17 11:31:15.716 I/gralloc (  328): Alloc req: dev=0x7fa8f82460, w=1080, h=1920, format=0x1, usage=0xb00
12-17 11:31:15.722 I/gralloc (  328): Alloc handle(0x7fa9196f00): interfmt=0x200000001, stride=1088, size=8486912
12-17 11:31:15.755 E/linker  ( 6880): readlink('/proc/self/fd/74') failed: Permission denied [fd=74]
12-17 11:31:15.755 E/linker  ( 6880): warning: unable to get realpath for the library "/data/user/0/com.tencent.mm/app_tbs/core_share/libmttwebview_plat_support.so". Will use given name.
12-17 11:31:15.787 I/ActivityManager(  930): Displayed com.eclite.activity/.TeamWorkManagerActivity: +550ms
12-17 11:31:15.792 E/linker  ( 6880): readlink('/proc/self/fd/74') failed: Permission denied [fd=74]
12-17 11:31:15.792 E/linker  ( 6880): warning: unable to get realpath for the library "/data/user/0/com.tencent.mm/app_tbs/core_share/libqb_keystore.so". Will use given name.
12-17 11:31:15.796 I/TrafficMonitor(  930): update:rxPkts:7,txPkts:7,rxBytes:1547,txBytes:1091
12-17 11:31:15.796 I/TrafficMonitor(  930): start expired. level:-1
12-17 11:31:15.796 I/TrafficMonitor(  930): gettimer:interval=2000
12-17 11:31:15.821 I/gralloc (  328): Free handle(0x7fa9195000)
12-17 11:31:15.821 I/gralloc (  328): Free handle(0x7fa9196000)
12-17 11:31:15.939 E/WifiConfigStore(  930): updateConfiguration freq=2412 BSSID=02:19:3b:10:eb:32 RSSI=-52 "ec@work"WPA_PSK
12-17 11:31:15.947 W/System.err(  930): java.lang.SecurityException: com.tencent.mm was not granted  this permission: android.permission.WRITE_SETTINGS.
12-17 11:31:15.961 W/System.err(  930): 	at android.provider.Settings.isCallingPackageAllowedToPerformAppOpsProtectedOperation(Settings.java:8587)
12-17 11:31:15.961 W/System.err(  930): 	at android.provider.Settings.checkAndNoteWriteSettingsOperation(Settings.java:8454)
12-17 11:31:15.961 W/System.err(  930): 	at com.android.providers.settings.SettingsProvider.mutateSystemSetting(SettingsProvider.java:1034)
12-17 11:31:15.961 W/System.err(  930): 	at com.android.providers.settings.SettingsProvider.insertSystemSetting(SettingsProvider.java:983)
12-17 11:31:15.962 W/System.err(  930): 	at com.android.providers.settings.SettingsProvider.call(SettingsProvider.java:296)
12-17 11:31:15.962 W/System.err(  930): 	at android.content.ContentProvider$Transport.call(ContentProvider.java:398)
12-17 11:31:15.962 W/System.err(  930): 	at android.content.ContentProviderNative.onTransact(ContentProviderNative.java:283)
12-17 11:31:15.962 W/System.err(  930): 	at android.os.Binder.execTransact(Binder.java:453)
12-17 11:31:15.963 E/DatabaseUtils(  930): Writing exception to parcel
12-17 11:31:15.963 E/DatabaseUtils(  930): java.lang.SecurityException: com.tencent.mm was not granted  this permission: android.permission.WRITE_SETTINGS.
12-17 11:31:15.963 E/DatabaseUtils(  930): 	at android.provider.Settings.isCallingPackageAllowedToPerformAppOpsProtectedOperation(Settings.java:8587)
12-17 11:31:15.963 E/DatabaseUtils(  930): 	at android.provider.Settings.checkAndNoteWriteSettingsOperation(Settings.java:8454)
12-17 11:31:15.963 E/DatabaseUtils(  930): 	at com.android.providers.settings.SettingsProvider.mutateSystemSetting(SettingsProvider.java:1034)
12-17 11:31:15.963 E/DatabaseUtils(  930): 	at com.android.providers.settings.SettingsProvider.insertSystemSetting(SettingsProvider.java:983)
12-17 11:31:15.963 E/DatabaseUtils(  930): 	at com.android.providers.settings.SettingsProvider.call(SettingsProvider.java:296)
12-17 11:31:15.963 E/DatabaseUtils(  930): 	at android.content.ContentProvider$Transport.call(ContentProvider.java:398)
12-17 11:31:15.963 E/DatabaseUtils(  930): 	at android.content.ContentProviderNative.onTransact(ContentProviderNative.java:283)
12-17 11:31:15.963 E/DatabaseUtils(  930): 	at android.os.Binder.execTransact(Binder.java:453)
12-17 11:31:15.976 W/System.err(  930): java.lang.SecurityException: com.tencent.mm was not granted  this permission: android.permission.WRITE_SETTINGS.
12-17 11:31:15.977 W/System.err(  930): 	at android.provider.Settings.isCallingPackageAllowedToPerformAppOpsProtectedOperation(Settings.java:8587)
12-17 11:31:15.977 W/System.err(  930): 	at android.provider.Settings.checkAndNoteWriteSettingsOperation(Settings.java:8454)
12-17 11:31:15.977 W/System.err(  930): 	at com.android.providers.settings.SettingsProvider.mutateSystemSetting(SettingsProvider.java:1034)
12-17 11:31:15.977 W/System.err(  930): 	at com.android.providers.settings.SettingsProvider.insertSystemSetting(SettingsProvider.java:983)
12-17 11:31:15.977 W/System.err(  930): 	at com.android.providers.settings.SettingsProvider.call(SettingsProvider.java:296)
12-17 11:31:15.977 W/System.err(  930): 	at android.content.ContentProvider$Transport.call(ContentProvider.java:398)
12-17 11:31:15.977 W/System.err(  930): 	at android.content.ContentProviderNative.onTransact(ContentProviderNative.java:283)
12-17 11:31:15.977 W/System.err(  930): 	at android.os.Binder.execTransact(Binder.java:453)
12-17 11:31:15.977 E/DatabaseUtils(  930): Writing exception to parcel
12-17 11:31:15.977 E/DatabaseUtils(  930): java.lang.SecurityException: com.tencent.mm was not granted  this permission: android.permission.WRITE_SETTINGS.
12-17 11:31:15.977 E/DatabaseUtils(  930): 	at android.provider.Settings.isCallingPackageAllowedToPerformAppOpsProtectedOperation(Settings.java:8587)
12-17 11:31:15.977 E/DatabaseUtils(  930): 	at android.provider.Settings.checkAndNoteWriteSettingsOperation(Settings.java:8454)
12-17 11:31:15.977 E/DatabaseUtils(  930): 	at com.android.providers.settings.SettingsProvider.mutateSystemSetting(SettingsProvider.java:1034)
12-17 11:31:15.977 E/DatabaseUtils(  930): 	at com.android.providers.settings.SettingsProvider.insertSystemSetting(SettingsProvider.java:983)
12-17 11:31:15.977 E/DatabaseUtils(  930): 	at com.android.providers.settings.SettingsProvider.call(SettingsProvider.java:296)
12-17 11:31:15.977 E/DatabaseUtils(  930): 	at android.content.ContentProvider$Transport.call(ContentProvider.java:398)
12-17 11:31:15.977 E/DatabaseUtils(  930): 	at android.content.ContentProviderNative.onTransact(ContentProviderNative.java:283)
12-17 11:31:15.977 E/DatabaseUtils(  930): 	at android.os.Binder.execTransact(Binder.java:453)
12-17 11:31:16.147 I/gralloc (  328): Free handle(0x7fa9195400)
12-17 11:31:16.147 I/System.out(30687): onStop
12-17 11:31:16.184 E/linker  ( 6880): readlink('/proc/self/fd/84') failed: Permission denied [fd=84]
12-17 11:31:16.185 E/linker  ( 6880): warning: unable to get realpath for the library "/data/app/com.tencent.mm-2/lib/arm/libconfService.so". Will use given name.
12-17 11:31:16.189 E/linker  ( 6880): readlink('/proc/self/fd/84') failed: Permission denied [fd=84]
12-17 11:31:16.189 E/linker  ( 6880): warning: unable to get realpath for the library "libmarsbridgenetwork.so". Will use given name.
12-17 11:31:16.209 E/linker  ( 6880): readlink('/proc/self/fd/84') failed: Permission denied [fd=84]
12-17 11:31:16.209 E/linker  ( 6880): warning: unable to get realpath for the library "libmarsbridgexlog.so". Will use given name.
12-17 11:31:16.292 I/Bluetooth_framework(  930): BluetoothManagerService:Message: 20
12-17 11:31:16.292 I/Bluetooth_framework(  930): BluetoothManagerService:Added callback: android.bluetooth.IBluetoothManagerCallback$Stub$Proxy@fe81d0f:true pid = 6880
12-17 11:31:16.372 W/RMS.SmartShrinker(  930): SmartShrinker is runing in pid =6880 reclaim mode = 4
12-17 11:31:16.405 I/System  ( 6880): core_booster, getBoosterConfig = false
12-17 11:31:16.433 I/icumtt  ( 6880): ICU load finished. 55
12-17 11:31:16.525 I/memcheck( 6880): RenderProcessHostImpl
12-17 11:31:16.527 W/ResourceType( 6880): For resource 0x7f060006, entry index(6) is beyond type entryCount(6)
12-17 11:31:16.527 W/ResourceType( 6880): Failure getting entry for 0x7f060006 (t=5 e=6) (error -75)
12-17 11:31:16.626 E/Thermal-daemon(  464): [Thermal_Hw] temperature_valid, battery : temperature is invalid, invalid temperatrue is 31
12-17 11:31:16.627 E/Thermal-daemon(  464): [Thermal_Hw] temperature_filter: get invalid temperature, use old temp
12-17 11:31:16.832 I/HiH_HiSyncControl(13380): 90003362|broadcastSync begin dataType is 10004
12-17 11:31:16.882 I/HiH_HiSyncControl(13380): 90003362|startSync hiSyncOption = HiSyncOption{syncAction=5, syncMethod=2, syncScope=0, syncDataType=10004, syncModel=2, pushAction=0, syncDay=0, syncType=0},app = 1 who = 1
12-17 11:31:16.907 I/HiH_    (13380): 90003362|initUserConferPrivacy the userConferPrivacy is true
12-17 11:31:16.908 I/HiH_    (13380): 90003362|initSportDataPrivacy the sportDataPrivacy is true
12-17 11:31:16.909 I/HiH_    (13380): 90003362|initUserPrivacy the userPrivacy is true
12-17 11:31:16.910 I/HiH_    (13380): 90003362|initHealthDataPrivacy the healthDataPrivacy is true
12-17 11:31:16.918 W/HiH_HiSyncControl(13380): 90003362|isLogin such app can not sync , app is 1
12-17 11:31:16.918 W/HiH_HiSyncControl(13380): 90003362|ifCanSync not! not login in database
12-17 11:31:16.918 I/HiH_HiBroadcastUtil(13380): 90003362|sendSyncFailedBroadcast
12-17 11:31:16.920 I/SendBroadcastPermission(13380): action:com.huawei.hihealth.action_sync, mPermissionType:0
12-17 11:31:17.233 E/InputReader(  930): QEEXO fs_classify_touch NULL, not calling FingerSense
12-17 11:31:17.332 E/InputReader(  930): QEEXO fs_touch_up NULL, not calling FingerSense
12-17 11:31:17.798 I/TrafficMonitor(  930): update:rxPkts:4,txPkts:4,rxBytes:391,txBytes:354
12-17 11:31:17.798 I/TrafficMonitor(  930): start expired. level:-1
12-17 11:31:17.798 I/TrafficMonitor(  930): gettimer:interval=2000
12-17 11:31:18.531 I/InputDispatcher(  930): touch process [30687], send to pg
12-17 11:31:18.795 I/TrafficMonitor(  930): expired arrive. level:-1
12-17 11:31:18.796 I/TrafficMonitor(  930): during_ms:2002,period_ms:2000
12-17 11:31:18.796 I/TrafficMonitor(  930): count:530,rx_sum:4,tx_sum:4,rxBytes:391,during_ms:2002,rx_speed:195.30469530469531,tx_speed:176.82317682317685,rto:1.0
12-17 11:31:18.911 E/InputReader(  930): QEEXO fs_classify_touch NULL, not calling FingerSense
12-17 11:31:18.952 E/WifiConfigStore(  930): updateConfiguration freq=2412 BSSID=02:19:3b:10:eb:32 RSSI=-54 "ec@work"WPA_PSK
12-17 11:31:19.035 E/InputReader(  930): QEEXO fs_touch_up NULL, not calling FingerSense
12-17 11:31:19.046 I/MtaSDK  (30687): [StatService(38312): null:-1] - sendFailedCount=0
12-17 11:31:19.046 I/MtaSDK  (30687): [StatService(38312): null:-1] - strategy=INSTANT
12-17 11:31:19.047 I/MID     (30687): [StatService(38312): null:-1] - read mid from sharedPreferences， key=__MTA_DEVICE_INFO__1000001
12-17 11:31:19.052 I/MID     (30687): [StatService(38312): null:-1] - read mid from InternalStorage
12-17 11:31:19.056 I/System.out(30687): onRestart
12-17 11:31:19.057 W/MID     (30687): [StatService(38312): null:-1] - java.io.FileNotFoundException: /storage/emulated/0/Tencent/mta/.mid.txt1000001: open failed: ENOENT (No such file or directory)
12-17 11:31:19.058 I/MtaSDK  (30687): [StatDispatcher(38315): null:-1] - [http://pingma.qq.com:80/mstat/report/?index=1545016523]Send request(424bytes), content:[{"ky":"Aqc1101168116","et":1,"ui":"860128037085345","mc":"02:00:00:00:00:00","ut":1,"av":"7.553","midver":"3.61","ch":"play","mid":"c0129c4bf54127e749499a302780ad48aa1cd47d","idx":9063,"si":1255344370,"ts":1545017479,"dts":0,"os":1,"pcn":"com.eclite.activity","ov":"23","md":"NEM-TL00H","jb":0,"mf":"HUAWEI","ifg":1,"pi":"com.eclite.activity.TeamWorkManagerActivity","rf":"com.eclitex.biz.ecmain.view.MainActivity","du":3}]
12-17 11:31:19.059 I/MtaSDK  (30687): [main(1): null:-1] - still foreground
12-17 11:31:19.059 I/System.out(30687): onResume
12-17 11:31:19.083 I/MtaSDK  (30687): [StatDispatcher(38315): null:-1] - http recv response status code:200, content length:9
12-17 11:31:19.083 I/MtaSDK  (30687): [StatDispatcher(38315): null:-1] - http get response data:{"ret":0}
12-17 11:31:19.139 I/InputDispatcher(  930): Dropping event because there is no touchable window at (581, 521).
12-17 11:31:19.153 I/gralloc (  328): Alloc req: dev=0x7fa8f82460, w=1080, h=1920, format=0x1, usage=0xb00
12-17 11:31:19.159 I/gralloc (  328): Alloc handle(0x7fa9196000): interfmt=0x200000001, stride=1088, size=8486912
12-17 11:31:19.159 I/gralloc (  328): Alloc req: dev=0x7fa8f82460, w=1080, h=1920, format=0x1, usage=0xb00
12-17 11:31:19.165 I/gralloc (  328): Alloc handle(0x7fa9195000): interfmt=0x200000001, stride=1088, size=8486912
12-17 11:31:19.165 I/gralloc (  328): Alloc req: dev=0x7fa8f82460, w=1080, h=1920, format=0x1, usage=0xb00
12-17 11:31:19.170 I/gralloc (  328): Alloc handle(0x7fa9196400): interfmt=0x200000001, stride=1088, size=8486912
12-17 11:31:19.363 I/gralloc (  328): Free handle(0x7fa9196600)
12-17 11:31:19.413 I/HwPowerMonitor.PowerExceptionObservable( 2392): unhandled onEvent actionID: 3002
12-17 11:31:19.468 E/InputReader(  930): QEEXO fs_classify_touch NULL, not calling FingerSense
12-17 11:31:19.517 I/Bluetooth_app(26678): HeadsetStateMachine:Disconnected process message: 10, size: 0
12-17 11:31:19.525 W/HwPowerMonitor.DayActObserver( 2392): mModemLogStatsTimes = 0, ModemLogState = 0
12-17 11:31:19.526 W/HwPowerMonitor.DayActObserver( 2392): BAT_CHANGED, mIsScrnOffBatStatsEnabled = true, mIsCharging = true, mIsScrnOfBatDropMonitorStart = false
12-17 11:31:19.543 E/InputReader(  930): QEEXO fs_touch_up NULL, not calling FingerSense
12-17 11:31:19.679 I/System.out(30687): onStop
12-17 11:31:19.679 I/gralloc (  328): Free handle(0x7fa9196f00)
12-17 11:31:19.679 I/gralloc (  328): Free handle(0x7fa9196300)
12-17 11:31:19.799 I/TrafficMonitor(  930): update:rxPkts:4,txPkts:3,rxBytes:591,txBytes:708
12-17 11:31:19.799 I/TrafficMonitor(  930): start expired. level:-1
12-17 11:31:19.799 I/TrafficMonitor(  930): gettimer:interval=2000
12-17 11:31:19.932 E/InputReader(  930): QEEXO fs_classify_touch NULL, not calling FingerSense
12-17 11:31:19.973 E/InputReader(  930): QEEXO fs_touch_up NULL, not calling FingerSense
12-17 11:31:20.040 I/System.out(30687): setClogUnReadCount 1
12-17 11:31:20.052 I/HwLauncher( 2444): Launcher.LauncherProvider  launcher-change_badge call - method:change_badge arg:null extras:Bundle[{package=com.eclite.activity, badgenumber=1, class=com.eclite.activity.AppStartActivity}] uid =10165 pid =30687
12-17 11:31:20.052 I/HwLauncher( 2444): Launcher.Settings  isChangeBadgeEnable = true
12-17 11:31:20.052 I/HwLauncher( 2444): Launcher.Settings  isOpenModeChangeBadgeEnable = true
12-17 11:31:20.054 I/HwLauncher( 2444): Launcher.LauncherProvider  rperm===com.huawei.android.launcher.permission.CHANGE_BADGE
12-17 11:31:20.054 I/HwLauncher( 2444): Launcher.LauncherProvider  begin check permission at checkPathPermissionForChangeBadge()
12-17 11:31:20.056 I/HwLauncher( 2444): Launcher.LauncherProvider  call isCloned = false  className = com.eclite.activity.AppStartActivity
12-17 11:31:20.060 I/HwLauncher( 2444): Launcher.LauncherProvider  badge table already has item ,execut update operation
12-17 11:31:20.071 I/HwLauncher( 2444): BadgeContentObserver onChange() : mComponentName = ComponentInfo{com.eclite.activity/com.eclite.activity.AppStartActivity} com.huawei.android.launcher.BadgeContentObserver@3ed9de2
12-17 11:31:20.218 E/InputReader(  930): QEEXO fs_classify_touch NULL, not calling FingerSense
12-17 11:31:20.226 E/InputReader(  930): QEEXO fs_touch_up NULL, not calling FingerSense
12-17 11:31:20.257 I/System.out(30687): setClogUnReadCount 1
12-17 11:31:20.261 I/HwLauncher( 2444): Launcher.LauncherProvider  launcher-change_badge call - method:change_badge arg:null extras:Bundle[{package=com.eclite.activity, badgenumber=1, class=com.eclite.activity.AppStartActivity}] uid =10165 pid =30687
12-17 11:31:20.261 I/HwLauncher( 2444): Launcher.Settings  isChangeBadgeEnable = true
12-17 11:31:20.261 I/HwLauncher( 2444): Launcher.Settings  isOpenModeChangeBadgeEnable = true
12-17 11:31:20.261 I/HwLauncher( 2444): Launcher.LauncherProvider  rperm===com.huawei.android.launcher.permission.CHANGE_BADGE
12-17 11:31:20.261 I/HwLauncher( 2444): Launcher.LauncherProvider  begin check permission at checkPathPermissionForChangeBadge()
12-17 11:31:20.261 I/HwLauncher( 2444): Launcher.LauncherProvider  call isCloned = false  className = com.eclite.activity.AppStartActivity
12-17 11:31:20.262 I/HwLauncher( 2444): Launcher.LauncherProvider  badge table already has item ,execut update operation
12-17 11:31:20.267 I/HwLauncher( 2444): BadgeContentObserver onChange() : mComponentName = ComponentInfo{com.eclite.activity/com.eclite.activity.AppStartActivity} com.huawei.android.launcher.BadgeContentObserver@3ed9de2
12-17 11:31:20.759 I/PgedBinderListener( 2354): kstate callback type:16 value1=1370 value2=CALLED
12-17 11:31:20.769 I/MtaSDK  (30687): [StatService(38312): null:-1] - sendFailedCount=0
12-17 11:31:20.769 I/MtaSDK  (30687): [StatService(38312): null:-1] - strategy=INSTANT
12-17 11:31:20.770 I/MID     (30687): [StatService(38312): null:-1] - read mid from sharedPreferences， key=__MTA_DEVICE_INFO__1000001
12-17 11:31:20.775 I/MID     (30687): [StatService(38312): null:-1] - read mid from InternalStorage
12-17 11:31:20.776 I/HwLauncher( 2444): Launcher.LauncherProvider  queried count: 1
12-17 11:31:20.777 I/HwLauncher( 2444): BadgeContentObserver  getBadgeNumber: 1 mComponentName :ComponentInfo{com.eclite.activity/com.eclite.activity.AppStartActivity}
12-17 11:31:20.778 W/MID     (30687): [StatService(38312): null:-1] - java.io.FileNotFoundException: /storage/emulated/0/Tencent/mta/.mid.txt1000001: open failed: ENOENT (No such file or directory)
12-17 11:31:20.779 I/HwLauncher( 2444): BadgeContentObserver newBadgeNumber:1,oldBadgeNumber:1 mComponentName : ComponentInfo{com.eclite.activity/com.eclite.activity.AppStartActivity}
12-17 11:31:20.779 I/MtaSDK  (30687): [StatDispatcher(38315): null:-1] - [http://pingma.qq.com:80/mstat/report/?index=1545016524]Send request(424bytes), content:[{"ky":"Aqc1101168116","et":1,"ui":"860128037085345","mc":"02:00:00:00:00:00","ut":1,"av":"7.553","midver":"3.61","ch":"play","mid":"c0129c4bf54127e749499a302780ad48aa1cd47d","idx":9064,"si":1255344370,"ts":1545017480,"dts":0,"os":1,"pcn":"com.eclite.activity","ov":"23","md":"NEM-TL00H","jb":0,"mf":"HUAWEI","ifg":1,"pi":"com.eclitex.biz.ecmain.view.MainActivity","rf":"com.eclite.activity.TeamWorkManagerActivity","du":1}]
12-17 11:31:20.800 I/MtaSDK  (30687): [StatDispatcher(38315): null:-1] - http recv response status code:200, content length:9
12-17 11:31:20.800 I/MtaSDK  (30687): [StatDispatcher(38315): null:-1] - http get response data:{"ret":0}
12-17 11:31:20.835 E/DiskLruCacheHelper(30687): not find entry , or entry.readable = false
12-17 11:31:21.019 I/InputDispatcher(  930): Dropping event because there is no touchable window at (461, 1474).
12-17 11:31:21.085 I/art     (30687): GC statistics: 1 time(s), freed 36545(2MB) objects, paused 2.722ms total 66.295ms
12-17 11:31:21.085 I/art     (30687): Background partial concurrent mark sweep GC freed 53575(3MB) AllocSpace objects, 2(104KB) LOS objects, 6% free, 59MB/63MB, paused 5.367ms total 157.228ms at HeapTaskDaemon thread CareAboutPauseTimes 1
12-17 11:31:21.253 I/MtaSDK  (30687): [main(1): null:-1] - still foreground
12-17 11:31:21.316 I/gralloc (  328): Alloc req: dev=0x7fa8f82460, w=1080, h=1920, format=0x1, usage=0xb00
